../Drivers/STM32WBxx_HAL_Driver/Inc/stm32wbxx_ll_rcc.h:1500:26:LL_RCC_HSI_IsReady	0	static
../Drivers/STM32WBxx_HAL_Driver/Inc/stm32wbxx_ll_rcc.h:1725:26:LL_RCC_LSE_IsReady	0	static
../Drivers/STM32WBxx_HAL_Driver/Inc/stm32wbxx_ll_rcc.h:1773:26:LL_RCC_LSI1_IsReady	0	static
../Drivers/STM32WBxx_HAL_Driver/Inc/stm32wbxx_ll_rcc.h:1811:26:LL_RCC_LSI2_IsReady	0	static
../Drivers/STM32WBxx_HAL_Driver/Src/stm32wbxx_hal_rcc_ex.c:147:19:HAL_RCCEx_PeriphCLKConfig	16	static
../Drivers/STM32WBxx_HAL_Driver/Src/stm32wbxx_hal_rcc_ex.c:1138:10:HAL_RCCEx_GetRngCLKSource	0	static
../Drivers/STM32WBxx_HAL_Driver/Src/stm32wbxx_hal_rcc_ex.c:439:6:HAL_RCCEx_GetPeriphCLKConfig	8	static
../Drivers/STM32WBxx_HAL_Driver/Src/stm32wbxx_hal_rcc_ex.c:550:10:HAL_RCCEx_GetPeriphCLKFreq	8	static
../Drivers/STM32WBxx_HAL_Driver/Src/stm32wbxx_hal_rcc_ex.c:1279:6:HAL_RCCEx_WakeUpStopCLKConfig	0	static
../Drivers/STM32WBxx_HAL_Driver/Src/stm32wbxx_hal_rcc_ex.c:1293:6:HAL_RCCEx_EnableLSECSS	0	static
../Drivers/STM32WBxx_HAL_Driver/Src/stm32wbxx_hal_rcc_ex.c:1303:6:HAL_RCCEx_DisableLSECSS	0	static
../Drivers/STM32WBxx_HAL_Driver/Src/stm32wbxx_hal_rcc_ex.c:1316:6:HAL_RCCEx_EnableLSECSS_IT	0	static
../Drivers/STM32WBxx_HAL_Driver/Src/stm32wbxx_hal_rcc_ex.c:1350:13:HAL_RCCEx_LSECSS_Callback	0	static
../Drivers/STM32WBxx_HAL_Driver/Src/stm32wbxx_hal_rcc_ex.c:1333:6:HAL_RCCEx_LSECSS_IRQHandler	8	static
../Drivers/STM32WBxx_HAL_Driver/Src/stm32wbxx_hal_rcc_ex.c:1371:6:HAL_RCCEx_LSCOConfig	40	static
../Drivers/STM32WBxx_HAL_Driver/Src/stm32wbxx_hal_rcc_ex.c:1449:6:HAL_RCCEx_EnableLSCO	0	static
../Drivers/STM32WBxx_HAL_Driver/Src/stm32wbxx_hal_rcc_ex.c:1462:6:HAL_RCCEx_DisableLSCO	0	static
../Drivers/STM32WBxx_HAL_Driver/Src/stm32wbxx_hal_rcc_ex.c:1473:6:HAL_RCCEx_EnableMSIPLLMode	0	static
../Drivers/STM32WBxx_HAL_Driver/Src/stm32wbxx_hal_rcc_ex.c:1483:6:HAL_RCCEx_DisableMSIPLLMode	0	static
../Drivers/STM32WBxx_HAL_Driver/Src/stm32wbxx_hal_rcc_ex.c:1499:19:HAL_RCCEx_TrimOsc	8	static
