../Drivers/STM32WBxx_HAL_Driver/Inc/stm32wbxx_ll_exti.h:391:22:LL_EXTI_EnableIT_32_63	16	static
../Drivers/STM32WBxx_HAL_Driver/Inc/stm32wbxx_ll_bus.h:539:22:LL_AHB2_GRP1_EnableClock	24	static
../Drivers/STM32WBxx_HAL_Driver/Inc/stm32wbxx_ll_bus.h:1636:22:LL_C2_AHB2_GRP1_EnableClock	24	static
../Core/Src/app_debug.c:177:6:APPD_Init	8	static
../Core/Src/app_debug.c:223:6:APPD_EnableCPU2	48	static
../Core/Src/app_debug.c:258:13:APPD_SetCPU2GpioConfig	40	static
../Core/Src/app_debug.c:337:13:APPD_BleDtbCfg	4	static
