../Drivers/STM32WBxx_HAL_Driver/Inc/stm32wbxx_ll_bus.h:539:22:LL_AHB2_GRP1_EnableClock	1
../Core/Src/main.c:84:5:main	5
../Core/Src/main.c:162:6:biases_to_buffer	1
../Core/Src/main.c:186:6:set_up_icm20948_dmp	4
../Core/Src/main.c:200:6:orientation_into_buffer	1
../Core/Src/main.c:222:6:SystemClock_Config	3
../Core/Src/main.c:262:6:PeriphCommonClock_Config	2
../Core/Src/main.c:281:13:MX_I2C1_Init	4
../Core/Src/main.c:329:13:MX_IPCC_Init	2
../Core/Src/main.c:355:13:MX_RF_Init	1
../Core/Src/main.c:376:13:MX_RTC_Init	3
../Core/Src/main.c:418:13:MX_GPIO_Init	1
../Core/Src/main.c:446:6:Error_Handler	1
