Archive member included to satisfy reference by file (symbol)

/opt/stm32cubeide/plugins/com.st.stm32cube.ide.mcu.externaltools.gnu-tools-for-stm32.12.3.rel1.linux64_1.0.200.202406132123/tools/bin/../lib/gcc/arm-none-eabi/12.3.1/../../../../arm-none-eabi/lib/thumb/v7e-m+fp/hard/libc_nano.a(libc_a-exit.o)
                              /opt/stm32cubeide/plugins/com.st.stm32cube.ide.mcu.externaltools.gnu-tools-for-stm32.12.3.rel1.linux64_1.0.200.202406132123/tools/bin/../lib/gcc/arm-none-eabi/12.3.1/../../../../arm-none-eabi/lib/thumb/v7e-m+fp/hard/crt0.o (exit)
/opt/stm32cubeide/plugins/com.st.stm32cube.ide.mcu.externaltools.gnu-tools-for-stm32.12.3.rel1.linux64_1.0.200.202406132123/tools/bin/../lib/gcc/arm-none-eabi/12.3.1/../../../../arm-none-eabi/lib/thumb/v7e-m+fp/hard/libc_nano.a(libc_a-findfp.o)
                              /opt/stm32cubeide/plugins/com.st.stm32cube.ide.mcu.externaltools.gnu-tools-for-stm32.12.3.rel1.linux64_1.0.200.202406132123/tools/bin/../lib/gcc/arm-none-eabi/12.3.1/../../../../arm-none-eabi/lib/thumb/v7e-m+fp/hard/libc_nano.a(libc_a-exit.o) (__stdio_exit_handler)
/opt/stm32cubeide/plugins/com.st.stm32cube.ide.mcu.externaltools.gnu-tools-for-stm32.12.3.rel1.linux64_1.0.200.202406132123/tools/bin/../lib/gcc/arm-none-eabi/12.3.1/../../../../arm-none-eabi/lib/thumb/v7e-m+fp/hard/libc_nano.a(libc_a-fwalk.o)
                              /opt/stm32cubeide/plugins/com.st.stm32cube.ide.mcu.externaltools.gnu-tools-for-stm32.12.3.rel1.linux64_1.0.200.202406132123/tools/bin/../lib/gcc/arm-none-eabi/12.3.1/../../../../arm-none-eabi/lib/thumb/v7e-m+fp/hard/libc_nano.a(libc_a-findfp.o) (_fwalk_sglue)
/opt/stm32cubeide/plugins/com.st.stm32cube.ide.mcu.externaltools.gnu-tools-for-stm32.12.3.rel1.linux64_1.0.200.202406132123/tools/bin/../lib/gcc/arm-none-eabi/12.3.1/../../../../arm-none-eabi/lib/thumb/v7e-m+fp/hard/libc_nano.a(libc_a-printf.o)
                              ./Middlewares/ST/STM32_WPAN/utilities/dbg_trace.o (printf)
/opt/stm32cubeide/plugins/com.st.stm32cube.ide.mcu.externaltools.gnu-tools-for-stm32.12.3.rel1.linux64_1.0.200.202406132123/tools/bin/../lib/gcc/arm-none-eabi/12.3.1/../../../../arm-none-eabi/lib/thumb/v7e-m+fp/hard/libc_nano.a(libc_a-stdio.o)
                              /opt/stm32cubeide/plugins/com.st.stm32cube.ide.mcu.externaltools.gnu-tools-for-stm32.12.3.rel1.linux64_1.0.200.202406132123/tools/bin/../lib/gcc/arm-none-eabi/12.3.1/../../../../arm-none-eabi/lib/thumb/v7e-m+fp/hard/libc_nano.a(libc_a-findfp.o) (__sread)
/opt/stm32cubeide/plugins/com.st.stm32cube.ide.mcu.externaltools.gnu-tools-for-stm32.12.3.rel1.linux64_1.0.200.202406132123/tools/bin/../lib/gcc/arm-none-eabi/12.3.1/../../../../arm-none-eabi/lib/thumb/v7e-m+fp/hard/libc_nano.a(libc_a-vprintf.o)
                              ./Middlewares/ST/STM32_WPAN/utilities/dbg_trace.o (vprintf)
/opt/stm32cubeide/plugins/com.st.stm32cube.ide.mcu.externaltools.gnu-tools-for-stm32.12.3.rel1.linux64_1.0.200.202406132123/tools/bin/../lib/gcc/arm-none-eabi/12.3.1/../../../../arm-none-eabi/lib/thumb/v7e-m+fp/hard/libc_nano.a(libc_a-memcmp.o)
                              ./Core/Src/ICM_20948_INV.o (memcmp)
/opt/stm32cubeide/plugins/com.st.stm32cube.ide.mcu.externaltools.gnu-tools-for-stm32.12.3.rel1.linux64_1.0.200.202406132123/tools/bin/../lib/gcc/arm-none-eabi/12.3.1/../../../../arm-none-eabi/lib/thumb/v7e-m+fp/hard/libc_nano.a(libc_a-memset.o)
                              /opt/stm32cubeide/plugins/com.st.stm32cube.ide.mcu.externaltools.gnu-tools-for-stm32.12.3.rel1.linux64_1.0.200.202406132123/tools/bin/../lib/gcc/arm-none-eabi/12.3.1/../../../../arm-none-eabi/lib/thumb/v7e-m+fp/hard/crt0.o (memset)
/opt/stm32cubeide/plugins/com.st.stm32cube.ide.mcu.externaltools.gnu-tools-for-stm32.12.3.rel1.linux64_1.0.200.202406132123/tools/bin/../lib/gcc/arm-none-eabi/12.3.1/../../../../arm-none-eabi/lib/thumb/v7e-m+fp/hard/libc_nano.a(libc_a-strrchr.o)
                              ./Middlewares/ST/STM32_WPAN/utilities/dbg_trace.o (strrchr)
/opt/stm32cubeide/plugins/com.st.stm32cube.ide.mcu.externaltools.gnu-tools-for-stm32.12.3.rel1.linux64_1.0.200.202406132123/tools/bin/../lib/gcc/arm-none-eabi/12.3.1/../../../../arm-none-eabi/lib/thumb/v7e-m+fp/hard/libc_nano.a(libc_a-closer.o)
                              /opt/stm32cubeide/plugins/com.st.stm32cube.ide.mcu.externaltools.gnu-tools-for-stm32.12.3.rel1.linux64_1.0.200.202406132123/tools/bin/../lib/gcc/arm-none-eabi/12.3.1/../../../../arm-none-eabi/lib/thumb/v7e-m+fp/hard/libc_nano.a(libc_a-stdio.o) (_close_r)
/opt/stm32cubeide/plugins/com.st.stm32cube.ide.mcu.externaltools.gnu-tools-for-stm32.12.3.rel1.linux64_1.0.200.202406132123/tools/bin/../lib/gcc/arm-none-eabi/12.3.1/../../../../arm-none-eabi/lib/thumb/v7e-m+fp/hard/libc_nano.a(libc_a-reent.o)
[...]
Memory Configuration

Name             Origin             Length             Attributes
FLASH            0x08000000         0x0001b800         xr
RAM1             0x20000008         0x00002ff8         xrw
RAM_SHARED       0x20030000         0x00002800         xrw
*default*        0x00000000         0xffffffff

Linker script and memory map

LOAD /opt/stm32cubeide/plugins/com.st.stm32cube.ide.mcu.externaltools.gnu-tools-for-stm32.12.3.rel1.linux64_1.0.200.202406132123/tools/bin/../lib/gcc/arm-none-eabi/12.3.1/thumb/v7e-m+fp/hard/crti.o
LOAD /opt/stm32cubeide/plugins/com.st.stm32cube.ide.mcu.externaltools.gnu-tools-for-stm32.12.3.rel1.linux64_1.0.200.202406132123/tools/bin/../lib/gcc/arm-none-eabi/12.3.1/thumb/v7e-m+fp/hard/crtbegin.o
LOAD /opt/stm32cubeide/plugins/com.st.stm32cube.ide.mcu.externaltools.gnu-tools-for-stm32.12.3.rel1.linux64_1.0.200.202406132123/tools/bin/../lib/gcc/arm-none-eabi/12.3.1/../../../../arm-none-eabi/lib/thumb/v7e-m+fp/hard/crt0.o
LOAD ./Core/Src/ICM_20948_INV.o
LOAD ./Core/Src/app_debug.o
LOAD ./Core/Src/app_entry.o
LOAD ./Core/Src/hw_timerserver.o
LOAD ./Core/Src/main.o
LOAD ./Core/Src/pb_helper.o
LOAD ./Core/Src/standby.o
LOAD ./Core/Src/stm32_lpm_if.o
LOAD ./Core/Src/stm32wbxx_hal_msp.o
LOAD ./Core/Src/stm32wbxx_it.o
LOAD ./Core/Src/syscalls.o
LOAD ./Core/Src/sysmem.o
LOAD ./Core/Src/system_stm32wbxx.o
LOAD ./Core/Startup/startup_stm32wb10ccux.o
LOAD ./Drivers/STM32WBxx_HAL_Driver/Src/stm32wbxx_hal.o
LOAD ./Drivers/STM32WBxx_HAL_Driver/Src/stm32wbxx_hal_cortex.o
LOAD ./Drivers/STM32WBxx_HAL_Driver/Src/stm32wbxx_hal_dma.o
LOAD ./Drivers/STM32WBxx_HAL_Driver/Src/stm32wbxx_hal_dma_ex.o
LOAD ./Drivers/STM32WBxx_HAL_Driver/Src/stm32wbxx_hal_exti.o
LOAD ./Drivers/STM32WBxx_HAL_Driver/Src/stm32wbxx_hal_flash.o
LOAD ./Drivers/STM32WBxx_HAL_Driver/Src/stm32wbxx_hal_flash_ex.o
LOAD ./Drivers/STM32WBxx_HAL_Driver/Src/stm32wbxx_hal_gpio.o
LOAD ./Drivers/STM32WBxx_HAL_Driver/Src/stm32wbxx_hal_hsem.o
LOAD ./Drivers/STM32WBxx_HAL_Driver/Src/stm32wbxx_hal_i2c.o
LOAD ./Drivers/STM32WBxx_HAL_Driver/Src/stm32wbxx_hal_i2c_ex.o
LOAD ./Drivers/STM32WBxx_HAL_Driver/Src/stm32wbxx_hal_ipcc.o
LOAD ./Drivers/STM32WBxx_HAL_Driver/Src/stm32wbxx_hal_pwr.o
LOAD ./Drivers/STM32WBxx_HAL_Driver/Src/stm32wbxx_hal_pwr_ex.o
LOAD ./Drivers/STM32WBxx_HAL_Driver/Src/stm32wbxx_hal_rcc.o
LOAD ./Drivers/STM32WBxx_HAL_Driver/Src/stm32wbxx_hal_rcc_ex.o
LOAD ./Drivers/STM32WBxx_HAL_Driver/Src/stm32wbxx_hal_rtc.o
LOAD ./Drivers/STM32WBxx_HAL_Driver/Src/stm32wbxx_hal_rtc_ex.o
LOAD ./Drivers/STM32WBxx_HAL_Driver/Src/stm32wbxx_hal_tim.o
LOAD ./Drivers/STM32WBxx_HAL_Driver/Src/stm32wbxx_hal_tim_ex.o
LOAD ./Drivers/STM32WBxx_HAL_Driver/Src/stm32wbxx_ll_rcc.o
LOAD ./Middlewares/ST/STM32_WPAN/ble/core/auto/ble_events.o
LOAD ./Middlewares/ST/STM32_WPAN/ble/core/auto/ble_gap_aci.o
LOAD ./Middlewares/ST/STM32_WPAN/ble/core/auto/ble_gatt_aci.o
LOAD ./Middlewares/ST/STM32_WPAN/ble/core/auto/ble_hal_aci.o
LOAD ./Middlewares/ST/STM32_WPAN/ble/core/auto/ble_hci_le.o
LOAD ./Middlewares/ST/STM32_WPAN/ble/core/auto/ble_l2cap_aci.o
LOAD ./Middlewares/ST/STM32_WPAN/ble/core/template/osal.o
LOAD ./Middlewares/ST/STM32_WPAN/ble/svc/Src/svc_ctl.o
LOAD ./Middlewares/ST/STM32_WPAN/interface/patterns/ble_thread/shci/shci.o
LOAD ./Middlewares/ST/STM32_WPAN/interface/patterns/ble_thread/tl/hci_tl.o
LOAD ./Middlewares/ST/STM32_WPAN/interface/patterns/ble_thread/tl/hci_tl_if.o
LOAD ./Middlewares/ST/STM32_WPAN/interface/patterns/ble_thread/tl/shci_tl.o
LOAD ./Middlewares/ST/STM32_WPAN/interface/patterns/ble_thread/tl/shci_tl_if.o
LOAD ./Middlewares/ST/STM32_WPAN/interface/patterns/ble_thread/tl/tl_mbox.o
LOAD ./Middlewares/ST/STM32_WPAN/utilities/dbg_trace.o
LOAD ./Middlewares/ST/STM32_WPAN/utilities/otp.o
LOAD ./Middlewares/ST/STM32_WPAN/utilities/stm_list.o
LOAD ./Middlewares/ST/STM32_WPAN/utilities/stm_queue.o
LOAD ./STM32_WPAN/App/app_ble.o
LOAD ./STM32_WPAN/App/custom_app.o
LOAD ./STM32_WPAN/App/custom_stm.o
LOAD ./STM32_WPAN/Target/hw_ipcc.o
LOAD ./Utilities/lpm/tiny_lpm/stm32_lpm.o
LOAD ./Utilities/sequencer/stm32_seq.o
START GROUP
LOAD /opt/stm32cubeide/plugins/com.st.stm32cube.ide.mcu.externaltools.gnu-tools-for-stm32.12.3.rel1.linux64_1.0.200.202406132123/tools/bin/../lib/gcc/arm-none-eabi/12.3.1/../../../../arm-none-eabi/lib/thumb/v7e-m+fp/hard/libc_nano.a
LOAD /opt/stm32cubeide/plugins/com.st.stm32cube.ide.mcu.externaltools.gnu-tools-for-stm32.12.3.rel1.linux64_1.0.200.202406132123/tools/bin/../lib/gcc/arm-none-eabi/12.3.1/../../../../arm-none-eabi/lib/thumb/v7e-m+fp/hard/libm.a
END GROUP
START GROUP
LOAD /opt/stm32cubeide/plugins/com.st.stm32cube.ide.mcu.externaltools.gnu-tools-for-stm32.12.3.rel1.linux64_1.0.200.202406132123/tools/bin/../lib/gcc/arm-none-eabi/12.3.1/thumb/v7e-m+fp/hard/libgcc.a
LOAD /opt/stm32cubeide/plugins/com.st.stm32cube.ide.mcu.externaltools.gnu-tools-for-stm32.12.3.rel1.linux64_1.0.200.202406132123/tools/bin/../lib/gcc/arm-none-eabi/12.3.1/../../../../arm-none-eabi/lib/thumb/v7e-m+fp/hard/libc_nano.a
END GROUP
START GROUP
LOAD /opt/stm32cubeide/plugins/com.st.stm32cube.ide.mcu.externaltools.gnu-tools-for-stm32.12.3.rel1.linux64_1.0.200.202406132123/tools/bin/../lib/gcc/arm-none-eabi/12.3.1/thumb/v7e-m+fp/hard/libgcc.a
LOAD /opt/stm32cubeide/plugins/com.st.stm32cube.ide.mcu.externaltools.gnu-tools-for-stm32.12.3.rel1.linux64_1.0.200.202406132123/tools/bin/../lib/gcc/arm-none-eabi/12.3.1/../../../../arm-none-eabi/lib/thumb/v7e-m+fp/hard/libc_nano.a
LOAD /opt/stm32cubeide/plugins/com.st.stm32cube.ide.mcu.externaltools.gnu-tools-for-stm32.12.3.rel1.linux64_1.0.200.202406132123/tools/bin/../lib/gcc/arm-none-eabi/12.3.1/../../../../arm-none-eabi/lib/thumb/v7e-m+fp/hard/libnosys.a
END GROUP
START GROUP
LOAD /opt/stm32cubeide/plugins/com.st.stm32cube.ide.mcu.externaltools.gnu-tools-for-stm32.12.3.rel1.linux64_1.0.200.202406132123/tools/bin/../lib/gcc/arm-none-eabi/12.3.1/thumb/v7e-m+fp/hard/libgcc.a
LOAD /opt/stm32cubeide/plugins/com.st.stm32cube.ide.mcu.externaltools.gnu-tools-for-stm32.12.3.rel1.linux64_1.0.200.202406132123/tools/bin/../lib/gcc/arm-none-eabi/12.3.1/../../../../arm-none-eabi/lib/thumb/v7e-m+fp/hard/libc_nano.a
LOAD /opt/stm32cubeide/plugins/com.st.stm32cube.ide.mcu.externaltools.gnu-tools-for-stm32.12.3.rel1.linux64_1.0.200.202406132123/tools/bin/../lib/gcc/arm-none-eabi/12.3.1/../../../../arm-none-eabi/lib/thumb/v7e-m+fp/hard/libnosys.a
END GROUP
LOAD /opt/stm32cubeide/plugins/com.st.stm32cube.ide.mcu.externaltools.gnu-tools-for-stm32.12.3.rel1.linux64_1.0.200.202406132123/tools/bin/../lib/gcc/arm-none-eabi/12.3.1/thumb/v7e-m+fp/hard/crtend.o
LOAD /opt/stm32cubeide/plugins/com.st.stm32cube.ide.mcu.externaltools.gnu-tools-for-stm32.12.3.rel1.linux64_1.0.200.202406132123/tools/bin/../lib/gcc/arm-none-eabi/12.3.1/thumb/v7e-m+fp/hard/crtn.o
                0x20003000                        _estack = (ORIGIN (RAM1) + LENGTH (RAM1))
                0x00000200                        _Min_Heap_Size = 0x200
                0x00000400                        _Min_Stack_Size = 0x400

.isr_vector     0x08000000      0x13c
                0x08000000                        . = ALIGN (0x4)
 *(.isr_vector)
 .isr_vector    0x08000000      0x13c ./Core/Startup/startup_stm32wb10ccux.o
                0x08000000                g_pfnVectors
                0x0800013c                        . = ALIGN (0x4)

.text           0x08000140     0x63e0
                0x08000140                        . = ALIGN (0x4)
 *(.text)
 .text          0x08000140       0x40 /opt/stm32cubeide/plugins/com.st.stm32cube.ide.mcu.externaltools.gnu-tools-for-stm32.12.3.rel1.linux64_1.0.200.202406132123/tools/bin/../lib/gcc/arm-none-eabi/12.3.1/thumb/v7e-m+fp/hard/crtbegin.o
 .text          0x08000180      0x378 /opt/stm32cubeide/plugins/com.st.stm32cube.ide.mcu.externaltools.gnu-tools-for-stm32.12.3.rel1.linux64_1.0.200.202406132123/tools/bin/../lib/gcc/arm-none-eabi/12.3.1/thumb/v7e-m+fp/hard/libgcc.a(_arm_addsubdf3.o)
                0x08000180                __aeabi_drsub
                0x08000188                __aeabi_dsub
                0x08000188                __subdf3
                0x0800018c                __adddf3
                0x0800018c                __aeabi_dadd
                0x08000404                __aeabi_ui2d
                0x08000404                __floatunsidf
                0x08000424                __floatsidf
                0x08000424                __aeabi_i2d
                0x08000448                __extendsfdf2
                0x08000448                __aeabi_f2d
                0x0800048c                __aeabi_ul2d
                0x0800048c                __floatundidf
                0x0800049c                __floatdidf
                0x0800049c                __aeabi_l2d
 .text          0x080004f8      0x424 /opt/stm32cubeide/plugins/com.st.stm32cube.ide.mcu.externaltools.gnu-tools-for-stm32.12.3.rel1.linux64_1.0.200.202406132123/tools/bin/../lib/gcc/arm-none-eabi/12.3.1/thumb/v7e-m+fp/hard/libgcc.a(_arm_muldivdf3.o)
                0x080004f8                __aeabi_dmul
                0x080004f8                __muldf3
                0x0800074c                __aeabi_ddiv
                0x0800074c                __divdf3
 .text          0x0800091c      0x110 /opt/stm32cubeide/plugins/com.st.stm32cube.ide.mcu.externaltools.gnu-tools-for-stm32.12.3.rel1.linux64_1.0.200.202406132123/tools/bin/../lib/gcc/arm-none-eabi/12.3.1/thumb/v7e-m+fp/hard/libgcc.a(_arm_cmpdf2.o)
                0x0800091c                __gtdf2
                0x0800091c                __gedf2
                0x08000924                __ltdf2
                0x08000924                __ledf2
                0x0800092c                __cmpdf2
                0x0800092c                __eqdf2
                0x0800092c                __nedf2
                0x080009a8                __aeabi_cdrcmple
                0x080009b8                __aeabi_cdcmple
                0x080009b8                __aeabi_cdcmpeq
                0x080009c8                __aeabi_dcmpeq
                0x080009dc                __aeabi_dcmplt
                0x080009f0                __aeabi_dcmple
                0x08000a04                __aeabi_dcmpge
                0x08000a18                __aeabi_dcmpgt
 .text          0x08000a2c       0x2c /opt/stm32cubeide/plugins/com.st.stm32cube.ide.mcu.externaltools.gnu-tools-for-stm32.12.3.rel1.linux64_1.0.200.202406132123/tools/bin/../lib/gcc/arm-none-eabi/12.3.1/thumb/v7e-m+fp/hard/libgcc.a(_arm_unorddf2.o)
                0x08000a2c                __aeabi_dcmpun
                0x08000a2c                __unorddf2
 .text          0x08000a58       0x30 /opt/stm32cubeide/plugins/com.st.stm32cube.ide.mcu.externaltools.gnu-tools-for-stm32.12.3.rel1.linux64_1.0.200.202406132123/tools/bin/../lib/gcc/arm-none-eabi/12.3.1/thumb/v7e-m+fp/hard/libgcc.a(_aeabi_uldivmod.o)
                0x08000a58                __aeabi_uldivmod
 .text          0x08000a88      0x2bc /opt/stm32cubeide/plugins/com.st.stm32cube.ide.mcu.externaltools.gnu-tools-for-stm32.12.3.rel1.linux64_1.0.200.202406132123/tools/bin/../lib/gcc/arm-none-eabi/12.3.1/thumb/v7e-m+fp/hard/libgcc.a(_udivmoddi4.o)
                0x08000a88                __udivmoddi4
 .text          0x08000d44        0x4 /opt/stm32cubeide/plugins/com.st.stm32cube.ide.mcu.externaltools.gnu-tools-for-stm32.12.3.rel1.linux64_1.0.200.202406132123/tools/bin/../lib/gcc/arm-none-eabi/12.3.1/thumb/v7e-m+fp/hard/libgcc.a(_dvmd_tls.o)
                0x08000d44                __aeabi_ldiv0
                0x08000d44                __aeabi_idiv0
 *(.text*)
 .text.icm20948_set_user_bank
                0x08000d48       0x30 ./Core/Src/ICM_20948_INV.o
                0x08000d48                icm20948_set_user_bank
 .text.sensor_type_2_android_sensor
                0x08000d78       0x10 ./Core/Src/ICM_20948_INV.o
                0x08000d78                sensor_type_2_android_sensor
 .text.icm20948_i2c_controller_configure_peripheral
                0x08000d88       0xe8 ./Core/Src/ICM_20948_INV.o
                0x08000d88                icm20948_i2c_controller_configure_peripheral
 .text.icm20948_set_clock_source
                0x08000e70       0x54 ./Core/Src/ICM_20948_INV.o
                0x08000e70                icm20948_set_clock_source
 .text.icm20948_set_sample_mode
                0x08000ec4       0x7c ./Core/Src/ICM_20948_INV.o
                0x08000ec4                icm20948_set_sample_mode
 .text.icm20948_enable_FIFO
                0x08000f40       0x54 ./Core/Src/ICM_20948_INV.o
                0x08000f40                icm20948_enable_FIFO
 .text.icm20948_reset_FIFO
                0x08000f94       0x70 ./Core/Src/ICM_20948_INV.o
                0x08000f94                icm20948_reset_FIFO
 .text.icm20948_enable_DMP
                0x08001004       0x54 ./Core/Src/ICM_20948_INV.o
                0x08001004                icm20948_enable_DMP
 .text.icm20948_reset_DMP
                0x08001058       0x50 ./Core/Src/ICM_20948_INV.o
                0x08001058                icm20948_reset_DMP
 .text.icm20948_set_full_scale
                0x080010a8       0xd0 ./Core/Src/ICM_20948_INV.o
                0x080010a8                icm20948_set_full_scale
 .text.icm20948_enable_dlpf
                0x08001178       0xcc ./Core/Src/ICM_20948_INV.o
                0x08001178                icm20948_enable_dlpf
 .text.icm20948_set_sample_rate
                0x08001244       0x94 ./Core/Src/ICM_20948_INV.o
                0x08001244                icm20948_set_sample_rate
 .text.icm20948_int_enable
                0x080012d8      0x1e0 ./Core/Src/ICM_20948_INV.o
                0x080012d8                icm20948_int_enable
 .text.icm20948_int_enable_raw_data_ready
                0x080014b8       0x26 ./Core/Src/ICM_20948_INV.o
                0x080014b8                icm20948_int_enable_raw_data_ready
 *fill*         0x080014de        0x2 
 .text.icm20948_set_DMP_start_address
                0x080014e0       0x34 ./Core/Src/ICM_20948_INV.o
                0x080014e0                icm20948_set_DMP_start_address
 .text.icm20948_write_mem
                0x08001514       0x9c ./Core/Src/ICM_20948_INV.o
                0x08001514                icm20948_write_mem
 .text.icm20948_read_mem
                0x080015b0       0x98 ./Core/Src/ICM_20948_INV.o
                0x080015b0                icm20948_read_mem
 .text.icm20948_set_gyro_sf
                0x08001648       0x94 ./Core/Src/ICM_20948_INV.o
                0x08001648                icm20948_set_gyro_sf
 .text.icm20948_get_FIFO_count
                0x080016dc       0x60 ./Core/Src/ICM_20948_INV.o
                0x080016dc                icm20948_get_FIFO_count
 .text.icm20948_read_FIFO
                0x0800173c       0x30 ./Core/Src/ICM_20948_INV.o
                0x0800173c                icm20948_read_FIFO
 .text.icm20948_read_DMP_data
                0x0800176c      0x4f4 ./Core/Src/ICM_20948_INV.o
                0x0800176c                icm20948_read_DMP_data
 .text.icm20948_sleep
                0x08001c60       0x54 ./Core/Src/ICM_20948_INV.o
                0x08001c60                icm20948_sleep
 .text.icm20948_low_power
                0x08001cb4       0x54 ./Core/Src/ICM_20948_INV.o
                0x08001cb4                icm20948_low_power
 .text.icm20948_enable_DMP_sensor
                0x08001d08      0x16c ./Core/Src/ICM_20948_INV.o
                0x08001d08                icm20948_enable_DMP_sensor
 .text.icm20948_set_DMP_sensor_period
                0x08001e74      0x11c ./Core/Src/ICM_20948_INV.o
                0x08001e74                icm20948_set_DMP_sensor_period
 .text.icm20948_load_firmware
                0x08001f90       0xa6 ./Core/Src/ICM_20948_INV.o
                0x08001f90                icm20948_load_firmware
 *fill*         0x08002036        0x2 
 .text.icm20948_set_i2c_bus
                0x08002038       0x14 ./Core/Src/ICM_20948_INV.o
                0x08002038                icm20948_set_i2c_bus
 .text.icm20948_initialize_DMP
                0x0800204c      0x300 ./Core/Src/ICM_20948_INV.o
                0x0800204c                icm20948_initialize_DMP
 .text.APPD_EnableCPU2
                0x0800234c       0x70 ./Core/Src/app_debug.o
                0x0800234c                APPD_EnableCPU2
 .text.APPE_SysStatusNot
                0x080023bc        0x2 ./Core/Src/app_entry.o
 *fill*         0x080023be        0x2 
 .text.APPE_SysUserEvtRx
                0x080023c0       0x74 ./Core/Src/app_entry.o
 .text.MX_APPE_Config
                0x08002434       0x38 ./Core/Src/app_entry.o
                0x08002434                MX_APPE_Config
 .text.Init_Exti
                0x0800246c       0x14 ./Core/Src/app_entry.o
                0x0800246c                Init_Exti
 .text.MX_APPE_Init
                0x08002480       0xb4 ./Core/Src/app_entry.o
                0x08002480                MX_APPE_Init
 .text.HAL_Delay
                0x08002534       0x34 ./Core/Src/app_entry.o
                0x08002534                HAL_Delay
 .text.MX_APPE_Process
                0x08002568        0x8 ./Core/Src/app_entry.o
                0x08002568                MX_APPE_Process
 .text.UTIL_SEQ_Idle
                0x08002570        0x2 ./Core/Src/app_entry.o
                0x08002570                UTIL_SEQ_Idle
 .text.UTIL_SEQ_EvtIdle
                0x08002572        0x8 ./Core/Src/app_entry.o
                0x08002572                UTIL_SEQ_EvtIdle
 .text.shci_notify_asynch_evt
                0x0800257a        0x8 ./Core/Src/app_entry.o
                0x0800257a                shci_notify_asynch_evt
 .text.shci_cmd_resp_release
                0x08002582        0x6 ./Core/Src/app_entry.o
                0x08002582                shci_cmd_resp_release
 .text.shci_cmd_resp_wait
                0x08002588        0x6 ./Core/Src/app_entry.o
                0x08002588                shci_cmd_resp_wait
 *fill*         0x0800258e        0x2 
 .text.ReadRtcSsrValue
                0x08002590       0x1c ./Core/Src/hw_timerserver.o
 .text.ReturnTimeElapsed
                0x080025ac       0x48 ./Core/Src/hw_timerserver.o
 .text.RescheduleTimerList
                0x080025f4      0x118 ./Core/Src/hw_timerserver.o
 .text.UnlinkTimer
                0x0800270c       0x80 ./Core/Src/hw_timerserver.o
 .text.HW_TS_Init
                0x0800278c      0x130 ./Core/Src/hw_timerserver.o
                0x0800278c                HW_TS_Init
 .text.HW_TS_Stop
                0x080028bc       0xb0 ./Core/Src/hw_timerserver.o
                0x080028bc                HW_TS_Stop
 .text.HW_TS_Start
                0x0800296c      0x158 ./Core/Src/hw_timerserver.o
                0x0800296c                HW_TS_Start
 .text.HW_TS_RTC_Int_AppNot
                0x08002ac4        0x2 ./Core/Src/hw_timerserver.o
                0x08002ac4                HW_TS_RTC_Int_AppNot
 *fill*         0x08002ac6        0x2 
 .text.HW_TS_RTC_Wakeup_Handler
                0x08002ac8       0xc4 ./Core/Src/hw_timerserver.o
                0x08002ac8                HW_TS_RTC_Wakeup_Handler
 .text.SystemClock_Config
                0x08002b8c       0x5e ./Core/Src/main.o
                0x08002b8c                SystemClock_Config
 .text.PeriphCommonClock_Config
                0x08002bea       0x2c ./Core/Src/main.o
                0x08002bea                PeriphCommonClock_Config
 *fill*         0x08002c16        0x2 
 .text.startup.main
                0x08002c18      0x328 ./Core/Src/main.o
                0x08002c18                main
 .text.Error_Handler
                0x08002f40        0x4 ./Core/Src/main.o
                0x08002f40                Error_Handler
 .text.set_i2c_mux_index
                0x08002f44       0x2c ./Core/Src/pb_helper.o
                0x08002f44                set_i2c_mux_index
 .text.put_double_in_buffer
                0x08002f70       0x1c ./Core/Src/pb_helper.o
                0x08002f70                put_double_in_buffer
 .text.HAL_MspInit
                0x08002f8c       0x2e ./Core/Src/stm32wbxx_hal_msp.o
                0x08002f8c                HAL_MspInit
 *fill*         0x08002fba        0x2 
 .text.HAL_I2C_MspInit
                0x08002fbc       0x88 ./Core/Src/stm32wbxx_hal_msp.o
                0x08002fbc                HAL_I2C_MspInit
 .text.HAL_IPCC_MspInit
                0x08003044       0x50 ./Core/Src/stm32wbxx_hal_msp.o
                0x08003044                HAL_IPCC_MspInit
 .text.HAL_RTC_MspInit
                0x08003094       0x74 ./Core/Src/stm32wbxx_hal_msp.o
                0x08003094                HAL_RTC_MspInit
 .text.NMI_Handler
                0x08003108        0x2 ./Core/Src/stm32wbxx_it.o
                0x08003108                NMI_Handler
 .text.HardFault_Handler
                0x0800310a        0x2 ./Core/Src/stm32wbxx_it.o
                0x0800310a                HardFault_Handler
 .text.MemManage_Handler
                0x0800310c        0x2 ./Core/Src/stm32wbxx_it.o
                0x0800310c                MemManage_Handler
 .text.BusFault_Handler
                0x0800310e        0x2 ./Core/Src/stm32wbxx_it.o
                0x0800310e                BusFault_Handler
 .text.UsageFault_Handler
                0x08003110        0x2 ./Core/Src/stm32wbxx_it.o
                0x08003110                UsageFault_Handler
 .text.SVC_Handler
                0x08003112        0x2 ./Core/Src/stm32wbxx_it.o
                0x08003112                SVC_Handler
 .text.DebugMon_Handler
                0x08003114        0x2 ./Core/Src/stm32wbxx_it.o
                0x08003114                DebugMon_Handler
 .text.PendSV_Handler
                0x08003116        0x2 ./Core/Src/stm32wbxx_it.o
                0x08003116                PendSV_Handler
 .text.SysTick_Handler
                0x08003118        0x4 ./Core/Src/stm32wbxx_it.o
                0x08003118                SysTick_Handler
 .text.RTC_WKUP_IRQHandler
                0x0800311c        0x4 ./Core/Src/stm32wbxx_it.o
                0x0800311c                RTC_WKUP_IRQHandler
 .text.IPCC_C1_RX_IRQHandler
                0x08003120        0x4 ./Core/Src/stm32wbxx_it.o
                0x08003120                IPCC_C1_RX_IRQHandler
 .text.IPCC_C1_TX_IRQHandler
                0x08003124        0x4 ./Core/Src/stm32wbxx_it.o
                0x08003124                IPCC_C1_TX_IRQHandler
 .text.HSEM_IRQHandler
                0x08003128        0x4 ./Core/Src/stm32wbxx_it.o
                0x08003128                HSEM_IRQHandler
 .text.SystemInit
                0x0800312c       0x64 ./Core/Src/system_stm32wbxx.o
                0x0800312c                SystemInit
 .text.data_initializers
                0x08003190       0x18 ./Core/Startup/startup_stm32wb10ccux.o
 .text.Reset_Handler
                0x080031a8       0x58 ./Core/Startup/startup_stm32wb10ccux.o
                0x080031a8                Reset_Handler
 .text.Default_Handler
                0x08003200        0x2 ./Core/Startup/startup_stm32wb10ccux.o
                0x08003200                RTC_Alarm_IRQHandler
                0x08003200                EXTI2_IRQHandler
                0x08003200                TIM1_CC_IRQHandler
                0x08003200                TSC_IRQHandler
                0x08003200                EXTI3_IRQHandler
                0x08003200                LPTIM2_IRQHandler
                0x08003200                EXTI0_IRQHandler
                0x08003200                FPU_IRQHandler
                0x08003200                SPI1_IRQHandler
                0x08003200                DMA1_Channel4_IRQHandler
                0x08003200                ADC1_IRQHandler
                0x08003200                PWR_SOTF_BLEACT_RFPHASE_IRQHandler
                0x08003200                PKA_IRQHandler
                0x08003200                DMA1_Channel7_IRQHandler
                0x08003200                I2C1_EV_IRQHandler
                0x08003200                DMAMUX1_OVR_IRQHandler
                0x08003200                DMA1_Channel6_IRQHandler
                0x08003200                RCC_IRQHandler
                0x08003200                TIM1_TRG_COM_IRQHandler
                0x08003200                DMA1_Channel1_IRQHandler
                0x08003200                Default_Handler
                0x08003200                EXTI15_10_IRQHandler
                0x08003200                C2SEV_PWR_C2H_IRQHandler
                0x08003200                AES2_IRQHandler
                0x08003200                EXTI9_5_IRQHandler
                0x08003200                PVD_PVM_IRQHandler
                0x08003200                DMA1_Channel5_IRQHandler
                0x08003200                EXTI4_IRQHandler
                0x08003200                RNG_IRQHandler
                0x08003200                TAMP_STAMP_LSECSS_IRQHandler
                0x08003200                DMA1_Channel3_IRQHandler
                0x08003200                TIM1_UP_IRQHandler
                0x08003200                WWDG_IRQHandler
                0x08003200                TIM2_IRQHandler
                0x08003200                TIM1_BRK_IRQHandler
                0x08003200                EXTI1_IRQHandler
                0x08003200                DMA1_Channel2_IRQHandler
                0x08003200                FLASH_IRQHandler
                0x08003200                USART1_IRQHandler
                0x08003200                I2C1_ER_IRQHandler
                0x08003200                LPTIM1_IRQHandler
 *fill*         0x08003202        0x2 
 .text.HAL_InitTick
                0x08003204       0x4c ./Drivers/STM32WBxx_HAL_Driver/Src/stm32wbxx_hal.o
                0x08003204                HAL_InitTick
 .text.HAL_Init
                0x08003250       0x2c ./Drivers/STM32WBxx_HAL_Driver/Src/stm32wbxx_hal.o
                0x08003250                HAL_Init
 .text.HAL_IncTick
                0x0800327c       0x18 ./Drivers/STM32WBxx_HAL_Driver/Src/stm32wbxx_hal.o
                0x0800327c                HAL_IncTick
 .text.HAL_GetTick
                0x08003294        0xc ./Drivers/STM32WBxx_HAL_Driver/Src/stm32wbxx_hal.o
                0x08003294                HAL_GetTick
 .text.HAL_GetTickPrio
                0x080032a0        0xc ./Drivers/STM32WBxx_HAL_Driver/Src/stm32wbxx_hal.o
                0x080032a0                HAL_GetTickPrio
 .text.HAL_GetTickFreq
                0x080032ac        0xc ./Drivers/STM32WBxx_HAL_Driver/Src/stm32wbxx_hal.o
                0x080032ac                HAL_GetTickFreq
 .text.HAL_NVIC_SetPriorityGrouping
                0x080032b8       0x24 ./Drivers/STM32WBxx_HAL_Driver/Src/stm32wbxx_hal_cortex.o
                0x080032b8                HAL_NVIC_SetPriorityGrouping
 .text.HAL_NVIC_SetPriority
                0x080032dc       0x64 ./Drivers/STM32WBxx_HAL_Driver/Src/stm32wbxx_hal_cortex.o
                0x080032dc                HAL_NVIC_SetPriority
 .text.HAL_NVIC_EnableIRQ
                0x08003340       0x1c ./Drivers/STM32WBxx_HAL_Driver/Src/stm32wbxx_hal_cortex.o
                0x08003340                HAL_NVIC_EnableIRQ
 .text.HAL_NVIC_DisableIRQ
                0x0800335c       0x24 ./Drivers/STM32WBxx_HAL_Driver/Src/stm32wbxx_hal_cortex.o
                0x0800335c                HAL_NVIC_DisableIRQ
 .text.HAL_SYSTICK_Config
                0x08003380       0x28 ./Drivers/STM32WBxx_HAL_Driver/Src/stm32wbxx_hal_cortex.o
                0x08003380                HAL_SYSTICK_Config
 .text.HAL_NVIC_SetPendingIRQ
                0x080033a8       0x1c ./Drivers/STM32WBxx_HAL_Driver/Src/stm32wbxx_hal_cortex.o
                0x080033a8                HAL_NVIC_SetPendingIRQ
 .text.HAL_NVIC_ClearPendingIRQ
                0x080033c4       0x1c ./Drivers/STM32WBxx_HAL_Driver/Src/stm32wbxx_hal_cortex.o
                0x080033c4                HAL_NVIC_ClearPendingIRQ
 .text.HAL_GPIO_Init
                0x080033e0      0x160 ./Drivers/STM32WBxx_HAL_Driver/Src/stm32wbxx_hal_gpio.o
                0x080033e0                HAL_GPIO_Init
 .text.HAL_HSEM_FreeCallback
                0x08003540        0x2 ./Drivers/STM32WBxx_HAL_Driver/Src/stm32wbxx_hal_hsem.o
                0x08003540                HAL_HSEM_FreeCallback
 *fill*         0x08003542        0x2 
 .text.HAL_HSEM_IRQHandler
                0x08003544       0x1c ./Drivers/STM32WBxx_HAL_Driver/Src/stm32wbxx_hal_hsem.o
                0x08003544                HAL_HSEM_IRQHandler
 .text.I2C_Flush_TXDR
                0x08003560       0x1c ./Drivers/STM32WBxx_HAL_Driver/Src/stm32wbxx_hal_i2c.o
 .text.I2C_TransferConfig
                0x0800357c       0x2c ./Drivers/STM32WBxx_HAL_Driver/Src/stm32wbxx_hal_i2c.o
 .text.I2C_IsErrorOccurred
                0x080035a8      0x100 ./Drivers/STM32WBxx_HAL_Driver/Src/stm32wbxx_hal_i2c.o
 .text.I2C_WaitOnTXISFlagUntilTimeout
                0x080036a8       0x56 ./Drivers/STM32WBxx_HAL_Driver/Src/stm32wbxx_hal_i2c.o
 .text.I2C_WaitOnFlagUntilTimeout
                0x080036fe       0x76 ./Drivers/STM32WBxx_HAL_Driver/Src/stm32wbxx_hal_i2c.o
 .text.I2C_WaitOnSTOPFlagUntilTimeout
                0x08003774       0x52 ./Drivers/STM32WBxx_HAL_Driver/Src/stm32wbxx_hal_i2c.o
 .text.HAL_I2C_Init
                0x080037c6       0xaa ./Drivers/STM32WBxx_HAL_Driver/Src/stm32wbxx_hal_i2c.o
                0x080037c6                HAL_I2C_Init
 .text.HAL_I2C_Master_Transmit
                0x08003870      0x158 ./Drivers/STM32WBxx_HAL_Driver/Src/stm32wbxx_hal_i2c.o
                0x08003870                HAL_I2C_Master_Transmit
 .text.HAL_I2C_Mem_Write
                0x080039c8      0x1b4 ./Drivers/STM32WBxx_HAL_Driver/Src/stm32wbxx_hal_i2c.o
                0x080039c8                HAL_I2C_Mem_Write
 .text.HAL_I2C_Mem_Read
                0x08003b7c      0x1bc ./Drivers/STM32WBxx_HAL_Driver/Src/stm32wbxx_hal_i2c.o
                0x08003b7c                HAL_I2C_Mem_Read
 .text.HAL_I2CEx_ConfigAnalogFilter
                0x08003d38       0x4c ./Drivers/STM32WBxx_HAL_Driver/Src/stm32wbxx_hal_i2c_ex.o
                0x08003d38                HAL_I2CEx_ConfigAnalogFilter
 .text.HAL_I2CEx_ConfigDigitalFilter
                0x08003d84       0x4a ./Drivers/STM32WBxx_HAL_Driver/Src/stm32wbxx_hal_i2c_ex.o
                0x08003d84                HAL_I2CEx_ConfigDigitalFilter
 .text.HAL_IPCC_TxCallback
                0x08003dce        0x2 ./Drivers/STM32WBxx_HAL_Driver/Src/stm32wbxx_hal_ipcc.o
                0x08003dce                HAL_IPCC_TxCallback
 .text.HAL_IPCC_RxCallback
                0x08003dd0        0x2 ./Drivers/STM32WBxx_HAL_Driver/Src/stm32wbxx_hal_ipcc.o
                0x08003dd0                HAL_IPCC_RxCallback
 *fill*         0x08003dd2        0x2 
 .text.IPCC_SetDefaultCallbacks
                0x08003dd4       0x1c ./Drivers/STM32WBxx_HAL_Driver/Src/stm32wbxx_hal_ipcc.o
                0x08003dd4                IPCC_SetDefaultCallbacks
 .text.HAL_IPCC_Init
                0x08003df0       0x44 ./Drivers/STM32WBxx_HAL_Driver/Src/stm32wbxx_hal_ipcc.o
                0x08003df0                HAL_IPCC_Init
 .text.HAL_PWR_EnableBkUpAccess
                0x08003e34       0x10 ./Drivers/STM32WBxx_HAL_Driver/Src/stm32wbxx_hal_pwr.o
                0x08003e34                HAL_PWR_EnableBkUpAccess
 .text.HAL_PWREx_EnableSRAMRetention
                0x08003e44       0x10 ./Drivers/STM32WBxx_HAL_Driver/Src/stm32wbxx_hal_pwr_ex.o
                0x08003e44                HAL_PWREx_EnableSRAMRetention
 .text.LL_RCC_LSI1_IsReady
                0x08003e54        0xe ./Drivers/STM32WBxx_HAL_Driver/Src/stm32wbxx_hal_rcc.o
 .text.LL_RCC_MSI_IsReady
                0x08003e62        0xc ./Drivers/STM32WBxx_HAL_Driver/Src/stm32wbxx_hal_rcc.o
 .text.LL_RCC_MSI_SetRange
                0x08003e6e       0x10 ./Drivers/STM32WBxx_HAL_Driver/Src/stm32wbxx_hal_rcc.o
 .text.LL_RCC_MSI_SetCalibTrimming
                0x08003e7e       0x12 ./Drivers/STM32WBxx_HAL_Driver/Src/stm32wbxx_hal_rcc.o
 .text.RCC_SetFlashLatencyFromMSIRange
                0x08003e90       0xac ./Drivers/STM32WBxx_HAL_Driver/Src/stm32wbxx_hal_rcc.o
 .text.HAL_RCC_GetSysClockFreq
                0x08003f3c       0xa4 ./Drivers/STM32WBxx_HAL_Driver/Src/stm32wbxx_hal_rcc.o
                0x08003f3c                HAL_RCC_GetSysClockFreq
 .text.HAL_RCC_GetHCLKFreq
                0x08003fe0       0x20 ./Drivers/STM32WBxx_HAL_Driver/Src/stm32wbxx_hal_rcc.o
                0x08003fe0                HAL_RCC_GetHCLKFreq
 .text.HAL_RCC_OscConfig
                0x08004000      0x524 ./Drivers/STM32WBxx_HAL_Driver/Src/stm32wbxx_hal_rcc.o
                0x08004000                HAL_RCC_OscConfig
 .text.HAL_RCC_ClockConfig
                0x08004524      0x1fc ./Drivers/STM32WBxx_HAL_Driver/Src/stm32wbxx_hal_rcc.o
                0x08004524                HAL_RCC_ClockConfig
 .text.LL_RCC_LSE_IsReady
                0x08004720        0xe ./Drivers/STM32WBxx_HAL_Driver/Src/stm32wbxx_hal_rcc_ex.o
 .text.HAL_RCCEx_PeriphCLKConfig
                0x0800472e      0x18c ./Drivers/STM32WBxx_HAL_Driver/Src/stm32wbxx_hal_rcc_ex.o
                0x0800472e                HAL_RCCEx_PeriphCLKConfig
 .text.HAL_RTC_WaitForSynchro
                0x080048ba       0x30 ./Drivers/STM32WBxx_HAL_Driver/Src/stm32wbxx_hal_rtc.o
                0x080048ba                HAL_RTC_WaitForSynchro
 .text.RTC_EnterInitMode
                0x080048ea       0x34 ./Drivers/STM32WBxx_HAL_Driver/Src/stm32wbxx_hal_rtc.o
                0x080048ea                RTC_EnterInitMode
 *fill*         0x0800491e        0x2 
 .text.HAL_RTC_Init
                0x08004920       0xc4 ./Drivers/STM32WBxx_HAL_Driver/Src/stm32wbxx_hal_rtc.o
                0x08004920                HAL_RTC_Init
 .text.HAL_RTCEx_SetWakeUpTimer_IT
                0x080049e4       0xdc ./Drivers/STM32WBxx_HAL_Driver/Src/stm32wbxx_hal_rtc_ex.o
                0x080049e4                HAL_RTCEx_SetWakeUpTimer_IT
 .text.aci_gap_set_non_discoverable
                0x08004ac0       0x3c ./Middlewares/ST/STM32_WPAN/ble/core/auto/ble_gap_aci.o
                0x08004ac0                aci_gap_set_non_discoverable
 .text.aci_gap_set_discoverable
                0x08004afc       0xb0 ./Middlewares/ST/STM32_WPAN/ble/core/auto/ble_gap_aci.o
                0x08004afc                aci_gap_set_discoverable
 .text.aci_gap_set_io_capability
                0x08004bac       0x48 ./Middlewares/ST/STM32_WPAN/ble/core/auto/ble_gap_aci.o
                0x08004bac                aci_gap_set_io_capability
 .text.aci_gap_set_authentication_requirement
                0x08004bf4       0x7c ./Middlewares/ST/STM32_WPAN/ble/core/auto/ble_gap_aci.o
                0x08004bf4                aci_gap_set_authentication_requirement
 .text.aci_gap_pass_key_resp
                0x08004c70       0x4c ./Middlewares/ST/STM32_WPAN/ble/core/auto/ble_gap_aci.o
                0x08004c70                aci_gap_pass_key_resp
 .text.aci_gap_init
                0x08004cbc       0x84 ./Middlewares/ST/STM32_WPAN/ble/core/auto/ble_gap_aci.o
                0x08004cbc                aci_gap_init
 .text.aci_gap_update_adv_data
                0x08004d40       0x54 ./Middlewares/ST/STM32_WPAN/ble/core/auto/ble_gap_aci.o
                0x08004d40                aci_gap_update_adv_data
 .text.aci_gap_configure_filter_accept_list
                0x08004d94       0x3c ./Middlewares/ST/STM32_WPAN/ble/core/auto/ble_gap_aci.o
                0x08004d94                aci_gap_configure_filter_accept_list
 .text.aci_gap_numeric_comparison_value_confirm_yesno
                0x08004dd0       0x4c ./Middlewares/ST/STM32_WPAN/ble/core/auto/ble_gap_aci.o
                0x08004dd0                aci_gap_numeric_comparison_value_confirm_yesno
 .text.aci_gatt_init
                0x08004e1c       0x3c ./Middlewares/ST/STM32_WPAN/ble/core/auto/ble_gatt_aci.o
                0x08004e1c                aci_gatt_init
 .text.aci_gatt_add_service
                0x08004e58       0xa0 ./Middlewares/ST/STM32_WPAN/ble/core/auto/ble_gatt_aci.o
                0x08004e58                aci_gatt_add_service
 .text.aci_gatt_add_char
                0x08004ef8       0xb8 ./Middlewares/ST/STM32_WPAN/ble/core/auto/ble_gatt_aci.o
                0x08004ef8                aci_gatt_add_char
 .text.aci_gatt_update_char_value
                0x08004fb0       0x64 ./Middlewares/ST/STM32_WPAN/ble/core/auto/ble_gatt_aci.o
                0x08004fb0                aci_gatt_update_char_value
 .text.aci_gatt_confirm_indication
                0x08005014       0x48 ./Middlewares/ST/STM32_WPAN/ble/core/auto/ble_gatt_aci.o
                0x08005014                aci_gatt_confirm_indication
 .text.aci_hal_write_config_data
                0x0800505c       0x5c ./Middlewares/ST/STM32_WPAN/ble/core/auto/ble_hal_aci.o
                0x0800505c                aci_hal_write_config_data
 .text.aci_hal_set_tx_power_level
                0x080050b8       0x4c ./Middlewares/ST/STM32_WPAN/ble/core/auto/ble_hal_aci.o
                0x080050b8                aci_hal_set_tx_power_level
 .text.aci_hal_set_radio_activity_mask
                0x08005104       0x48 ./Middlewares/ST/STM32_WPAN/ble/core/auto/ble_hal_aci.o
                0x08005104                aci_hal_set_radio_activity_mask
 .text.hci_reset
                0x0800514c       0x3a ./Middlewares/ST/STM32_WPAN/ble/core/auto/ble_hci_le.o
                0x0800514c                hci_reset
 *fill*         0x08005186        0x2 
 .text.hci_le_set_default_phy
                0x08005188       0x50 ./Middlewares/ST/STM32_WPAN/ble/core/auto/ble_hci_le.o
                0x08005188                hci_le_set_default_phy
 .text.Osal_MemCpy
                0x080051d8        0x4 ./Middlewares/ST/STM32_WPAN/ble/core/template/osal.o
                0x080051d8                Osal_MemCpy
 .text.Osal_MemSet
                0x080051dc        0x4 ./Middlewares/ST/STM32_WPAN/ble/core/template/osal.o
                0x080051dc                Osal_MemSet
 .text.BAS_Init
                0x080051e0        0x2 ./Middlewares/ST/STM32_WPAN/ble/svc/Src/svc_ctl.o
                0x080051e0                BAS_Init
 .text.BLS_Init
                0x080051e2        0x2 ./Middlewares/ST/STM32_WPAN/ble/svc/Src/svc_ctl.o
                0x080051e2                BLS_Init
 .text.CRS_STM_Init
                0x080051e4        0x2 ./Middlewares/ST/STM32_WPAN/ble/svc/Src/svc_ctl.o
                0x080051e4                CRS_STM_Init
 .text.DIS_Init
                0x080051e6        0x2 ./Middlewares/ST/STM32_WPAN/ble/svc/Src/svc_ctl.o
                0x080051e6                DIS_Init
 .text.EDS_STM_Init
                0x080051e8        0x2 ./Middlewares/ST/STM32_WPAN/ble/svc/Src/svc_ctl.o
                0x080051e8                EDS_STM_Init
 .text.HIDS_Init
                0x080051ea        0x2 ./Middlewares/ST/STM32_WPAN/ble/svc/Src/svc_ctl.o
                0x080051ea                HIDS_Init
 .text.HRS_Init
                0x080051ec        0x2 ./Middlewares/ST/STM32_WPAN/ble/svc/Src/svc_ctl.o
                0x080051ec                HRS_Init
 .text.HTS_Init
                0x080051ee        0x2 ./Middlewares/ST/STM32_WPAN/ble/svc/Src/svc_ctl.o
                0x080051ee                HTS_Init
 .text.IAS_Init
                0x080051f0        0x2 ./Middlewares/ST/STM32_WPAN/ble/svc/Src/svc_ctl.o
                0x080051f0                IAS_Init
 .text.LLS_Init
                0x080051f2        0x2 ./Middlewares/ST/STM32_WPAN/ble/svc/Src/svc_ctl.o
                0x080051f2                LLS_Init
 .text.TPS_Init
                0x080051f4        0x2 ./Middlewares/ST/STM32_WPAN/ble/svc/Src/svc_ctl.o
                0x080051f4                TPS_Init
 .text.MOTENV_STM_Init
                0x080051f6        0x2 ./Middlewares/ST/STM32_WPAN/ble/svc/Src/svc_ctl.o
                0x080051f6                MOTENV_STM_Init
 .text.P2PS_STM_Init
                0x080051f8        0x2 ./Middlewares/ST/STM32_WPAN/ble/svc/Src/svc_ctl.o
                0x080051f8                P2PS_STM_Init
 .text.ZDD_STM_Init
                0x080051fa        0x2 ./Middlewares/ST/STM32_WPAN/ble/svc/Src/svc_ctl.o
                0x080051fa                ZDD_STM_Init
 .text.OTAS_STM_Init
                0x080051fc        0x2 ./Middlewares/ST/STM32_WPAN/ble/svc/Src/svc_ctl.o
                0x080051fc                OTAS_STM_Init
 .text.MESH_Init
                0x080051fe        0x2 ./Middlewares/ST/STM32_WPAN/ble/svc/Src/svc_ctl.o
                0x080051fe                MESH_Init
 .text.BVOPUS_STM_Init
                0x08005200        0x2 ./Middlewares/ST/STM32_WPAN/ble/svc/Src/svc_ctl.o
                0x08005200                BVOPUS_STM_Init
 .text.SVCCTL_SvcInit
                0x08005202       0x4c ./Middlewares/ST/STM32_WPAN/ble/svc/Src/svc_ctl.o
                0x08005202                SVCCTL_SvcInit
 *fill*         0x0800524e        0x2 
 .text.SVCCTL_Init
                0x08005250       0x1c ./Middlewares/ST/STM32_WPAN/ble/svc/Src/svc_ctl.o
                0x08005250                SVCCTL_Init
 .text.SVCCTL_RegisterSvcHandler
                0x0800526c       0x14 ./Middlewares/ST/STM32_WPAN/ble/svc/Src/svc_ctl.o
                0x0800526c                SVCCTL_RegisterSvcHandler
 .text.SVCCTL_UserEvtRx
                0x08005280       0x48 ./Middlewares/ST/STM32_WPAN/ble/svc/Src/svc_ctl.o
                0x08005280                SVCCTL_UserEvtRx
 .text.SHCI_C2_BLE_Init
                0x080052c8       0x1c ./Middlewares/ST/STM32_WPAN/interface/patterns/ble_thread/shci/shci.o
                0x080052c8                SHCI_C2_BLE_Init
 .text.SHCI_C2_DEBUG_Init
                0x080052e4       0x1c ./Middlewares/ST/STM32_WPAN/interface/patterns/ble_thread/shci/shci.o
                0x080052e4                SHCI_C2_DEBUG_Init
 .text.SHCI_C2_Config
                0x08005300       0x1a ./Middlewares/ST/STM32_WPAN/interface/patterns/ble_thread/shci/shci.o
                0x08005300                SHCI_C2_Config
 *fill*         0x0800531a        0x2 
 .text.SHCI_GetWirelessFwInfo
                0x0800531c       0x80 ./Middlewares/ST/STM32_WPAN/interface/patterns/ble_thread/shci/shci.o
                0x0800531c                SHCI_GetWirelessFwInfo
 .text.hci_init
                0x0800539c       0x5c ./Middlewares/ST/STM32_WPAN/interface/patterns/ble_thread/tl/hci_tl.o
                0x0800539c                hci_init
 .text.hci_user_evt_proc
                0x080053f8       0x6c ./Middlewares/ST/STM32_WPAN/interface/patterns/ble_thread/tl/hci_tl.o
                0x080053f8                hci_user_evt_proc
 .text.hci_send_req
                0x08005464       0xd4 ./Middlewares/ST/STM32_WPAN/interface/patterns/ble_thread/tl/hci_tl.o
                0x08005464                hci_send_req
 .text.TlEvtReceived
                0x08005538       0x34 ./Middlewares/ST/STM32_WPAN/interface/patterns/ble_thread/tl/hci_tl.o
 .text.hci_register_io_bus
                0x0800556c       0x14 ./Middlewares/ST/STM32_WPAN/interface/patterns/ble_thread/tl/hci_tl_if.o
                0x0800556c                hci_register_io_bus
 .text.TlUserEvtReceived
                0x08005580       0x1c ./Middlewares/ST/STM32_WPAN/interface/patterns/ble_thread/tl/shci_tl.o
 .text.Cmd_SetStatus.constprop.0
                0x0800559c       0x18 ./Middlewares/ST/STM32_WPAN/interface/patterns/ble_thread/tl/shci_tl.o
 .text.shci_init
                0x080055b4       0x60 ./Middlewares/ST/STM32_WPAN/interface/patterns/ble_thread/tl/shci_tl.o
                0x080055b4                shci_init
 .text.shci_user_evt_proc
                0x08005614       0x6c ./Middlewares/ST/STM32_WPAN/interface/patterns/ble_thread/tl/shci_tl.o
                0x08005614                shci_user_evt_proc
 .text.shci_send
                0x08005680       0x7c ./Middlewares/ST/STM32_WPAN/interface/patterns/ble_thread/tl/shci_tl.o
                0x08005680                shci_send
 .text.TlCmdEvtReceived
                0x080056fc        0xa ./Middlewares/ST/STM32_WPAN/interface/patterns/ble_thread/tl/shci_tl.o
 *fill*         0x08005706        0x2 
 .text.shci_register_io_bus
                0x08005708       0x14 ./Middlewares/ST/STM32_WPAN/interface/patterns/ble_thread/tl/shci_tl_if.o
                0x08005708                shci_register_io_bus
 .text.SendFreeBuf
                0x0800571c       0x30 ./Middlewares/ST/STM32_WPAN/interface/patterns/ble_thread/tl/tl_mbox.o
 .text.TL_Enable
                0x0800574c        0x4 ./Middlewares/ST/STM32_WPAN/interface/patterns/ble_thread/tl/tl_mbox.o
                0x0800574c                TL_Enable
 .text.TL_Init  0x08005750       0x5c ./Middlewares/ST/STM32_WPAN/interface/patterns/ble_thread/tl/tl_mbox.o
                0x08005750                TL_Init
 .text.TL_BLE_Init
                0x080057ac       0x48 ./Middlewares/ST/STM32_WPAN/interface/patterns/ble_thread/tl/tl_mbox.o
                0x080057ac                TL_BLE_Init
 .text.TL_BLE_SendCmd
                0x080057f4       0x1c ./Middlewares/ST/STM32_WPAN/interface/patterns/ble_thread/tl/tl_mbox.o
                0x080057f4                TL_BLE_SendCmd
 .text.HW_IPCC_BLE_RxEvtNot
                0x08005810       0x2c ./Middlewares/ST/STM32_WPAN/interface/patterns/ble_thread/tl/tl_mbox.o
                0x08005810                HW_IPCC_BLE_RxEvtNot
 .text.HW_IPCC_BLE_AclDataAckNot
                0x0800583c        0xc ./Middlewares/ST/STM32_WPAN/interface/patterns/ble_thread/tl/tl_mbox.o
                0x0800583c                HW_IPCC_BLE_AclDataAckNot
 .text.TL_SYS_Init
                0x08005848       0x3c ./Middlewares/ST/STM32_WPAN/interface/patterns/ble_thread/tl/tl_mbox.o
                0x08005848                TL_SYS_Init
 .text.TL_SYS_SendCmd
                0x08005884       0x1c ./Middlewares/ST/STM32_WPAN/interface/patterns/ble_thread/tl/tl_mbox.o
                0x08005884                TL_SYS_SendCmd
 .text.HW_IPCC_SYS_CmdEvtNot
                0x080058a0       0x18 ./Middlewares/ST/STM32_WPAN/interface/patterns/ble_thread/tl/tl_mbox.o
                0x080058a0                HW_IPCC_SYS_CmdEvtNot
 .text.HW_IPCC_SYS_EvtNot
                0x080058b8       0x2c ./Middlewares/ST/STM32_WPAN/interface/patterns/ble_thread/tl/tl_mbox.o
                0x080058b8                HW_IPCC_SYS_EvtNot
 .text.TL_MM_Init
                0x080058e4       0x40 ./Middlewares/ST/STM32_WPAN/interface/patterns/ble_thread/tl/tl_mbox.o
                0x080058e4                TL_MM_Init
 .text.TL_MM_EvtDone
                0x08005924       0x1c ./Middlewares/ST/STM32_WPAN/interface/patterns/ble_thread/tl/tl_mbox.o
                0x08005924                TL_MM_EvtDone
 .text.TL_TRACES_Init
                0x08005940       0x20 ./Middlewares/ST/STM32_WPAN/interface/patterns/ble_thread/tl/tl_mbox.o
                0x08005940                TL_TRACES_Init
 .text.TL_TRACES_EvtReceived
                0x08005960        0x2 ./Middlewares/ST/STM32_WPAN/interface/patterns/ble_thread/tl/tl_mbox.o
                0x08005960                TL_TRACES_EvtReceived
 *fill*         0x08005962        0x2 
 .text.HW_IPCC_TRACES_EvtNot
                0x08005964       0x24 ./Middlewares/ST/STM32_WPAN/interface/patterns/ble_thread/tl/tl_mbox.o
                0x08005964                HW_IPCC_TRACES_EvtNot
 .text.OTP_Read
                0x08005988       0x20 ./Middlewares/ST/STM32_WPAN/utilities/otp.o
                0x08005988                OTP_Read
 .text.LST_init_head
                0x080059a8        0x6 ./Middlewares/ST/STM32_WPAN/utilities/stm_list.o
                0x080059a8                LST_init_head
 .text.LST_is_empty
                0x080059ae       0x14 ./Middlewares/ST/STM32_WPAN/utilities/stm_list.o
                0x080059ae                LST_is_empty
 .text.LST_insert_head
                0x080059c2       0x18 ./Middlewares/ST/STM32_WPAN/utilities/stm_list.o
                0x080059c2                LST_insert_head
 .text.LST_insert_tail
                0x080059da       0x18 ./Middlewares/ST/STM32_WPAN/utilities/stm_list.o
                0x080059da                LST_insert_tail
 .text.LST_remove_node
                0x080059f2       0x16 ./Middlewares/ST/STM32_WPAN/utilities/stm_list.o
                0x080059f2                LST_remove_node
 .text.LST_remove_head
                0x08005a08       0x18 ./Middlewares/ST/STM32_WPAN/utilities/stm_list.o
                0x08005a08                LST_remove_head
 .text.BLE_UserEvtRx
                0x08005a20       0x16 ./STM32_WPAN/App/app_ble.o
 *fill*         0x08005a36        0x2 
 .text.Adv_Cancel
                0x08005a38       0x1c ./STM32_WPAN/App/app_ble.o
 .text.BLE_StatusNot
                0x08005a54       0x14 ./STM32_WPAN/App/app_ble.o
 .text.Adv_Request.constprop.0
                0x08005a68       0x3c ./STM32_WPAN/App/app_ble.o
 .text.APP_BLE_Init
                0x08005aa4      0x1a4 ./STM32_WPAN/App/app_ble.o
                0x08005aa4                APP_BLE_Init
 .text.SVCCTL_App_Notification
                0x08005c48       0xac ./STM32_WPAN/App/app_ble.o
                0x08005c48                SVCCTL_App_Notification
 .text.hci_notify_asynch_evt
                0x08005cf4        0x8 ./STM32_WPAN/App/app_ble.o
                0x08005cf4                hci_notify_asynch_evt
 .text.hci_cmd_resp_release
                0x08005cfc        0x6 ./STM32_WPAN/App/app_ble.o
                0x08005cfc                hci_cmd_resp_release
 .text.hci_cmd_resp_wait
                0x08005d02        0x6 ./STM32_WPAN/App/app_ble.o
                0x08005d02                hci_cmd_resp_wait
 .text.Custom_STM_App_Notification
                0x08005d08        0x2 ./STM32_WPAN/App/custom_app.o
                0x08005d08                Custom_STM_App_Notification
 .text.Custom_APP_Notification
                0x08005d0a        0x2 ./STM32_WPAN/App/custom_app.o
                0x08005d0a                Custom_APP_Notification
 .text.Custom_APP_Init
                0x08005d0c        0x2 ./STM32_WPAN/App/custom_app.o
                0x08005d0c                Custom_APP_Init
 .text.Custom_STM_Event_Handler
                0x08005d0e       0x34 ./STM32_WPAN/App/custom_stm.o
 *fill*         0x08005d42        0x2 
 .text.SVCCTL_InitCustomSvc
                0x08005d44       0x8c ./STM32_WPAN/App/custom_stm.o
                0x08005d44                SVCCTL_InitCustomSvc
 .text.Custom_STM_App_Update_Char
                0x08005dd0       0x28 ./STM32_WPAN/App/custom_stm.o
                0x08005dd0                Custom_STM_App_Update_Char
 .text.HW_IPCC_Enable
                0x08005df8       0x50 ./STM32_WPAN/Target/hw_ipcc.o
                0x08005df8                HW_IPCC_Enable
 .text.HW_IPCC_Init
                0x08005e48       0x40 ./STM32_WPAN/Target/hw_ipcc.o
                0x08005e48                HW_IPCC_Init
 .text.HW_IPCC_BLE_Init
                0x08005e88       0x10 ./STM32_WPAN/Target/hw_ipcc.o
                0x08005e88                HW_IPCC_BLE_Init
 .text.HW_IPCC_BLE_SendCmd
                0x08005e98       0x10 ./STM32_WPAN/Target/hw_ipcc.o
                0x08005e98                HW_IPCC_BLE_SendCmd
 .text.HW_IPCC_SYS_Init
                0x08005ea8       0x10 ./STM32_WPAN/Target/hw_ipcc.o
                0x08005ea8                HW_IPCC_SYS_Init
 .text.HW_IPCC_SYS_SendCmd
                0x08005eb8       0x18 ./STM32_WPAN/Target/hw_ipcc.o
                0x08005eb8                HW_IPCC_SYS_SendCmd
 .text.HW_IPCC_Tx_Handler
                0x08005ed0       0x64 ./STM32_WPAN/Target/hw_ipcc.o
                0x08005ed0                HW_IPCC_Tx_Handler
 .text.HW_IPCC_MM_SendFreeBuf
                0x08005f34       0x2c ./STM32_WPAN/Target/hw_ipcc.o
                0x08005f34                HW_IPCC_MM_SendFreeBuf
 .text.HW_IPCC_TRACES_Init
                0x08005f60       0x10 ./STM32_WPAN/Target/hw_ipcc.o
                0x08005f60                HW_IPCC_TRACES_Init
 .text.HW_IPCC_Rx_Handler
                0x08005f70       0x48 ./STM32_WPAN/Target/hw_ipcc.o
                0x08005f70                HW_IPCC_Rx_Handler
 .text.UTIL_LPM_Init
                0x08005fb8       0x14 ./Utilities/lpm/tiny_lpm/stm32_lpm.o
                0x08005fb8                UTIL_LPM_Init
 .text.UTIL_LPM_SetOffMode
                0x08005fcc       0x2c ./Utilities/lpm/tiny_lpm/stm32_lpm.o
                0x08005fcc                UTIL_LPM_SetOffMode
 .text.UTIL_SEQ_SetTask
                0x08005ff8       0x2c ./Utilities/sequencer/stm32_seq.o
                0x08005ff8                UTIL_SEQ_SetTask
 .text.UTIL_SEQ_PauseTask
                0x08006024       0x1c ./Utilities/sequencer/stm32_seq.o
                0x08006024                UTIL_SEQ_PauseTask
 .text.UTIL_SEQ_ResumeTask
                0x08006040       0x18 ./Utilities/sequencer/stm32_seq.o
                0x08006040                UTIL_SEQ_ResumeTask
 .text.UTIL_SEQ_SetEvt
                0x08006058       0x18 ./Utilities/sequencer/stm32_seq.o
                0x08006058                UTIL_SEQ_SetEvt
 .text.UTIL_SEQ_PreIdle
                0x08006070        0x2 ./Utilities/sequencer/stm32_seq.o
                0x08006070                UTIL_SEQ_PreIdle
 .text.UTIL_SEQ_PostIdle
                0x08006072        0x2 ./Utilities/sequencer/stm32_seq.o
                0x08006072                UTIL_SEQ_PostIdle
 .text.SEQ_BitPosition
                0x08006074       0x40 ./Utilities/sequencer/stm32_seq.o
                0x08006074                SEQ_BitPosition
 .text.UTIL_SEQ_Run
                0x080060b4      0x124 ./Utilities/sequencer/stm32_seq.o
                0x080060b4                UTIL_SEQ_Run
 .text.UTIL_SEQ_WaitEvt
                0x080061d8       0x64 ./Utilities/sequencer/stm32_seq.o
                0x080061d8                UTIL_SEQ_WaitEvt
 .text.UTIL_SEQ_RegTask
                0x0800623c       0x20 ./Utilities/sequencer/stm32_seq.o
                0x0800623c                UTIL_SEQ_RegTask
 .text.memcmp   0x0800625c       0x20 /opt/stm32cubeide/plugins/com.st.stm32cube.ide.mcu.externaltools.gnu-tools-for-stm32.12.3.rel1.linux64_1.0.200.202406132123/tools/bin/../lib/gcc/arm-none-eabi/12.3.1/../../../../arm-none-eabi/lib/thumb/v7e-m+fp/hard/libc_nano.a(libc_a-memcmp.o)
                0x0800625c                memcmp
 .text.memset   0x0800627c       0x10 /opt/stm32cubeide/plugins/com.st.stm32cube.ide.mcu.externaltools.gnu-tools-for-stm32.12.3.rel1.linux64_1.0.200.202406132123/tools/bin/../lib/gcc/arm-none-eabi/12.3.1/../../../../arm-none-eabi/lib/thumb/v7e-m+fp/hard/libc_nano.a(libc_a-memset.o)
                0x0800627c                memset
 .text.__errno  0x0800628c        0xc /opt/stm32cubeide/plugins/com.st.stm32cube.ide.mcu.externaltools.gnu-tools-for-stm32.12.3.rel1.linux64_1.0.200.202406132123/tools/bin/../lib/gcc/arm-none-eabi/12.3.1/../../../../arm-none-eabi/lib/thumb/v7e-m+fp/hard/libc_nano.a(libc_a-errno.o)
                0x0800628c                __errno
 .text.__libc_init_array
                0x08006298       0x48 /opt/stm32cubeide/plugins/com.st.stm32cube.ide.mcu.externaltools.gnu-tools-for-stm32.12.3.rel1.linux64_1.0.200.202406132123/tools/bin/../lib/gcc/arm-none-eabi/12.3.1/../../../../arm-none-eabi/lib/thumb/v7e-m+fp/hard/libc_nano.a(libc_a-init.o)
                0x08006298                __libc_init_array
 .text.memcpy   0x080062e0       0x1c /opt/stm32cubeide/plugins/com.st.stm32cube.ide.mcu.externaltools.gnu-tools-for-stm32.12.3.rel1.linux64_1.0.200.202406132123/tools/bin/../lib/gcc/arm-none-eabi/12.3.1/../../../../arm-none-eabi/lib/thumb/v7e-m+fp/hard/libc_nano.a(libc_a-memcpy-stub.o)
                0x080062e0                memcpy
 .text.sqrt     0x080062fc       0x58 /opt/stm32cubeide/plugins/com.st.stm32cube.ide.mcu.externaltools.gnu-tools-for-stm32.12.3.rel1.linux64_1.0.200.202406132123/tools/bin/../lib/gcc/arm-none-eabi/12.3.1/../../../../arm-none-eabi/lib/thumb/v7e-m+fp/hard/libm.a(libm_a-w_sqrt.o)
                0x080062fc                sqrt
 .text.__ieee754_sqrt
                0x08006354      0x1b4 /opt/stm32cubeide/plugins/com.st.stm32cube.ide.mcu.externaltools.gnu-tools-for-stm32.12.3.rel1.linux64_1.0.200.202406132123/tools/bin/../lib/gcc/arm-none-eabi/12.3.1/../../../../arm-none-eabi/lib/thumb/v7e-m+fp/hard/libm.a(libm_a-e_sqrt.o)
                0x08006354                __ieee754_sqrt
 *(.glue_7)
 .glue_7        0x08006508        0x0 linker stubs
 *(.glue_7t)
 .glue_7t       0x08006508        0x0 linker stubs
 *(.eh_frame)
 .eh_frame      0x08006508        0x0 /opt/stm32cubeide/plugins/com.st.stm32cube.ide.mcu.externaltools.gnu-tools-for-stm32.12.3.rel1.linux64_1.0.200.202406132123/tools/bin/../lib/gcc/arm-none-eabi/12.3.1/thumb/v7e-m+fp/hard/crtbegin.o
 *(.init)
 .init          0x08006508        0x4 /opt/stm32cubeide/plugins/com.st.stm32cube.ide.mcu.externaltools.gnu-tools-for-stm32.12.3.rel1.linux64_1.0.200.202406132123/tools/bin/../lib/gcc/arm-none-eabi/12.3.1/thumb/v7e-m+fp/hard/crti.o
                0x08006508                _init
 .init          0x0800650c        0x8 /opt/stm32cubeide/plugins/com.st.stm32cube.ide.mcu.externaltools.gnu-tools-for-stm32.12.3.rel1.linux64_1.0.200.202406132123/tools/bin/../lib/gcc/arm-none-eabi/12.3.1/thumb/v7e-m+fp/hard/crtn.o
 *(.fini)
 .fini          0x08006514        0x4 /opt/stm32cubeide/plugins/com.st.stm32cube.ide.mcu.externaltools.gnu-tools-for-stm32.12.3.rel1.linux64_1.0.200.202406132123/tools/bin/../lib/gcc/arm-none-eabi/12.3.1/thumb/v7e-m+fp/hard/crti.o
                0x08006514                _fini
 .fini          0x08006518        0x8 /opt/stm32cubeide/plugins/com.st.stm32cube.ide.mcu.externaltools.gnu-tools-for-stm32.12.3.rel1.linux64_1.0.200.202406132123/tools/bin/../lib/gcc/arm-none-eabi/12.3.1/thumb/v7e-m+fp/hard/crtn.o
                0x08006520                        . = ALIGN (0x4)
                0x08006520                        _etext = .

.vfp11_veneer   0x08006520        0x0
 .vfp11_veneer  0x08006520        0x0 linker stubs

.v4_bx          0x08006520        0x0
 .v4_bx         0x08006520        0x0 linker stubs

.iplt           0x08006520        0x0
 .iplt          0x08006520        0x0 /opt/stm32cubeide/plugins/com.st.stm32cube.ide.mcu.externaltools.gnu-tools-for-stm32.12.3.rel1.linux64_1.0.200.202406132123/tools/bin/../lib/gcc/arm-none-eabi/12.3.1/thumb/v7e-m+fp/hard/crtbegin.o

.rodata         0x08006520     0x3b4c
                0x08006520                        . = ALIGN (0x4)
 *(.rodata)
 .rodata        0x08006520       0x1b ./Core/Src/app_debug.o
 *fill*         0x0800653b        0x1 
 .rodata        0x0800653c       0x20 ./Drivers/STM32WBxx_HAL_Driver/Src/stm32wbxx_hal_rcc.o
 .rodata        0x0800655c       0x3a ./STM32_WPAN/App/app_ble.o
 *(.rodata*)
 .rodata.CSWTCH.79
                0x08006596       0x14 ./Core/Src/ICM_20948_INV.o
 .rodata.inv_androidSensor_to_control_bits
                0x080065aa       0x58 ./Core/Src/ICM_20948_INV.o
                0x080065aa                inv_androidSensor_to_control_bits
 *fill*         0x08006602        0x2 
 .rodata.DMP_Raw_Gyro_Byte_Ordering
                0x08006604       0x30 ./Core/Src/ICM_20948_INV.o
                0x08006604                DMP_Raw_Gyro_Byte_Ordering
 .rodata.DMP_Quat6_Byte_Ordering
                0x08006634       0x30 ./Core/Src/ICM_20948_INV.o
                0x08006634                DMP_Quat6_Byte_Ordering
 .rodata.DMP_Quat9_Byte_Ordering
                0x08006664       0x38 ./Core/Src/ICM_20948_INV.o
                0x08006664                DMP_Quat9_Byte_Ordering
 .rodata.dmp3_image
                0x0800669c     0x37dd ./Core/Src/ICM_20948_INV.o
                0x0800669c                dmp3_image
 .rodata.aGpioConfigList
                0x08009e79      0x130 ./Core/Src/app_debug.o
 *fill*         0x08009fa9        0x3 
 .rodata.MSIRangeTable
                0x08009fac       0x40 ./Core/Src/system_stm32wbxx.o
                0x08009fac                MSIRangeTable
 .rodata.AHBPrescTable
                0x08009fec       0x40 ./Core/Src/system_stm32wbxx.o
                0x08009fec                AHBPrescTable
 .rodata.APP_BLE_Init.str1.1
                0x0800a02c        0x9 ./STM32_WPAN/App/app_ble.o
 .rodata.a_BLE_CfgErValue
                0x0800a035       0x10 ./STM32_WPAN/App/app_ble.o
 .rodata.a_BLE_CfgIrValue
                0x0800a045       0x10 ./STM32_WPAN/App/app_ble.o
 .rodata.a_MBdAddr
                0x0800a055        0x6 ./STM32_WPAN/App/app_ble.o
 .rodata.SEQ_clz_table_4bit
                0x0800a05b       0x10 ./Utilities/sequencer/stm32_seq.o
                0x0800a05b                SEQ_clz_table_4bit
                0x0800a06c                        . = ALIGN (0x4)
 *fill*         0x0800a06b        0x1 

.ARM.extab
 *(.ARM.extab* .gnu.linkonce.armextab.*)

.ARM            0x0800a06c        0x8
                0x0800a06c                        __exidx_start = .
 *(.ARM.exidx*)
 .ARM.exidx     0x0800a06c        0x8 /opt/stm32cubeide/plugins/com.st.stm32cube.ide.mcu.externaltools.gnu-tools-for-stm32.12.3.rel1.linux64_1.0.200.202406132123/tools/bin/../lib/gcc/arm-none-eabi/12.3.1/thumb/v7e-m+fp/hard/libgcc.a(_udivmoddi4.o)
                0x0800a074                        __exidx_end = .

.rel.dyn        0x0800a074        0x0
 .rel.iplt      0x0800a074        0x0 /opt/stm32cubeide/plugins/com.st.stm32cube.ide.mcu.externaltools.gnu-tools-for-stm32.12.3.rel1.linux64_1.0.200.202406132123/tools/bin/../lib/gcc/arm-none-eabi/12.3.1/thumb/v7e-m+fp/hard/crtbegin.o

.preinit_array  0x0800a074        0x0
                0x0800a074                        PROVIDE (__preinit_array_start = .)
 *(.preinit_array*)
                0x0800a074                        PROVIDE (__preinit_array_end = .)

.init_array     0x0800a074        0x4
                0x0800a074                        PROVIDE (__init_array_start = .)
 *(SORT_BY_NAME(.init_array.*))
 *(.init_array*)
 .init_array    0x0800a074        0x4 /opt/stm32cubeide/plugins/com.st.stm32cube.ide.mcu.externaltools.gnu-tools-for-stm32.12.3.rel1.linux64_1.0.200.202406132123/tools/bin/../lib/gcc/arm-none-eabi/12.3.1/thumb/v7e-m+fp/hard/crtbegin.o
                0x0800a078                        PROVIDE (__init_array_end = .)

.fini_array     0x0800a078        0x4
                [!provide]                        PROVIDE (__fini_array_start = .)
 *(SORT_BY_NAME(.fini_array.*))
 *(.fini_array*)
 .fini_array    0x0800a078        0x4 /opt/stm32cubeide/plugins/com.st.stm32cube.ide.mcu.externaltools.gnu-tools-for-stm32.12.3.rel1.linux64_1.0.200.202406132123/tools/bin/../lib/gcc/arm-none-eabi/12.3.1/thumb/v7e-m+fp/hard/crtbegin.o
                [!provide]                        PROVIDE (__fini_array_end = .)
                0x0800a07c                        _sidata = LOADADDR (.data)

.data           0x20000008       0x98 load address 0x0800a07c
                0x20000008                        . = ALIGN (0x4)
                0x20000008                        _sdata = .
 *(.data)
 *(.data*)
 .data.STBY_DtbGpiobPinList
                0x20000008        0x2 ./Core/Src/standby.o
                0x20000008                STBY_DtbGpiobPinList
 .data.STBY_DtbGpioaPinList
                0x2000000a        0x2 ./Core/Src/standby.o
                0x2000000a                STBY_DtbGpioaPinList
 .data.STBY_DebugGpiocPinList
                0x2000000c        0x2 ./Core/Src/standby.o
                0x2000000c                STBY_DebugGpiocPinList
 .data.STBY_DebugGpiobPinList
                0x2000000e        0x2 ./Core/Src/standby.o
                0x2000000e                STBY_DebugGpiobPinList
 .data.STBY_DebugGpioaPinList
                0x20000010        0x2 ./Core/Src/standby.o
                0x20000010                STBY_DebugGpioaPinList
 *fill*         0x20000012        0x2 
 .data.SystemCoreClock
                0x20000014        0x4 ./Core/Src/system_stm32wbxx.o
                0x20000014                SystemCoreClock
 .data.uwTickFreq
                0x20000018        0x1 ./Drivers/STM32WBxx_HAL_Driver/Src/stm32wbxx_hal.o
                0x20000018                uwTickFreq
 *fill*         0x20000019        0x3 
 .data.uwTickPrio
                0x2000001c        0x4 ./Drivers/STM32WBxx_HAL_Driver/Src/stm32wbxx_hal.o
                0x2000001c                uwTickPrio
 .data.a_AdvData
                0x20000020       0x10 ./STM32_WPAN/App/app_ble.o
                0x20000020                a_AdvData
 .data.SizeInfo_C
                0x20000030        0x2 ./STM32_WPAN/App/custom_stm.o
                0x20000030                SizeInfo_C
 *fill*         0x20000032        0x2 
 .data.SuperMask
                0x20000034        0x4 ./Utilities/sequencer/stm32_seq.o
 .data.TaskMask
                0x20000038        0x4 ./Utilities/sequencer/stm32_seq.o
 .data._impure_ptr
                0x2000003c        0x4 /opt/stm32cubeide/plugins/com.st.stm32cube.ide.mcu.externaltools.gnu-tools-for-stm32.12.3.rel1.linux64_1.0.200.202406132123/tools/bin/../lib/gcc/arm-none-eabi/12.3.1/../../../../arm-none-eabi/lib/thumb/v7e-m+fp/hard/libc_nano.a(libc_a-impure.o)
                0x2000003c                _impure_ptr
 .data._impure_data
                0x20000040       0x4c /opt/stm32cubeide/plugins/com.st.stm32cube.ide.mcu.externaltools.gnu-tools-for-stm32.12.3.rel1.linux64_1.0.200.202406132123/tools/bin/../lib/gcc/arm-none-eabi/12.3.1/../../../../arm-none-eabi/lib/thumb/v7e-m+fp/hard/libc_nano.a(libc_a-impure.o)
                0x20000040                _impure_data
 *fill*         0x2000008c        0x4 
 .data.tiny     0x20000090        0x8 /opt/stm32cubeide/plugins/com.st.stm32cube.ide.mcu.externaltools.gnu-tools-for-stm32.12.3.rel1.linux64_1.0.200.202406132123/tools/bin/../lib/gcc/arm-none-eabi/12.3.1/../../../../arm-none-eabi/lib/thumb/v7e-m+fp/hard/libm.a(libm_a-e_sqrt.o)
 .data.one      0x20000098        0x8 /opt/stm32cubeide/plugins/com.st.stm32cube.ide.mcu.externaltools.gnu-tools-for-stm32.12.3.rel1.linux64_1.0.200.202406132123/tools/bin/../lib/gcc/arm-none-eabi/12.3.1/../../../../arm-none-eabi/lib/thumb/v7e-m+fp/hard/libm.a(libm_a-e_sqrt.o)
 *(.RamFunc)
 *(.RamFunc*)
                0x200000a0                        . = ALIGN (0x4)
                0x200000a0                        _edata = .

.igot.plt       0x200000a0        0x0 load address 0x0800a114
 .igot.plt      0x200000a0        0x0 /opt/stm32cubeide/plugins/com.st.stm32cube.ide.mcu.externaltools.gnu-tools-for-stm32.12.3.rel1.linux64_1.0.200.202406132123/tools/bin/../lib/gcc/arm-none-eabi/12.3.1/thumb/v7e-m+fp/hard/crtbegin.o

BLE_DRIVER_CONTEXT
                0x200000a0       0x35 load address 0x0800a114
 BLE_DRIVER_CONTEXT
                0x200000a0       0x24 ./Middlewares/ST/STM32_WPAN/ble/svc/Src/svc_ctl.o
                0x200000a0                SVCCTL_CltHandler
                0x200000a4                SVCCTL_EvtHandler
 BLE_DRIVER_CONTEXT
                0x200000c4       0x11 ./Middlewares/ST/STM32_WPAN/interface/patterns/ble_thread/tl/hci_tl.o
                0x200000c4                UserEventFlow

SYSTEM_DRIVER_CONTEXT
                0x200000d8       0x11 load address 0x0800a149
 SYSTEM_DRIVER_CONTEXT
                0x200000d8       0x11 ./Middlewares/ST/STM32_WPAN/interface/patterns/ble_thread/tl/shci_tl.o
                0x200000d8                SHCI_TL_UserEventFlow
                0x200000ec                        . = ALIGN (0x4)

.bss            0x200000f0      0x6d0 load address 0x0800a15a
                0x200000f0                        _sbss = .
                0x200000f0                        __bss_start__ = _sbss
 *(.bss)
 .bss           0x200000f0       0x1c /opt/stm32cubeide/plugins/com.st.stm32cube.ide.mcu.externaltools.gnu-tools-for-stm32.12.3.rel1.linux64_1.0.200.202406132123/tools/bin/../lib/gcc/arm-none-eabi/12.3.1/thumb/v7e-m+fp/hard/crtbegin.o
 *(.bss*)
 .bss.i2c_bus   0x2000010c       0x54 ./Core/Src/ICM_20948_INV.o
                0x2000010c                i2c_bus
 .bss.MaxWakeupTimerSetup
                0x20000160        0x2 ./Core/Src/hw_timerserver.o
 .bss.SynchPrescalerUserConfig
                0x20000162        0x2 ./Core/Src/hw_timerserver.o
 .bss.AsynchPrescalerUserConfig
                0x20000164        0x1 ./Core/Src/hw_timerserver.o
 .bss.WakeupTimerDivider
                0x20000165        0x1 ./Core/Src/hw_timerserver.o
 .bss.WakeupTimerLimitation
                0x20000166        0x1 ./Core/Src/hw_timerserver.o
 *fill*         0x20000167        0x1 
 .bss.SSRValueOnLastSetup
                0x20000168        0x4 ./Core/Src/hw_timerserver.o
 .bss.PreviousRunningTimerID
                0x2000016c        0x1 ./Core/Src/hw_timerserver.o
 .bss.CurrentRunningTimerID
                0x2000016d        0x1 ./Core/Src/hw_timerserver.o
 *fill*         0x2000016e        0x2 
 .bss.aTimerContext
                0x20000170       0x90 ./Core/Src/hw_timerserver.o
 .bss.q3        0x20000200        0x8 ./Core/Src/main.o
                0x20000200                q3
 .bss.q2        0x20000208        0x8 ./Core/Src/main.o
                0x20000208                q2
 .bss.q1        0x20000210        0x8 ./Core/Src/main.o
                0x20000210                q1
 .bss.q0        0x20000218        0x8 ./Core/Src/main.o
                0x20000218                q0
 .bss.char_buf  0x20000220      0x200 ./Core/Src/main.o
                0x20000220                char_buf
 .bss.hrtc      0x20000420       0x24 ./Core/Src/main.o
                0x20000420                hrtc
 .bss.hipcc     0x20000444       0x3c ./Core/Src/main.o
                0x20000444                hipcc
 .bss.hi2c1     0x20000480       0x54 ./Core/Src/main.o
                0x20000480                hi2c1
 .bss.uwTick    0x200004d4        0x4 ./Drivers/STM32WBxx_HAL_Driver/Src/stm32wbxx_hal.o
                0x200004d4                uwTick
 .bss.CmdRspStatusFlag
                0x200004d8        0x1 ./Middlewares/ST/STM32_WPAN/interface/patterns/ble_thread/tl/hci_tl.o
 *fill*         0x200004d9        0x3 
 .bss.StatusNotCallBackFunction
                0x200004dc        0x4 ./Middlewares/ST/STM32_WPAN/interface/patterns/ble_thread/tl/hci_tl.o
 .bss.HciCmdEventQueue
                0x200004e0        0x8 ./Middlewares/ST/STM32_WPAN/interface/patterns/ble_thread/tl/hci_tl.o
 .bss.hciContext
                0x200004e8       0x20 ./Middlewares/ST/STM32_WPAN/interface/patterns/ble_thread/tl/hci_tl.o
 .bss.CmdRspStatusFlag
                0x20000508        0x1 ./Middlewares/ST/STM32_WPAN/interface/patterns/ble_thread/tl/shci_tl.o
 *fill*         0x20000509        0x3 
 .bss.StatusNotCallBackFunction
                0x2000050c        0x4 ./Middlewares/ST/STM32_WPAN/interface/patterns/ble_thread/tl/shci_tl.o
 .bss.shciContext
                0x20000510       0x20 ./Middlewares/ST/STM32_WPAN/interface/patterns/ble_thread/tl/shci_tl.o
 .bss.SYS_EVT_IoBusCallBackFunction
                0x20000530        0x4 ./Middlewares/ST/STM32_WPAN/interface/patterns/ble_thread/tl/tl_mbox.o
 .bss.SYS_CMD_IoBusCallBackFunction
                0x20000534        0x4 ./Middlewares/ST/STM32_WPAN/interface/patterns/ble_thread/tl/tl_mbox.o
 .bss.BLE_IoBusAclDataTxAck
                0x20000538        0x4 ./Middlewares/ST/STM32_WPAN/interface/patterns/ble_thread/tl/tl_mbox.o
 .bss.BLE_IoBusEvtCallBackFunction
                0x2000053c        0x4 ./Middlewares/ST/STM32_WPAN/interface/patterns/ble_thread/tl/tl_mbox.o
 .bss.LocalFreeBufQueue
                0x20000540        0x8 ./Middlewares/ST/STM32_WPAN/interface/patterns/ble_thread/tl/tl_mbox.o
 .bss.HandleNotification
                0x20000548        0x4 ./STM32_WPAN/App/app_ble.o
                0x20000548                HandleNotification
 .bss.BleApplicationContext
                0x2000054c       0x84 ./STM32_WPAN/App/app_ble.o
 .bss.a_BdAddrUdn
                0x200005d0        0x6 ./STM32_WPAN/App/app_ble.o
 .bss.CustomContext
                0x200005d6        0x4 ./STM32_WPAN/App/custom_stm.o
 *fill*         0x200005da        0x2 
 .bss.FreeBufCb
                0x200005dc        0x4 ./STM32_WPAN/Target/hw_ipcc.o
 .bss.OffModeDisable
                0x200005e0        0x4 ./Utilities/lpm/tiny_lpm/stm32_lpm.o
 .bss.StopModeDisable
                0x200005e4        0x4 ./Utilities/lpm/tiny_lpm/stm32_lpm.o
 .bss.TaskPrio  0x200005e8       0x10 ./Utilities/sequencer/stm32_seq.o
 .bss.TaskCb    0x200005f8       0x80 ./Utilities/sequencer/stm32_seq.o
 .bss.CurrentTaskIdx
                0x20000678        0x4 ./Utilities/sequencer/stm32_seq.o
 .bss.EvtWaited
                0x2000067c        0x4 ./Utilities/sequencer/stm32_seq.o
 .bss.EvtSet    0x20000680        0x4 ./Utilities/sequencer/stm32_seq.o
 .bss.TaskSet   0x20000684        0x4 ./Utilities/sequencer/stm32_seq.o
 .bss.__sf      0x20000688      0x138 /opt/stm32cubeide/plugins/com.st.stm32cube.ide.mcu.externaltools.gnu-tools-for-stm32.12.3.rel1.linux64_1.0.200.202406132123/tools/bin/../lib/gcc/arm-none-eabi/12.3.1/../../../../arm-none-eabi/lib/thumb/v7e-m+fp/hard/libc_nano.a(libc_a-findfp.o)
                0x20000688                __sf
 *(COMMON)
                0x200007c0                        . = ALIGN (0x4)
                0x200007c0                        _ebss = .
                0x200007c0                        __bss_end__ = _ebss

._user_heap_stack
                0x200007c0      0x600 load address 0x0800a15a
                0x200007c0                        . = ALIGN (0x8)
                [!provide]                        PROVIDE (end = .)
                0x200007c0                        PROVIDE (_end = .)
                0x200009c0                        . = (. + _Min_Heap_Size)
 *fill*         0x200007c0      0x200 
                0x20000dc0                        . = (. + _Min_Stack_Size)
 *fill*         0x200009c0      0x400 
                0x20000dc0                        . = ALIGN (0x8)

/DISCARD/
 libc.a(*)
 libm.a(*)
 libgcc.a(*)

.ARM.attributes
                0x00000000       0x30
 *(.ARM.attributes)
 .ARM.attributes
                0x00000000       0x22 /opt/stm32cubeide/plugins/com.st.stm32cube.ide.mcu.externaltools.gnu-tools-for-stm32.12.3.rel1.linux64_1.0.200.202406132123/tools/bin/../lib/gcc/arm-none-eabi/12.3.1/thumb/v7e-m+fp/hard/crti.o
 .ARM.attributes
                0x00000022       0x34 /opt/stm32cubeide/plugins/com.st.stm32cube.ide.mcu.externaltools.gnu-tools-for-stm32.12.3.rel1.linux64_1.0.200.202406132123/tools/bin/../lib/gcc/arm-none-eabi/12.3.1/thumb/v7e-m+fp/hard/crtbegin.o
 .ARM.attributes
                0x00000056       0x34 ./Core/Src/ICM_20948_INV.o
 .ARM.attributes
                0x0000008a       0x34 ./Core/Src/app_debug.o
 .ARM.attributes
                0x000000be       0x34 ./Core/Src/app_entry.o
 .ARM.attributes
                0x000000f2       0x34 ./Core/Src/hw_timerserver.o
 .ARM.attributes
                0x00000126       0x34 ./Core/Src/main.o
 .ARM.attributes
                0x0000015a       0x34 ./Core/Src/pb_helper.o
 .ARM.attributes
                0x0000018e       0x34 ./Core/Src/standby.o
 .ARM.attributes
                0x000001c2       0x34 ./Core/Src/stm32wbxx_hal_msp.o
 .ARM.attributes
                0x000001f6       0x34 ./Core/Src/stm32wbxx_it.o
 .ARM.attributes
                0x0000022a       0x34 ./Core/Src/system_stm32wbxx.o
 .ARM.attributes
                0x0000025e       0x21 ./Core/Startup/startup_stm32wb10ccux.o
 .ARM.attributes
                0x0000027f       0x34 ./Drivers/STM32WBxx_HAL_Driver/Src/stm32wbxx_hal.o
 .ARM.attributes
                0x000002b3       0x34 ./Drivers/STM32WBxx_HAL_Driver/Src/stm32wbxx_hal_cortex.o
 .ARM.attributes
                0x000002e7       0x34 ./Drivers/STM32WBxx_HAL_Driver/Src/stm32wbxx_hal_gpio.o
 .ARM.attributes
                0x0000031b       0x34 ./Drivers/STM32WBxx_HAL_Driver/Src/stm32wbxx_hal_hsem.o
 .ARM.attributes
                0x0000034f       0x34 ./Drivers/STM32WBxx_HAL_Driver/Src/stm32wbxx_hal_i2c.o
 .ARM.attributes
                0x00000383       0x34 ./Drivers/STM32WBxx_HAL_Driver/Src/stm32wbxx_hal_i2c_ex.o
 .ARM.attributes
                0x000003b7       0x34 ./Drivers/STM32WBxx_HAL_Driver/Src/stm32wbxx_hal_ipcc.o
 .ARM.attributes
                0x000003eb       0x34 ./Drivers/STM32WBxx_HAL_Driver/Src/stm32wbxx_hal_pwr.o
 .ARM.attributes
                0x0000041f       0x34 ./Drivers/STM32WBxx_HAL_Driver/Src/stm32wbxx_hal_pwr_ex.o
 .ARM.attributes
                0x00000453       0x34 ./Drivers/STM32WBxx_HAL_Driver/Src/stm32wbxx_hal_rcc.o
 .ARM.attributes
                0x00000487       0x34 ./Drivers/STM32WBxx_HAL_Driver/Src/stm32wbxx_hal_rcc_ex.o
 .ARM.attributes
                0x000004bb       0x34 ./Drivers/STM32WBxx_HAL_Driver/Src/stm32wbxx_hal_rtc.o
 .ARM.attributes
                0x000004ef       0x34 ./Drivers/STM32WBxx_HAL_Driver/Src/stm32wbxx_hal_rtc_ex.o
 .ARM.attributes
                0x00000523       0x34 ./Middlewares/ST/STM32_WPAN/ble/core/auto/ble_gap_aci.o
 .ARM.attributes
                0x00000557       0x34 ./Middlewares/ST/STM32_WPAN/ble/core/auto/ble_gatt_aci.o
 .ARM.attributes
                0x0000058b       0x34 ./Middlewares/ST/STM32_WPAN/ble/core/auto/ble_hal_aci.o
 .ARM.attributes
                0x000005bf       0x34 ./Middlewares/ST/STM32_WPAN/ble/core/auto/ble_hci_le.o
 .ARM.attributes
                0x000005f3       0x34 ./Middlewares/ST/STM32_WPAN/ble/core/template/osal.o
 .ARM.attributes
                0x00000627       0x34 ./Middlewares/ST/STM32_WPAN/ble/svc/Src/svc_ctl.o
 .ARM.attributes
                0x0000065b       0x34 ./Middlewares/ST/STM32_WPAN/interface/patterns/ble_thread/shci/shci.o
 .ARM.attributes
                0x0000068f       0x34 ./Middlewares/ST/STM32_WPAN/interface/patterns/ble_thread/tl/hci_tl.o
 .ARM.attributes
                0x000006c3       0x34 ./Middlewares/ST/STM32_WPAN/interface/patterns/ble_thread/tl/hci_tl_if.o
 .ARM.attributes
                0x000006f7       0x34 ./Middlewares/ST/STM32_WPAN/interface/patterns/ble_thread/tl/shci_tl.o
 .ARM.attributes
                0x0000072b       0x34 ./Middlewares/ST/STM32_WPAN/interface/patterns/ble_thread/tl/shci_tl_if.o
 .ARM.attributes
                0x0000075f       0x34 ./Middlewares/ST/STM32_WPAN/interface/patterns/ble_thread/tl/tl_mbox.o
 .ARM.attributes
                0x00000793       0x34 ./Middlewares/ST/STM32_WPAN/utilities/otp.o
 .ARM.attributes
                0x000007c7       0x34 ./Middlewares/ST/STM32_WPAN/utilities/stm_list.o
 .ARM.attributes
                0x000007fb       0x34 ./STM32_WPAN/App/app_ble.o
 .ARM.attributes
                0x0000082f       0x34 ./STM32_WPAN/App/custom_app.o
 .ARM.attributes
                0x00000863       0x34 ./STM32_WPAN/App/custom_stm.o
 .ARM.attributes
                0x00000897       0x34 ./STM32_WPAN/Target/hw_ipcc.o
 .ARM.attributes
                0x000008cb       0x34 ./Utilities/lpm/tiny_lpm/stm32_lpm.o
 .ARM.attributes
                0x000008ff       0x34 ./Utilities/sequencer/stm32_seq.o
 .ARM.attributes
                0x00000933       0x34 /opt/stm32cubeide/plugins/com.st.stm32cube.ide.mcu.externaltools.gnu-tools-for-stm32.12.3.rel1.linux64_1.0.200.202406132123/tools/bin/../lib/gcc/arm-none-eabi/12.3.1/../../../../arm-none-eabi/lib/thumb/v7e-m+fp/hard/libc_nano.a(libc_a-findfp.o)
 .ARM.attributes
                0x00000967       0x34 /opt/stm32cubeide/plugins/com.st.stm32cube.ide.mcu.externaltools.gnu-tools-for-stm32.12.3.rel1.linux64_1.0.200.202406132123/tools/bin/../lib/gcc/arm-none-eabi/12.3.1/../../../../arm-none-eabi/lib/thumb/v7e-m+fp/hard/libc_nano.a(libc_a-memcmp.o)
 .ARM.attributes
                0x0000099b       0x34 /opt/stm32cubeide/plugins/com.st.stm32cube.ide.mcu.externaltools.gnu-tools-for-stm32.12.3.rel1.linux64_1.0.200.202406132123/tools/bin/../lib/gcc/arm-none-eabi/12.3.1/../../../../arm-none-eabi/lib/thumb/v7e-m+fp/hard/libc_nano.a(libc_a-memset.o)
 .ARM.attributes
                0x000009cf       0x34 /opt/stm32cubeide/plugins/com.st.stm32cube.ide.mcu.externaltools.gnu-tools-for-stm32.12.3.rel1.linux64_1.0.200.202406132123/tools/bin/../lib/gcc/arm-none-eabi/12.3.1/../../../../arm-none-eabi/lib/thumb/v7e-m+fp/hard/libc_nano.a(libc_a-impure.o)
 .ARM.attributes
                0x00000a03       0x34 /opt/stm32cubeide/plugins/com.st.stm32cube.ide.mcu.externaltools.gnu-tools-for-stm32.12.3.rel1.linux64_1.0.200.202406132123/tools/bin/../lib/gcc/arm-none-eabi/12.3.1/../../../../arm-none-eabi/lib/thumb/v7e-m+fp/hard/libc_nano.a(libc_a-errno.o)
 .ARM.attributes
                0x00000a37       0x34 /opt/stm32cubeide/plugins/com.st.stm32cube.ide.mcu.externaltools.gnu-tools-for-stm32.12.3.rel1.linux64_1.0.200.202406132123/tools/bin/../lib/gcc/arm-none-eabi/12.3.1/../../../../arm-none-eabi/lib/thumb/v7e-m+fp/hard/libc_nano.a(libc_a-init.o)
 .ARM.attributes
                0x00000a6b       0x34 /opt/stm32cubeide/plugins/com.st.stm32cube.ide.mcu.externaltools.gnu-tools-for-stm32.12.3.rel1.linux64_1.0.200.202406132123/tools/bin/../lib/gcc/arm-none-eabi/12.3.1/../../../../arm-none-eabi/lib/thumb/v7e-m+fp/hard/libc_nano.a(libc_a-memcpy-stub.o)
 .ARM.attributes
                0x00000a9f       0x34 /opt/stm32cubeide/plugins/com.st.stm32cube.ide.mcu.externaltools.gnu-tools-for-stm32.12.3.rel1.linux64_1.0.200.202406132123/tools/bin/../lib/gcc/arm-none-eabi/12.3.1/../../../../arm-none-eabi/lib/thumb/v7e-m+fp/hard/libm.a(libm_a-w_sqrt.o)
 .ARM.attributes
                0x00000ad3       0x34 /opt/stm32cubeide/plugins/com.st.stm32cube.ide.mcu.externaltools.gnu-tools-for-stm32.12.3.rel1.linux64_1.0.200.202406132123/tools/bin/../lib/gcc/arm-none-eabi/12.3.1/../../../../arm-none-eabi/lib/thumb/v7e-m+fp/hard/libm.a(libm_a-e_sqrt.o)
 .ARM.attributes
                0x00000b07       0x22 /opt/stm32cubeide/plugins/com.st.stm32cube.ide.mcu.externaltools.gnu-tools-for-stm32.12.3.rel1.linux64_1.0.200.202406132123/tools/bin/../lib/gcc/arm-none-eabi/12.3.1/thumb/v7e-m+fp/hard/libgcc.a(_arm_addsubdf3.o)
 .ARM.attributes
                0x00000b29       0x22 /opt/stm32cubeide/plugins/com.st.stm32cube.ide.mcu.externaltools.gnu-tools-for-stm32.12.3.rel1.linux64_1.0.200.202406132123/tools/bin/../lib/gcc/arm-none-eabi/12.3.1/thumb/v7e-m+fp/hard/libgcc.a(_arm_muldivdf3.o)
 .ARM.attributes
                0x00000b4b       0x22 /opt/stm32cubeide/plugins/com.st.stm32cube.ide.mcu.externaltools.gnu-tools-for-stm32.12.3.rel1.linux64_1.0.200.202406132123/tools/bin/../lib/gcc/arm-none-eabi/12.3.1/thumb/v7e-m+fp/hard/libgcc.a(_arm_cmpdf2.o)
 .ARM.attributes
                0x00000b6d       0x22 /opt/stm32cubeide/plugins/com.st.stm32cube.ide.mcu.externaltools.gnu-tools-for-stm32.12.3.rel1.linux64_1.0.200.202406132123/tools/bin/../lib/gcc/arm-none-eabi/12.3.1/thumb/v7e-m+fp/hard/libgcc.a(_arm_unorddf2.o)
 .ARM.attributes
                0x00000b8f       0x22 /opt/stm32cubeide/plugins/com.st.stm32cube.ide.mcu.externaltools.gnu-tools-for-stm32.12.3.rel1.linux64_1.0.200.202406132123/tools/bin/../lib/gcc/arm-none-eabi/12.3.1/thumb/v7e-m+fp/hard/libgcc.a(_aeabi_uldivmod.o)
 .ARM.attributes
                0x00000bb1       0x34 /opt/stm32cubeide/plugins/com.st.stm32cube.ide.mcu.externaltools.gnu-tools-for-stm32.12.3.rel1.linux64_1.0.200.202406132123/tools/bin/../lib/gcc/arm-none-eabi/12.3.1/thumb/v7e-m+fp/hard/libgcc.a(_udivmoddi4.o)
 .ARM.attributes
                0x00000be5       0x22 /opt/stm32cubeide/plugins/com.st.stm32cube.ide.mcu.externaltools.gnu-tools-for-stm32.12.3.rel1.linux64_1.0.200.202406132123/tools/bin/../lib/gcc/arm-none-eabi/12.3.1/thumb/v7e-m+fp/hard/libgcc.a(_dvmd_tls.o)
 .ARM.attributes
                0x00000c07       0x22 /opt/stm32cubeide/plugins/com.st.stm32cube.ide.mcu.externaltools.gnu-tools-for-stm32.12.3.rel1.linux64_1.0.200.202406132123/tools/bin/../lib/gcc/arm-none-eabi/12.3.1/thumb/v7e-m+fp/hard/crtn.o

MAPPING_TABLE   0x20030000       0x28
 *(MAPPING_TABLE)
 MAPPING_TABLE  0x20030000       0x28 ./Middlewares/ST/STM32_WPAN/interface/patterns/ble_thread/tl/tl_mbox.o

MB_MEM1         0x20030028      0x1bb
 *(MB_MEM1)
 MB_MEM1        0x20030028       0xb0 ./Middlewares/ST/STM32_WPAN/interface/patterns/ble_thread/tl/tl_mbox.o
 MB_MEM1        0x200300d8      0x10b ./STM32_WPAN/App/app_ble.o
                0x0800a15a                        _siMB_MEM2 = LOADADDR (.MB_MEM2)

.MB_MEM2        0x200301e4      0x883 load address 0x0800a15a
                0x200301e4                        _sMB_MEM2 = .
 *(MB_MEM2)
 MB_MEM2        0x200301e4       0x14 ./Core/Src/app_debug.o
 MB_MEM2        0x200301f8      0x860 ./Core/Src/app_entry.o
 MB_MEM2        0x20030a58        0xf ./Middlewares/ST/STM32_WPAN/interface/patterns/ble_thread/tl/tl_mbox.o
                0x20030a67                        _eMB_MEM2 = .
OUTPUT(ble_testing.elf elf32-littlearm)
LOAD linker stubs
LOAD /opt/stm32cubeide/plugins/com.st.stm32cube.ide.mcu.externaltools.gnu-tools-for-stm32.12.3.rel1.linux64_1.0.200.202406132123/tools/bin/../lib/gcc/arm-none-eabi/12.3.1/../../../../arm-none-eabi/lib/thumb/v7e-m+fp/hard/libc.a
LOAD /opt/stm32cubeide/plugins/com.st.stm32cube.ide.mcu.externaltools.gnu-tools-for-stm32.12.3.rel1.linux64_1.0.200.202406132123/tools/bin/../lib/gcc/arm-none-eabi/12.3.1/../../../../arm-none-eabi/lib/thumb/v7e-m+fp/hard/libm.a
LOAD /opt/stm32cubeide/plugins/com.st.stm32cube.ide.mcu.externaltools.gnu-tools-for-stm32.12.3.rel1.linux64_1.0.200.202406132123/tools/bin/../lib/gcc/arm-none-eabi/12.3.1/thumb/v7e-m+fp/hard/libgcc.a

.comment        0x00000000       0x43
 .comment       0x00000000       0x43 ./Core/Src/ICM_20948_INV.o
                                 0x44 (size before relaxing)
 .comment       0x00000043       0x44 ./Core/Src/app_debug.o
 .comment       0x00000043       0x44 ./Core/Src/app_entry.o
 .comment       0x00000043       0x44 ./Core/Src/hw_timerserver.o
 .comment       0x00000043       0x44 ./Core/Src/main.o
 .comment       0x00000043       0x44 ./Core/Src/pb_helper.o
 .comment       0x00000043       0x44 ./Core/Src/standby.o
 .comment       0x00000043       0x44 ./Core/Src/stm32wbxx_hal_msp.o
 .comment       0x00000043       0x44 ./Core/Src/stm32wbxx_it.o
 .comment       0x00000043       0x44 ./Core/Src/system_stm32wbxx.o
 .comment       0x00000043       0x44 ./Drivers/STM32WBxx_HAL_Driver/Src/stm32wbxx_hal.o
 .comment       0x00000043       0x44 ./Drivers/STM32WBxx_HAL_Driver/Src/stm32wbxx_hal_cortex.o
 .comment       0x00000043       0x44 ./Drivers/STM32WBxx_HAL_Driver/Src/stm32wbxx_hal_gpio.o
 .comment       0x00000043       0x44 ./Drivers/STM32WBxx_HAL_Driver/Src/stm32wbxx_hal_hsem.o
 .comment       0x00000043       0x44 ./Drivers/STM32WBxx_HAL_Driver/Src/stm32wbxx_hal_i2c.o
 .comment       0x00000043       0x44 ./Drivers/STM32WBxx_HAL_Driver/Src/stm32wbxx_hal_i2c_ex.o
 .comment       0x00000043       0x44 ./Drivers/STM32WBxx_HAL_Driver/Src/stm32wbxx_hal_ipcc.o
 .comment       0x00000043       0x44 ./Drivers/STM32WBxx_HAL_Driver/Src/stm32wbxx_hal_pwr.o
 .comment       0x00000043       0x44 ./Drivers/STM32WBxx_HAL_Driver/Src/stm32wbxx_hal_pwr_ex.o
 .comment       0x00000043       0x44 ./Drivers/STM32WBxx_HAL_Driver/Src/stm32wbxx_hal_rcc.o
 .comment       0x00000043       0x44 ./Drivers/STM32WBxx_HAL_Driver/Src/stm32wbxx_hal_rcc_ex.o
 .comment       0x00000043       0x44 ./Drivers/STM32WBxx_HAL_Driver/Src/stm32wbxx_hal_rtc.o
 .comment       0x00000043       0x44 ./Drivers/STM32WBxx_HAL_Driver/Src/stm32wbxx_hal_rtc_ex.o
 .comment       0x00000043       0x44 ./Middlewares/ST/STM32_WPAN/ble/core/auto/ble_gap_aci.o
 .comment       0x00000043       0x44 ./Middlewares/ST/STM32_WPAN/ble/core/auto/ble_gatt_aci.o
 .comment       0x00000043       0x44 ./Middlewares/ST/STM32_WPAN/ble/core/auto/ble_hal_aci.o
 .comment       0x00000043       0x44 ./Middlewares/ST/STM32_WPAN/ble/core/auto/ble_hci_le.o
 .comment       0x00000043       0x44 ./Middlewares/ST/STM32_WPAN/ble/core/template/osal.o
 .comment       0x00000043       0x44 ./Middlewares/ST/STM32_WPAN/ble/svc/Src/svc_ctl.o
 .comment       0x00000043       0x44 ./Middlewares/ST/STM32_WPAN/interface/patterns/ble_thread/shci/shci.o
 .comment       0x00000043       0x44 ./Middlewares/ST/STM32_WPAN/interface/patterns/ble_thread/tl/hci_tl.o
 .comment       0x00000043       0x44 ./Middlewares/ST/STM32_WPAN/interface/patterns/ble_thread/tl/hci_tl_if.o
 .comment       0x00000043       0x44 ./Middlewares/ST/STM32_WPAN/interface/patterns/ble_thread/tl/shci_tl.o
 .comment       0x00000043       0x44 ./Middlewares/ST/STM32_WPAN/interface/patterns/ble_thread/tl/shci_tl_if.o
 .comment       0x00000043       0x44 ./Middlewares/ST/STM32_WPAN/interface/patterns/ble_thread/tl/tl_mbox.o
 .comment       0x00000043       0x44 ./Middlewares/ST/STM32_WPAN/utilities/otp.o
 .comment       0x00000043       0x44 ./Middlewares/ST/STM32_WPAN/utilities/stm_list.o
 .comment       0x00000043       0x44 ./STM32_WPAN/App/app_ble.o
 .comment       0x00000043       0x44 ./STM32_WPAN/App/custom_app.o
 .comment       0x00000043       0x44 ./STM32_WPAN/App/custom_stm.o
 .comment       0x00000043       0x44 ./STM32_WPAN/Target/hw_ipcc.o
 .comment       0x00000043       0x44 ./Utilities/lpm/tiny_lpm/stm32_lpm.o
 .comment       0x00000043       0x44 ./Utilities/sequencer/stm32_seq.o

.debug_frame    0x00000000      0x4b4
 .debug_frame   0x00000000      0x144 /opt/stm32cubeide/plugins/com.st.stm32cube.ide.mcu.externaltools.gnu-tools-for-stm32.12.3.rel1.linux64_1.0.200.202406132123/tools/bin/../lib/gcc/arm-none-eabi/12.3.1/../../../../arm-none-eabi/lib/thumb/v7e-m+fp/hard/libc_nano.a(libc_a-findfp.o)
 .debug_frame   0x00000144       0x28 /opt/stm32cubeide/plugins/com.st.stm32cube.ide.mcu.externaltools.gnu-tools-for-stm32.12.3.rel1.linux64_1.0.200.202406132123/tools/bin/../lib/gcc/arm-none-eabi/12.3.1/../../../../arm-none-eabi/lib/thumb/v7e-m+fp/hard/libc_nano.a(libc_a-memcmp.o)
 .debug_frame   0x0000016c       0x20 /opt/stm32cubeide/plugins/com.st.stm32cube.ide.mcu.externaltools.gnu-tools-for-stm32.12.3.rel1.linux64_1.0.200.202406132123/tools/bin/../lib/gcc/arm-none-eabi/12.3.1/../../../../arm-none-eabi/lib/thumb/v7e-m+fp/hard/libc_nano.a(libc_a-memset.o)
 .debug_frame   0x0000018c       0x20 /opt/stm32cubeide/plugins/com.st.stm32cube.ide.mcu.externaltools.gnu-tools-for-stm32.12.3.rel1.linux64_1.0.200.202406132123/tools/bin/../lib/gcc/arm-none-eabi/12.3.1/../../../../arm-none-eabi/lib/thumb/v7e-m+fp/hard/libc_nano.a(libc_a-errno.o)
 .debug_frame   0x000001ac       0x2c /opt/stm32cubeide/plugins/com.st.stm32cube.ide.mcu.externaltools.gnu-tools-for-stm32.12.3.rel1.linux64_1.0.200.202406132123/tools/bin/../lib/gcc/arm-none-eabi/12.3.1/../../../../arm-none-eabi/lib/thumb/v7e-m+fp/hard/libc_nano.a(libc_a-init.o)
 .debug_frame   0x000001d8       0x28 /opt/stm32cubeide/plugins/com.st.stm32cube.ide.mcu.externaltools.gnu-tools-for-stm32.12.3.rel1.linux64_1.0.200.202406132123/tools/bin/../lib/gcc/arm-none-eabi/12.3.1/../../../../arm-none-eabi/lib/thumb/v7e-m+fp/hard/libc_nano.a(libc_a-memcpy-stub.o)
 .debug_frame   0x00000200       0x3c /opt/stm32cubeide/plugins/com.st.stm32cube.ide.mcu.externaltools.gnu-tools-for-stm32.12.3.rel1.linux64_1.0.200.202406132123/tools/bin/../lib/gcc/arm-none-eabi/12.3.1/../../../../arm-none-eabi/lib/thumb/v7e-m+fp/hard/libm.a(libm_a-w_sqrt.o)
 .debug_frame   0x0000023c       0x38 /opt/stm32cubeide/plugins/com.st.stm32cube.ide.mcu.externaltools.gnu-tools-for-stm32.12.3.rel1.linux64_1.0.200.202406132123/tools/bin/../lib/gcc/arm-none-eabi/12.3.1/../../../../arm-none-eabi/lib/thumb/v7e-m+fp/hard/libm.a(libm_a-e_sqrt.o)
 .debug_frame   0x00000274       0xac /opt/stm32cubeide/plugins/com.st.stm32cube.ide.mcu.externaltools.gnu-tools-for-stm32.12.3.rel1.linux64_1.0.200.202406132123/tools/bin/../lib/gcc/arm-none-eabi/12.3.1/thumb/v7e-m+fp/hard/libgcc.a(_arm_addsubdf3.o)
 .debug_frame   0x00000320       0x50 /opt/stm32cubeide/plugins/com.st.stm32cube.ide.mcu.externaltools.gnu-tools-for-stm32.12.3.rel1.linux64_1.0.200.202406132123/tools/bin/../lib/gcc/arm-none-eabi/12.3.1/thumb/v7e-m+fp/hard/libgcc.a(_arm_muldivdf3.o)
 .debug_frame   0x00000370       0xc4 /opt/stm32cubeide/plugins/com.st.stm32cube.ide.mcu.externaltools.gnu-tools-for-stm32.12.3.rel1.linux64_1.0.200.202406132123/tools/bin/../lib/gcc/arm-none-eabi/12.3.1/thumb/v7e-m+fp/hard/libgcc.a(_arm_cmpdf2.o)
 .debug_frame   0x00000434       0x20 /opt/stm32cubeide/plugins/com.st.stm32cube.ide.mcu.externaltools.gnu-tools-for-stm32.12.3.rel1.linux64_1.0.200.202406132123/tools/bin/../lib/gcc/arm-none-eabi/12.3.1/thumb/v7e-m+fp/hard/libgcc.a(_arm_unorddf2.o)
 .debug_frame   0x00000454       0x2c /opt/stm32cubeide/plugins/com.st.stm32cube.ide.mcu.externaltools.gnu-tools-for-stm32.12.3.rel1.linux64_1.0.200.202406132123/tools/bin/../lib/gcc/arm-none-eabi/12.3.1/thumb/v7e-m+fp/hard/libgcc.a(_aeabi_uldivmod.o)
 .debug_frame   0x00000480       0x34 /opt/stm32cubeide/plugins/com.st.stm32cube.ide.mcu.externaltools.gnu-tools-for-stm32.12.3.rel1.linux64_1.0.200.202406132123/tools/bin/../lib/gcc/arm-none-eabi/12.3.1/thumb/v7e-m+fp/hard/libgcc.a(_udivmoddi4.o)