../Drivers/STM32WBxx_HAL_Driver/Inc/stm32wbxx_ll_bus.h:539:22:LL_AHB2_GRP1_EnableClock	24	static
../Core/Src/main.c:81:5:main	40	static
../Core/Src/main.c:217:6:SystemClock_Config	104	static
../Core/Src/main.c:257:6:PeriphCommonClock_Config	48	static
../Core/Src/main.c:276:13:MX_I2C1_Init	8	static
../Core/Src/main.c:324:13:MX_IPCC_Init	8	static
../Core/Src/main.c:350:13:MX_RF_Init	4	static
../Core/Src/main.c:371:13:MX_RTC_Init	8	static
../Core/Src/main.c:413:13:MX_GPIO_Init	32	static
../Core/Src/main.c:441:6:Error_Handler	4	static,ignoring_inline_asm
