../Drivers/STM32WBxx_HAL_Driver/Inc/stm32wbxx_ll_pwr.h:537:22:LL_PWR_SetPowerMode	16	static
../Drivers/STM32WBxx_HAL_Driver/Inc/stm32wbxx_ll_pwr.h:2001:22:LL_PWR_ClearFlag_WU	4	static
../Drivers/STM32WBxx_HAL_Driver/Inc/stm32wbxx_ll_pwr.h:2385:26:LL_PWR_IsActiveFlag_C2SB	4	static
../Drivers/STM32WBxx_HAL_Driver/Inc/stm32wbxx_ll_pwr.h:2395:26:LL_PWR_IsActiveFlag_C2DS	4	static
../Drivers/STM32WBxx_HAL_Driver/Inc/stm32wbxx_ll_rcc.h:1480:22:LL_RCC_HSI_Enable	4	static
../Drivers/STM32WBxx_HAL_Driver/Inc/stm32wbxx_ll_rcc.h:1500:26:LL_RCC_HSI_IsReady	4	static
../Drivers/STM32WBxx_HAL_Driver/Inc/stm32wbxx_ll_rcc.h:2058:22:LL_RCC_SetSysClkSource	16	static
../Drivers/STM32WBxx_HAL_Driver/Inc/stm32wbxx_ll_rcc.h:2072:26:LL_RCC_GetSysClkSource	4	static
../Drivers/STM32WBxx_HAL_Driver/Inc/stm32wbxx_ll_rcc.h:4178:22:LL_RCC_ClearResetFlags	4	static
../Drivers/STM32WBxx_HAL_Driver/Inc/stm32wbxx_ll_cortex.h:311:22:LL_LPM_EnableSleep	4	static
../Drivers/STM32WBxx_HAL_Driver/Inc/stm32wbxx_ll_cortex.h:322:22:LL_LPM_EnableDeepSleep	4	static
../Drivers/STM32WBxx_HAL_Driver/Inc/stm32wbxx_ll_hsem.h:233:26:LL_HSEM_1StepLock	16	static
../Drivers/STM32WBxx_HAL_Driver/Inc/stm32wbxx_ll_hsem.h:247:22:LL_HSEM_ReleaseLock	24	static
../Core/Src/stm32_lpm_if.c:83:6:PWR_EnterOffMode	8	static
../Core/Src/stm32_lpm_if.c:141:6:PWR_ExitOffMode	4	static
../Core/Src/stm32_lpm_if.c:170:6:PWR_EnterStopMode	8	static,ignoring_inline_asm
../Core/Src/stm32_lpm_if.c:218:6:PWR_ExitStopMode	8	static
../Core/Src/stm32_lpm_if.c:241:6:PWR_EnterSleepMode	8	static,ignoring_inline_asm
../Core/Src/stm32_lpm_if.c:274:6:PWR_ExitSleepMode	8	static
../Core/Src/stm32_lpm_if.c:291:13:CPUcontextSave	4	static
../Core/Src/stm32_lpm_if.c:315:13:EnterLowPower	8	static
../Core/Src/stm32_lpm_if.c:351:13:ExitLowPower	8	static
../Core/Src/stm32_lpm_if.c:412:13:Switch_On_HSI	8	static
