../Drivers/STM32WBxx_HAL_Driver/Src/stm32wbxx_hal_i2c.c:6742:13:I2C_Flush_TXDR	0	static
../Drivers/STM32WBxx_HAL_Driver/Src/stm32wbxx_hal_i2c.c:7311:13:I2C_TransferConfig	12	static
../Drivers/STM32WBxx_HAL_Driver/Src/stm32wbxx_hal_i2c.c:7338:13:I2C_Enable_IRQ	16	static
../Drivers/STM32WBxx_HAL_Driver/Src/stm32wbxx_hal_i2c.c:7433:13:I2C_Disable_IRQ	0	static
../Drivers/STM32WBxx_HAL_Driver/Src/stm32wbxx_hal_i2c.c:7170:26:I2C_IsErrorOccurred	24	static
../Drivers/STM32WBxx_HAL_Driver/Src/stm32wbxx_hal_i2c.c:7014:26:I2C_WaitOnTXISFlagUntilTimeout	16	static
../Drivers/STM32WBxx_HAL_Driver/Src/stm32wbxx_hal_i2c.c:6974:26:I2C_WaitOnFlagUntilTimeout	24	static
../Drivers/STM32WBxx_HAL_Driver/Src/stm32wbxx_hal_i2c.c:7055:26:I2C_WaitOnSTOPFlagUntilTimeout	16	static
../Drivers/STM32WBxx_HAL_Driver/Src/stm32wbxx_hal_i2c.c:7093:26:I2C_WaitOnRXNEFlagUntilTimeout	32	static
../Drivers/STM32WBxx_HAL_Driver/Src/stm32wbxx_hal_i2c.c:7496:13:I2C_ConvertOtherXferOptions	0	static
../Drivers/STM32WBxx_HAL_Driver/Src/stm32wbxx_hal_i2c.c:702:13:HAL_I2C_MspInit	0	static
../Drivers/STM32WBxx_HAL_Driver/Src/stm32wbxx_hal_i2c.c:541:19:HAL_I2C_Init	8	static
../Drivers/STM32WBxx_HAL_Driver/Src/stm32wbxx_hal_i2c.c:718:13:HAL_I2C_MspDeInit	0	static
../Drivers/STM32WBxx_HAL_Driver/Src/stm32wbxx_hal_i2c.c:656:19:HAL_I2C_DeInit	8	static
../Drivers/STM32WBxx_HAL_Driver/Src/stm32wbxx_hal_i2c.c:1125:19:HAL_I2C_Master_Transmit	40	static
../Drivers/STM32WBxx_HAL_Driver/Src/stm32wbxx_hal_i2c.c:1266:19:HAL_I2C_Master_Receive	40	static
../Drivers/STM32WBxx_HAL_Driver/Src/stm32wbxx_hal_i2c.c:1384:19:HAL_I2C_Slave_Transmit	40	static
../Drivers/STM32WBxx_HAL_Driver/Src/stm32wbxx_hal_i2c.c:1571:19:HAL_I2C_Slave_Receive	40	static
../Drivers/STM32WBxx_HAL_Driver/Src/stm32wbxx_hal_i2c.c:1701:19:HAL_I2C_Master_Transmit_IT	24	static
../Drivers/STM32WBxx_HAL_Driver/Src/stm32wbxx_hal_i2c.c:1791:19:HAL_I2C_Master_Receive_IT	24	static
../Drivers/STM32WBxx_HAL_Driver/Src/stm32wbxx_hal_i2c.c:1860:19:HAL_I2C_Slave_Transmit_IT	8	static
../Drivers/STM32WBxx_HAL_Driver/Src/stm32wbxx_hal_i2c.c:1924:19:HAL_I2C_Slave_Receive_IT	16	static
../Drivers/STM32WBxx_HAL_Driver/Src/stm32wbxx_hal_i2c.c:1977:19:HAL_I2C_Master_Transmit_DMA	32	static
../Drivers/STM32WBxx_HAL_Driver/Src/stm32wbxx_hal_i2c.c:2140:19:HAL_I2C_Master_Receive_DMA	32	static
../Drivers/STM32WBxx_HAL_Driver/Src/stm32wbxx_hal_i2c.c:2285:19:HAL_I2C_Slave_Transmit_DMA	16	static
../Drivers/STM32WBxx_HAL_Driver/Src/stm32wbxx_hal_i2c.c:2421:19:HAL_I2C_Slave_Receive_DMA	16	static
../Drivers/STM32WBxx_HAL_Driver/Src/stm32wbxx_hal_i2c.c:2531:19:HAL_I2C_Mem_Write	48	static
../Drivers/STM32WBxx_HAL_Driver/Src/stm32wbxx_hal_i2c.c:2668:19:HAL_I2C_Mem_Read	48	static
../Drivers/STM32WBxx_HAL_Driver/Src/stm32wbxx_hal_i2c.c:2805:19:HAL_I2C_Mem_Write_IT	32	static
../Drivers/STM32WBxx_HAL_Driver/Src/stm32wbxx_hal_i2c.c:2893:19:HAL_I2C_Mem_Read_IT	32	static
../Drivers/STM32WBxx_HAL_Driver/Src/stm32wbxx_hal_i2c.c:2981:19:HAL_I2C_Mem_Write_DMA	32	static
../Drivers/STM32WBxx_HAL_Driver/Src/stm32wbxx_hal_i2c.c:3127:19:HAL_I2C_Mem_Read_DMA	32	static
../Drivers/STM32WBxx_HAL_Driver/Src/stm32wbxx_hal_i2c.c:3273:19:HAL_I2C_IsDeviceReady	48	static
../Drivers/STM32WBxx_HAL_Driver/Src/stm32wbxx_hal_i2c.c:3399:19:HAL_I2C_Master_Seq_Transmit_IT	32	static
../Drivers/STM32WBxx_HAL_Driver/Src/stm32wbxx_hal_i2c.c:3514:19:HAL_I2C_Master_Seq_Transmit_DMA	40	static
../Drivers/STM32WBxx_HAL_Driver/Src/stm32wbxx_hal_i2c.c:3712:19:HAL_I2C_Master_Seq_Receive_IT	24	static
../Drivers/STM32WBxx_HAL_Driver/Src/stm32wbxx_hal_i2c.c:3800:19:HAL_I2C_Master_Seq_Receive_DMA	40	static
../Drivers/STM32WBxx_HAL_Driver/Src/stm32wbxx_hal_i2c.c:3967:19:HAL_I2C_Slave_Seq_Transmit_IT	24	static
../Drivers/STM32WBxx_HAL_Driver/Src/stm32wbxx_hal_i2c.c:4070:19:HAL_I2C_Slave_Seq_Transmit_DMA	24	static
../Drivers/STM32WBxx_HAL_Driver/Src/stm32wbxx_hal_i2c.c:4255:19:HAL_I2C_Slave_Seq_Receive_IT	24	static
../Drivers/STM32WBxx_HAL_Driver/Src/stm32wbxx_hal_i2c.c:4358:19:HAL_I2C_Slave_Seq_Receive_DMA	24	static
../Drivers/STM32WBxx_HAL_Driver/Src/stm32wbxx_hal_i2c.c:4539:19:HAL_I2C_EnableListen_IT	8	static
../Drivers/STM32WBxx_HAL_Driver/Src/stm32wbxx_hal_i2c.c:4563:19:HAL_I2C_DisableListen_IT	8	static
../Drivers/STM32WBxx_HAL_Driver/Src/stm32wbxx_hal_i2c.c:4596:19:HAL_I2C_Master_Abort_IT	24	static
../Drivers/STM32WBxx_HAL_Driver/Src/stm32wbxx_hal_i2c.c:4660:6:HAL_I2C_EV_IRQHandler	0	static
../Drivers/STM32WBxx_HAL_Driver/Src/stm32wbxx_hal_i2c.c:4731:13:HAL_I2C_MasterTxCpltCallback	0	static
../Drivers/STM32WBxx_HAL_Driver/Src/stm32wbxx_hal_i2c.c:4747:13:HAL_I2C_MasterRxCpltCallback	0	static
../Drivers/STM32WBxx_HAL_Driver/Src/stm32wbxx_hal_i2c.c:6028:13:I2C_ITMasterSeqCplt	16	static
../Drivers/STM32WBxx_HAL_Driver/Src/stm32wbxx_hal_i2c.c:4762:13:HAL_I2C_SlaveTxCpltCallback	0	static
../Drivers/STM32WBxx_HAL_Driver/Src/stm32wbxx_hal_i2c.c:4778:13:HAL_I2C_SlaveRxCpltCallback	0	static
../Drivers/STM32WBxx_HAL_Driver/Src/stm32wbxx_hal_i2c.c:6081:13:I2C_ITSlaveSeqCplt	8	static
../Drivers/STM32WBxx_HAL_Driver/Src/stm32wbxx_hal_i2c.c:6815:13:I2C_DMASlaveTransmitCplt	0	static
../Drivers/STM32WBxx_HAL_Driver/Src/stm32wbxx_hal_i2c.c:6895:13:I2C_DMASlaveReceiveCplt	0	static
../Drivers/STM32WBxx_HAL_Driver/Src/stm32wbxx_hal_i2c.c:4796:13:HAL_I2C_AddrCallback	0	static
../Drivers/STM32WBxx_HAL_Driver/Src/stm32wbxx_hal_i2c.c:5933:13:I2C_ITAddrCplt.constprop	24	static
../Drivers/STM32WBxx_HAL_Driver/Src/stm32wbxx_hal_i2c.c:4814:13:HAL_I2C_ListenCpltCallback	0	static
../Drivers/STM32WBxx_HAL_Driver/Src/stm32wbxx_hal_i2c.c:6518:13:I2C_ITListenCplt	8	static
../Drivers/STM32WBxx_HAL_Driver/Src/stm32wbxx_hal_i2c.c:4830:13:HAL_I2C_MemTxCpltCallback	0	static
../Drivers/STM32WBxx_HAL_Driver/Src/stm32wbxx_hal_i2c.c:4846:13:HAL_I2C_MemRxCpltCallback	0	static
../Drivers/STM32WBxx_HAL_Driver/Src/stm32wbxx_hal_i2c.c:4862:13:HAL_I2C_ErrorCallback	0	static
../Drivers/STM32WBxx_HAL_Driver/Src/stm32wbxx_hal_i2c.c:4878:13:HAL_I2C_AbortCpltCallback	0	static
../Drivers/STM32WBxx_HAL_Driver/Src/stm32wbxx_hal_i2c.c:6704:13:I2C_TreatErrorCallback	8	static
../Drivers/STM32WBxx_HAL_Driver/Src/stm32wbxx_hal_i2c.c:6569:13:I2C_ITError	16	static
../Drivers/STM32WBxx_HAL_Driver/Src/stm32wbxx_hal_i2c.c:6157:13:I2C_ITMasterCplt	24	static
../Drivers/STM32WBxx_HAL_Driver/Src/stm32wbxx_hal_i2c.c:4961:26:I2C_Master_ISR_IT	24	static
../Drivers/STM32WBxx_HAL_Driver/Src/stm32wbxx_hal_i2c.c:5536:26:I2C_Mem_ISR_DMA	16	static
../Drivers/STM32WBxx_HAL_Driver/Src/stm32wbxx_hal_i2c.c:5396:26:I2C_Master_ISR_DMA	24	static
../Drivers/STM32WBxx_HAL_Driver/Src/stm32wbxx_hal_i2c.c:6924:13:I2C_DMAError	0	static
../Drivers/STM32WBxx_HAL_Driver/Src/stm32wbxx_hal_i2c.c:6764:13:I2C_DMAMasterTransmitCplt	8	static
../Drivers/STM32WBxx_HAL_Driver/Src/stm32wbxx_hal_i2c.c:6844:13:I2C_DMAMasterReceiveCplt	8	static
../Drivers/STM32WBxx_HAL_Driver/Src/stm32wbxx_hal_i2c.c:5112:26:I2C_Mem_ISR_IT	24	static
../Drivers/STM32WBxx_HAL_Driver/Src/stm32wbxx_hal_i2c.c:4679:6:HAL_I2C_ER_IRQHandler	4	static
../Drivers/STM32WBxx_HAL_Driver/Src/stm32wbxx_hal_i2c.c:6300:13:I2C_ITSlaveCplt.constprop	24	static
../Drivers/STM32WBxx_HAL_Driver/Src/stm32wbxx_hal_i2c.c:5684:26:I2C_Slave_ISR_DMA	16	static
../Drivers/STM32WBxx_HAL_Driver/Src/stm32wbxx_hal_i2c.c:5255:26:I2C_Slave_ISR_IT	16	static
../Drivers/STM32WBxx_HAL_Driver/Src/stm32wbxx_hal_i2c.c:6943:13:I2C_DMAAbort	0	static
../Drivers/STM32WBxx_HAL_Driver/Src/stm32wbxx_hal_i2c.c:4913:22:HAL_I2C_GetState	0	static
../Drivers/STM32WBxx_HAL_Driver/Src/stm32wbxx_hal_i2c.c:4925:21:HAL_I2C_GetMode	0	static
../Drivers/STM32WBxx_HAL_Driver/Src/stm32wbxx_hal_i2c.c:4936:10:HAL_I2C_GetError	0	static
