../Core/Src/ICM_20948_INV.c:8:6:icm20948_set_user_bank	32	static
../Core/Src/ICM_20948_INV.c:42:8:sensor_type_2_android_sensor	0	static
../Core/Src/ICM_20948_INV.c:161:8:icm20948_i2c_controller_configure_peripheral	72	static
../Core/Src/ICM_20948_INV.c:247:8:icm20948_set_clock_source	48	static
../Core/Src/ICM_20948_INV.c:262:8:icm20948_set_sample_mode	40	static
../Core/Src/ICM_20948_INV.c:297:8:icm20948_enable_FIFO	48	static
../Core/Src/ICM_20948_INV.c:316:8:icm20948_reset_FIFO	48	static
../Core/Src/ICM_20948_INV.c:336:8:icm20948_enable_DMP	48	static
../Core/Src/ICM_20948_INV.c:356:8:icm20948_reset_DMP	48	static
../Core/Src/ICM_20948_INV.c:371:8:icm20948_set_full_scale	48	static
../Core/Src/ICM_20948_INV.c:403:8:icm20948_enable_dlpf	48	static
../Core/Src/ICM_20948_INV.c:449:8:icm20948_set_sample_rate	48	static
../Core/Src/ICM_20948_INV.c:474:8:icm20948_int_enable	64	static
../Core/Src/ICM_20948_INV.c:549:8:icm20948_int_enable_raw_data_ready	16	static
../Core/Src/ICM_20948_INV.c:560:8:icm20948_set_DMP_start_address	32	static
../Core/Src/ICM_20948_INV.c:576:8:icm20948_write_mem	64	static
../Core/Src/ICM_20948_INV.c:626:8:icm20948_read_mem	72	static
../Core/Src/ICM_20948_INV.c:668:8:icm20948_set_gyro_sf	40	static
../Core/Src/ICM_20948_INV.c:977:8:icm20948_get_FIFO_count	48	static
../Core/Src/ICM_20948_INV.c:995:8:icm20948_read_FIFO	32	static
../Core/Src/ICM_20948_INV.c:1005:8:icm20948_read_DMP_data	40	static
../Core/Src/ICM_20948_INV.c:1409:20:icm20948_sleep	48	static
../Core/Src/ICM_20948_INV.c:1434:20:icm20948_low_power	48	static
../Core/Src/ICM_20948_INV.c:716:8:icm20948_enable_DMP_sensor	40	static
../Core/Src/ICM_20948_INV.c:875:8:icm20948_set_DMP_sensor_period	24	static
../Core/Src/ICM_20948_INV.c:1465:8:icm20948_load_firmware	48	static
../Core/Src/ICM_20948_INV.c:1550:6:icm20948_set_i2c_bus	8	static
../Core/Src/ICM_20948_INV.c:1555:8:icm20948_initialize_DMP	120	static
