../Middlewares/ST/STM32_WPAN/ble/core/auto/ble_gap_aci.c:20:12:aci_gap_set_non_discoverable	40	static
../Middlewares/ST/STM32_WPAN/ble/core/auto/ble_gap_aci.c:34:12:aci_gap_set_limited_discoverable	328	static
../Middlewares/ST/STM32_WPAN/ble/core/auto/ble_gap_aci.c:97:12:aci_gap_set_discoverable	328	static
../Middlewares/ST/STM32_WPAN/ble/core/auto/ble_gap_aci.c:159:12:aci_gap_set_direct_connectable	320	static
../Middlewares/ST/STM32_WPAN/ble/core/auto/ble_gap_aci.c:195:12:aci_gap_set_io_capability	312	static
../Middlewares/ST/STM32_WPAN/ble/core/auto/ble_gap_aci.c:216:12:aci_gap_set_authentication_requirement	320	static
../Middlewares/ST/STM32_WPAN/ble/core/auto/ble_gap_aci.c:261:12:aci_gap_set_authorization_requirement	312	static
../Middlewares/ST/STM32_WPAN/ble/core/auto/ble_gap_aci.c:285:12:aci_gap_pass_key_resp	312	static
../Middlewares/ST/STM32_WPAN/ble/core/auto/ble_gap_aci.c:309:12:aci_gap_authorization_resp	312	static
../Middlewares/ST/STM32_WPAN/ble/core/auto/ble_gap_aci.c:333:12:aci_gap_init	320	static
../Middlewares/ST/STM32_WPAN/ble/core/auto/ble_gap_aci.c:369:12:aci_gap_set_non_connectable	312	static
../Middlewares/ST/STM32_WPAN/ble/core/auto/ble_gap_aci.c:393:12:aci_gap_set_undirected_connectable	320	static
../Middlewares/ST/STM32_WPAN/ble/core/auto/ble_gap_aci.c:423:12:aci_gap_peripheral_security_req	312	static
../Middlewares/ST/STM32_WPAN/ble/core/auto/ble_gap_aci.c:445:12:aci_gap_update_adv_data	312	static
../Middlewares/ST/STM32_WPAN/ble/core/auto/ble_gap_aci.c:469:12:aci_gap_delete_ad_type	312	static
../Middlewares/ST/STM32_WPAN/ble/core/auto/ble_gap_aci.c:490:12:aci_gap_get_security_level	320	static
../Middlewares/ST/STM32_WPAN/ble/core/auto/ble_gap_aci.c:518:12:aci_gap_set_event_mask	312	static
../Middlewares/ST/STM32_WPAN/ble/core/auto/ble_gap_aci.c:539:12:aci_gap_configure_filter_accept_list	40	static
../Middlewares/ST/STM32_WPAN/ble/core/auto/ble_gap_aci.c:553:12:aci_gap_terminate	312	static
../Middlewares/ST/STM32_WPAN/ble/core/auto/ble_gap_aci.c:578:12:aci_gap_clear_security_db	40	static
../Middlewares/ST/STM32_WPAN/ble/core/auto/ble_gap_aci.c:592:12:aci_gap_allow_rebond	312	static
../Middlewares/ST/STM32_WPAN/ble/core/auto/ble_gap_aci.c:613:12:aci_gap_start_limited_discovery_proc	320	static
../Middlewares/ST/STM32_WPAN/ble/core/auto/ble_gap_aci.c:644:12:aci_gap_start_general_discovery_proc	320	static
../Middlewares/ST/STM32_WPAN/ble/core/auto/ble_gap_aci.c:675:12:aci_gap_start_auto_connection_establish_proc	320	static
../Middlewares/ST/STM32_WPAN/ble/core/auto/ble_gap_aci.c:727:12:aci_gap_start_general_connection_establish_proc	320	static
../Middlewares/ST/STM32_WPAN/ble/core/auto/ble_gap_aci.c:764:12:aci_gap_start_selective_connection_establish_proc	320	static
../Middlewares/ST/STM32_WPAN/ble/core/auto/ble_gap_aci.c:807:12:aci_gap_create_connection	328	static
../Middlewares/ST/STM32_WPAN/ble/core/auto/ble_gap_aci.c:859:12:aci_gap_terminate_gap_proc	312	static
../Middlewares/ST/STM32_WPAN/ble/core/auto/ble_gap_aci.c:880:12:aci_gap_start_connection_update	320	static
../Middlewares/ST/STM32_WPAN/ble/core/auto/ble_gap_aci.c:920:12:aci_gap_send_pairing_req	312	static
../Middlewares/ST/STM32_WPAN/ble/core/auto/ble_gap_aci.c:945:12:aci_gap_resolve_private_addr	312	static
../Middlewares/ST/STM32_WPAN/ble/core/auto/ble_gap_aci.c:971:12:aci_gap_set_broadcast_mode	320	static
../Middlewares/ST/STM32_WPAN/ble/core/auto/ble_gap_aci.c:1019:12:aci_gap_start_observation_proc	320	static
../Middlewares/ST/STM32_WPAN/ble/core/auto/ble_gap_aci.c:1056:12:aci_gap_get_bonded_devices	288	static
../Middlewares/ST/STM32_WPAN/ble/core/auto/ble_gap_aci.c:1076:12:aci_gap_is_device_bonded	312	static
../Middlewares/ST/STM32_WPAN/ble/core/auto/ble_gap_aci.c:1100:12:aci_gap_numeric_comparison_value_confirm_yesno	312	static
../Middlewares/ST/STM32_WPAN/ble/core/auto/ble_gap_aci.c:1124:12:aci_gap_passkey_input	312	static
../Middlewares/ST/STM32_WPAN/ble/core/auto/ble_gap_aci.c:1148:12:aci_gap_get_oob_data	352	static
../Middlewares/ST/STM32_WPAN/ble/core/auto/ble_gap_aci.c:1180:12:aci_gap_set_oob_data	320	static
../Middlewares/ST/STM32_WPAN/ble/core/auto/ble_gap_aci.c:1216:12:aci_gap_add_devices_to_resolving_list	312	static
../Middlewares/ST/STM32_WPAN/ble/core/auto/ble_gap_aci.c:1249:12:aci_gap_remove_bonded_device	312	static
../Middlewares/ST/STM32_WPAN/ble/core/auto/ble_gap_aci.c:1273:12:aci_gap_add_devices_to_list	312	static
../Middlewares/ST/STM32_WPAN/ble/core/auto/ble_gap_aci.c:1306:12:aci_gap_additional_beacon_start	320	static
../Middlewares/ST/STM32_WPAN/ble/core/auto/ble_gap_aci.c:1342:12:aci_gap_additional_beacon_stop	40	static
../Middlewares/ST/STM32_WPAN/ble/core/auto/ble_gap_aci.c:1356:12:aci_gap_additional_beacon_set_data	312	static
../Middlewares/ST/STM32_WPAN/ble/core/auto/ble_gap_aci.c:1380:12:aci_gap_adv_set_configuration	320	static
../Middlewares/ST/STM32_WPAN/ble/core/auto/ble_gap_aci.c:1443:12:aci_gap_adv_set_enable	312	static
../Middlewares/ST/STM32_WPAN/ble/core/auto/ble_gap_aci.c:1470:12:aci_gap_adv_set_adv_data	320	static
../Middlewares/ST/STM32_WPAN/ble/core/auto/ble_gap_aci.c:1503:12:aci_gap_adv_set_scan_resp_data	320	static
../Middlewares/ST/STM32_WPAN/ble/core/auto/ble_gap_aci.c:1536:12:aci_gap_adv_remove_set	312	static
../Middlewares/ST/STM32_WPAN/ble/core/auto/ble_gap_aci.c:1557:12:aci_gap_adv_clear_sets	40	static
../Middlewares/ST/STM32_WPAN/ble/core/auto/ble_gap_aci.c:1571:12:aci_gap_adv_set_random_address	312	static
../Middlewares/ST/STM32_WPAN/ble/core/auto/ble_gap_aci.c:1595:12:aci_gap_ext_start_scan	320	static
../Middlewares/ST/STM32_WPAN/ble/core/auto/ble_gap_aci.c:1641:12:aci_gap_ext_create_connection	320	static
