../Middlewares/ST/STM32_WPAN/ble/svc/Src/svc_ctl.c:63:13:BAS_Init	0	static
../Middlewares/ST/STM32_WPAN/ble/svc/Src/svc_ctl.c:68:13:BLS_Init	0	static
../Middlewares/ST/STM32_WPAN/ble/svc/Src/svc_ctl.c:72:13:CRS_STM_Init	0	static
../Middlewares/ST/STM32_WPAN/ble/svc/Src/svc_ctl.c:76:13:DIS_Init	0	static
../Middlewares/ST/STM32_WPAN/ble/svc/Src/svc_ctl.c:80:13:EDS_STM_Init	0	static
../Middlewares/ST/STM32_WPAN/ble/svc/Src/svc_ctl.c:84:13:HIDS_Init	0	static
../Middlewares/ST/STM32_WPAN/ble/svc/Src/svc_ctl.c:88:13:HRS_Init	0	static
../Middlewares/ST/STM32_WPAN/ble/svc/Src/svc_ctl.c:92:13:HTS_Init	0	static
../Middlewares/ST/STM32_WPAN/ble/svc/Src/svc_ctl.c:96:13:IAS_Init	0	static
../Middlewares/ST/STM32_WPAN/ble/svc/Src/svc_ctl.c:100:13:LLS_Init	0	static
../Middlewares/ST/STM32_WPAN/ble/svc/Src/svc_ctl.c:104:13:TPS_Init	0	static
../Middlewares/ST/STM32_WPAN/ble/svc/Src/svc_ctl.c:108:13:MOTENV_STM_Init	0	static
../Middlewares/ST/STM32_WPAN/ble/svc/Src/svc_ctl.c:112:13:P2PS_STM_Init	0	static
../Middlewares/ST/STM32_WPAN/ble/svc/Src/svc_ctl.c:116:13:ZDD_STM_Init	0	static
../Middlewares/ST/STM32_WPAN/ble/svc/Src/svc_ctl.c:120:13:OTAS_STM_Init	0	static
../Middlewares/ST/STM32_WPAN/ble/svc/Src/svc_ctl.c:124:13:MESH_Init	0	static
../Middlewares/ST/STM32_WPAN/ble/svc/Src/svc_ctl.c:128:13:BVOPUS_STM_Init	0	static
../Middlewares/ST/STM32_WPAN/ble/svc/Src/svc_ctl.c:132:13:SVCCTL_InitCustomSvc	0	static
../Middlewares/ST/STM32_WPAN/ble/svc/Src/svc_ctl.c:156:13:SVCCTL_SvcInit	8	static
../Middlewares/ST/STM32_WPAN/ble/svc/Src/svc_ctl.c:139:6:SVCCTL_Init	8	static
../Middlewares/ST/STM32_WPAN/ble/svc/Src/svc_ctl.c:202:6:SVCCTL_RegisterSvcHandler	0	static
../Middlewares/ST/STM32_WPAN/ble/svc/Src/svc_ctl.c:219:6:SVCCTL_RegisterCltHandler	0	static
../Middlewares/ST/STM32_WPAN/ble/svc/Src/svc_ctl.c:231:35:SVCCTL_UserEvtRx	16	static
