Archive member included to satisfy reference by file (symbol)

/opt/stm32cubeide/plugins/com.st.stm32cube.ide.mcu.externaltools.gnu-tools-for-stm32.12.3.rel1.linux64_1.0.200.202406132123/tools/bin/../lib/gcc/arm-none-eabi/12.3.1/../../../../arm-none-eabi/lib/thumb/v7e-m+fp/hard/libc_nano.a(libc_a-exit.o)
                              /opt/stm32cubeide/plugins/com.st.stm32cube.ide.mcu.externaltools.gnu-tools-for-stm32.12.3.rel1.linux64_1.0.200.202406132123/tools/bin/../lib/gcc/arm-none-eabi/12.3.1/../../../../arm-none-eabi/lib/thumb/v7e-m+fp/hard/crt0.o (exit)
/opt/stm32cubeide/plugins/com.st.stm32cube.ide.mcu.externaltools.gnu-tools-for-stm32.12.3.rel1.linux64_1.0.200.202406132123/tools/bin/../lib/gcc/arm-none-eabi/12.3.1/../../../../arm-none-eabi/lib/thumb/v7e-m+fp/hard/libc_nano.a(libc_a-findfp.o)
                              /opt/stm32cubeide/plugins/com.st.stm32cube.ide.mcu.externaltools.gnu-tools-for-stm32.12.3.rel1.linux64_1.0.200.202406132123/tools/bin/../lib/gcc/arm-none-eabi/12.3.1/../../../../arm-none-eabi/lib/thumb/v7e-m+fp/hard/libc_nano.a(libc_a-exit.o) (__stdio_exit_handler)
/opt/stm32cubeide/plugins/com.st.stm32cube.ide.mcu.externaltools.gnu-tools-for-stm32.12.3.rel1.linux64_1.0.200.202406132123/tools/bin/../lib/gcc/arm-none-eabi/12.3.1/../../../../arm-none-eabi/lib/thumb/v7e-m+fp/hard/libc_nano.a(libc_a-fwalk.o)
                              /opt/stm32cubeide/plugins/com.st.stm32cube.ide.mcu.externaltools.gnu-tools-for-stm32.12.3.rel1.linux64_1.0.200.202406132123/tools/bin/../lib/gcc/arm-none-eabi/12.3.1/../../../../arm-none-eabi/lib/thumb/v7e-m+fp/hard/libc_nano.a(libc_a-findfp.o) (_fwalk_sglue)
/opt/stm32cubeide/plugins/com.st.stm32cube.ide.mcu.externaltools.gnu-tools-for-stm32.12.3.rel1.linux64_1.0.200.202406132123/tools/bin/../lib/gcc/arm-none-eabi/12.3.1/../../../../arm-none-eabi/lib/thumb/v7e-m+fp/hard/libc_nano.a(libc_a-printf.o)
                              ./Middlewares/ST/STM32_WPAN/utilities/dbg_trace.o (printf)
/opt/stm32cubeide/plugins/com.st.stm32cube.ide.mcu.externaltools.gnu-tools-for-stm32.12.3.rel1.linux64_1.0.200.202406132123/tools/bin/../lib/gcc/arm-none-eabi/12.3.1/../../../../arm-none-eabi/lib/thumb/v7e-m+fp/hard/libc_nano.a(libc_a-stdio.o)
                              /opt/stm32cubeide/plugins/com.st.stm32cube.ide.mcu.externaltools.gnu-tools-for-stm32.12.3.rel1.linux64_1.0.200.202406132123/tools/bin/../lib/gcc/arm-none-eabi/12.3.1/../../../../arm-none-eabi/lib/thumb/v7e-m+fp/hard/libc_nano.a(libc_a-findfp.o) (__sread)
/opt/stm32cubeide/plugins/com.st.stm32cube.ide.mcu.externaltools.gnu-tools-for-stm32.12.3.rel1.linux64_1.0.200.202406132123/tools/bin/../lib/gcc/arm-none-eabi/12.3.1/../../../../arm-none-eabi/lib/thumb/v7e-m+fp/hard/libc_nano.a(libc_a-vprintf.o)
                              ./Middlewares/ST/STM32_WPAN/utilities/dbg_trace.o (vprintf)
/opt/stm32cubeide/plugins/com.st.stm32cube.ide.mcu.externaltools.gnu-tools-for-stm32.12.3.rel1.linux64_1.0.200.202406132123/tools/bin/../lib/gcc/arm-none-eabi/12.3.1/../../../../arm-none-eabi/lib/thumb/v7e-m+fp/hard/libc_nano.a(libc_a-memcmp.o)
                              ./Core/Src/ICM_20948_INV.o (memcmp)
/opt/stm32cubeide/plugins/com.st.stm32cube.ide.mcu.externaltools.gnu-tools-for-stm32.12.3.rel1.linux64_1.0.200.202406132123/tools/bin/../lib/gcc/arm-none-eabi/12.3.1/../../../../arm-none-eabi/lib/thumb/v7e-m+fp/hard/libc_nano.a(libc_a-memset.o)
                              /opt/stm32cubeide/plugins/com.st.stm32cube.ide.mcu.externaltools.gnu-tools-for-stm32.12.3.rel1.linux64_1.0.200.202406132123/tools/bin/../lib/gcc/arm-none-eabi/12.3.1/../../../../arm-none-eabi/lib/thumb/v7e-m+fp/hard/crt0.o (memset)
/opt/stm32cubeide/plugins/com.st.stm32cube.ide.mcu.externaltools.gnu-tools-for-stm32.12.3.rel1.linux64_1.0.200.202406132123/tools/bin/../lib/gcc/arm-none-eabi/12.3.1/../../../../arm-none-eabi/lib/thumb/v7e-m+fp/hard/libc_nano.a(libc_a-strrchr.o)
                              ./Middlewares/ST/STM32_WPAN/utilities/dbg_trace.o (strrchr)
/opt/stm32cubeide/plugins/com.st.stm32cube.ide.mcu.externaltools.gnu-tools-for-stm32.12.3.rel1.linux64_1.0.200.202406132123/tools/bin/../lib/gcc/arm-none-eabi/12.3.1/../../../../arm-none-eabi/lib/thumb/v7e-m+fp/hard/libc_nano.a(libc_a-closer.o)
                              /opt/stm32cubeide/plugins/com.st.stm32cube.ide.mcu.externaltools.gnu-tools-for-stm32.12.3.rel1.linux64_1.0.200.202406132123/tools/bin/../lib/gcc/arm-none-eabi/12.3.1/../../../../arm-none-eabi/lib/thumb/v7e-m+fp/hard/libc_nano.a(libc_a-stdio.o) (_close_r)
/opt/stm32cubeide/plugins/com.st.stm32cube.ide.mcu.externaltools.gnu-tools-for-stm32.12.3.rel1.linux64_1.0.200.202406132123/tools/bin/../lib/gcc/arm-none-eabi/12.3.1/../../../../arm-none-eabi/lib/thumb/v7e-m+fp/hard/libc_nano.a(libc_a-reent.o)
[...]
Memory Configuration

Name             Origin             Length             Attributes
FLASH            0x08000000         0x0001b800         xr
RAM1             0x20000008         0x00002ff8         xrw
RAM_SHARED       0x20030000         0x00002800         xrw
*default*        0x00000000         0xffffffff

Linker script and memory map

LOAD /opt/stm32cubeide/plugins/com.st.stm32cube.ide.mcu.externaltools.gnu-tools-for-stm32.12.3.rel1.linux64_1.0.200.202406132123/tools/bin/../lib/gcc/arm-none-eabi/12.3.1/thumb/v7e-m+fp/hard/crti.o
LOAD /opt/stm32cubeide/plugins/com.st.stm32cube.ide.mcu.externaltools.gnu-tools-for-stm32.12.3.rel1.linux64_1.0.200.202406132123/tools/bin/../lib/gcc/arm-none-eabi/12.3.1/thumb/v7e-m+fp/hard/crtbegin.o
LOAD /opt/stm32cubeide/plugins/com.st.stm32cube.ide.mcu.externaltools.gnu-tools-for-stm32.12.3.rel1.linux64_1.0.200.202406132123/tools/bin/../lib/gcc/arm-none-eabi/12.3.1/../../../../arm-none-eabi/lib/thumb/v7e-m+fp/hard/crt0.o
LOAD ./Core/Src/ICM_20948_INV.o
LOAD ./Core/Src/app_debug.o
LOAD ./Core/Src/app_entry.o
LOAD ./Core/Src/hw_timerserver.o
LOAD ./Core/Src/main.o
LOAD ./Core/Src/pb_helper.o
LOAD ./Core/Src/standby.o
LOAD ./Core/Src/stm32_lpm_if.o
LOAD ./Core/Src/stm32wbxx_hal_msp.o
LOAD ./Core/Src/stm32wbxx_it.o
LOAD ./Core/Src/syscalls.o
LOAD ./Core/Src/sysmem.o
LOAD ./Core/Src/system_stm32wbxx.o
LOAD ./Core/Startup/startup_stm32wb10ccux.o
LOAD ./Drivers/STM32WBxx_HAL_Driver/Src/stm32wbxx_hal.o
LOAD ./Drivers/STM32WBxx_HAL_Driver/Src/stm32wbxx_hal_cortex.o
LOAD ./Drivers/STM32WBxx_HAL_Driver/Src/stm32wbxx_hal_dma.o
LOAD ./Drivers/STM32WBxx_HAL_Driver/Src/stm32wbxx_hal_dma_ex.o
LOAD ./Drivers/STM32WBxx_HAL_Driver/Src/stm32wbxx_hal_exti.o
LOAD ./Drivers/STM32WBxx_HAL_Driver/Src/stm32wbxx_hal_flash.o
LOAD ./Drivers/STM32WBxx_HAL_Driver/Src/stm32wbxx_hal_flash_ex.o
LOAD ./Drivers/STM32WBxx_HAL_Driver/Src/stm32wbxx_hal_gpio.o
LOAD ./Drivers/STM32WBxx_HAL_Driver/Src/stm32wbxx_hal_hsem.o
LOAD ./Drivers/STM32WBxx_HAL_Driver/Src/stm32wbxx_hal_i2c.o
LOAD ./Drivers/STM32WBxx_HAL_Driver/Src/stm32wbxx_hal_i2c_ex.o
LOAD ./Drivers/STM32WBxx_HAL_Driver/Src/stm32wbxx_hal_ipcc.o
LOAD ./Drivers/STM32WBxx_HAL_Driver/Src/stm32wbxx_hal_pwr.o
LOAD ./Drivers/STM32WBxx_HAL_Driver/Src/stm32wbxx_hal_pwr_ex.o
LOAD ./Drivers/STM32WBxx_HAL_Driver/Src/stm32wbxx_hal_rcc.o
LOAD ./Drivers/STM32WBxx_HAL_Driver/Src/stm32wbxx_hal_rcc_ex.o
LOAD ./Drivers/STM32WBxx_HAL_Driver/Src/stm32wbxx_hal_rtc.o
LOAD ./Drivers/STM32WBxx_HAL_Driver/Src/stm32wbxx_hal_rtc_ex.o
LOAD ./Drivers/STM32WBxx_HAL_Driver/Src/stm32wbxx_hal_tim.o
LOAD ./Drivers/STM32WBxx_HAL_Driver/Src/stm32wbxx_hal_tim_ex.o
LOAD ./Drivers/STM32WBxx_HAL_Driver/Src/stm32wbxx_ll_rcc.o
LOAD ./Middlewares/ST/STM32_WPAN/ble/core/auto/ble_events.o
LOAD ./Middlewares/ST/STM32_WPAN/ble/core/auto/ble_gap_aci.o
LOAD ./Middlewares/ST/STM32_WPAN/ble/core/auto/ble_gatt_aci.o
LOAD ./Middlewares/ST/STM32_WPAN/ble/core/auto/ble_hal_aci.o
LOAD ./Middlewares/ST/STM32_WPAN/ble/core/auto/ble_hci_le.o
LOAD ./Middlewares/ST/STM32_WPAN/ble/core/auto/ble_l2cap_aci.o
LOAD ./Middlewares/ST/STM32_WPAN/ble/core/template/osal.o
LOAD ./Middlewares/ST/STM32_WPAN/ble/svc/Src/svc_ctl.o
LOAD ./Middlewares/ST/STM32_WPAN/interface/patterns/ble_thread/shci/shci.o
LOAD ./Middlewares/ST/STM32_WPAN/interface/patterns/ble_thread/tl/hci_tl.o
LOAD ./Middlewares/ST/STM32_WPAN/interface/patterns/ble_thread/tl/hci_tl_if.o
LOAD ./Middlewares/ST/STM32_WPAN/interface/patterns/ble_thread/tl/shci_tl.o
LOAD ./Middlewares/ST/STM32_WPAN/interface/patterns/ble_thread/tl/shci_tl_if.o
LOAD ./Middlewares/ST/STM32_WPAN/interface/patterns/ble_thread/tl/tl_mbox.o
LOAD ./Middlewares/ST/STM32_WPAN/utilities/dbg_trace.o
LOAD ./Middlewares/ST/STM32_WPAN/utilities/otp.o
LOAD ./Middlewares/ST/STM32_WPAN/utilities/stm_list.o
LOAD ./Middlewares/ST/STM32_WPAN/utilities/stm_queue.o
LOAD ./STM32_WPAN/App/app_ble.o
LOAD ./STM32_WPAN/App/custom_app.o
LOAD ./STM32_WPAN/App/custom_stm.o
LOAD ./STM32_WPAN/Target/hw_ipcc.o
LOAD ./Utilities/lpm/tiny_lpm/stm32_lpm.o
LOAD ./Utilities/sequencer/stm32_seq.o
START GROUP
LOAD /opt/stm32cubeide/plugins/com.st.stm32cube.ide.mcu.externaltools.gnu-tools-for-stm32.12.3.rel1.linux64_1.0.200.202406132123/tools/bin/../lib/gcc/arm-none-eabi/12.3.1/../../../../arm-none-eabi/lib/thumb/v7e-m+fp/hard/libc_nano.a
LOAD /opt/stm32cubeide/plugins/com.st.stm32cube.ide.mcu.externaltools.gnu-tools-for-stm32.12.3.rel1.linux64_1.0.200.202406132123/tools/bin/../lib/gcc/arm-none-eabi/12.3.1/../../../../arm-none-eabi/lib/thumb/v7e-m+fp/hard/libm.a
END GROUP
START GROUP
LOAD /opt/stm32cubeide/plugins/com.st.stm32cube.ide.mcu.externaltools.gnu-tools-for-stm32.12.3.rel1.linux64_1.0.200.202406132123/tools/bin/../lib/gcc/arm-none-eabi/12.3.1/thumb/v7e-m+fp/hard/libgcc.a
LOAD /opt/stm32cubeide/plugins/com.st.stm32cube.ide.mcu.externaltools.gnu-tools-for-stm32.12.3.rel1.linux64_1.0.200.202406132123/tools/bin/../lib/gcc/arm-none-eabi/12.3.1/../../../../arm-none-eabi/lib/thumb/v7e-m+fp/hard/libc_nano.a
END GROUP
START GROUP
LOAD /opt/stm32cubeide/plugins/com.st.stm32cube.ide.mcu.externaltools.gnu-tools-for-stm32.12.3.rel1.linux64_1.0.200.202406132123/tools/bin/../lib/gcc/arm-none-eabi/12.3.1/thumb/v7e-m+fp/hard/libgcc.a
LOAD /opt/stm32cubeide/plugins/com.st.stm32cube.ide.mcu.externaltools.gnu-tools-for-stm32.12.3.rel1.linux64_1.0.200.202406132123/tools/bin/../lib/gcc/arm-none-eabi/12.3.1/../../../../arm-none-eabi/lib/thumb/v7e-m+fp/hard/libc_nano.a
LOAD /opt/stm32cubeide/plugins/com.st.stm32cube.ide.mcu.externaltools.gnu-tools-for-stm32.12.3.rel1.linux64_1.0.200.202406132123/tools/bin/../lib/gcc/arm-none-eabi/12.3.1/../../../../arm-none-eabi/lib/thumb/v7e-m+fp/hard/libnosys.a
END GROUP
START GROUP
LOAD /opt/stm32cubeide/plugins/com.st.stm32cube.ide.mcu.externaltools.gnu-tools-for-stm32.12.3.rel1.linux64_1.0.200.202406132123/tools/bin/../lib/gcc/arm-none-eabi/12.3.1/thumb/v7e-m+fp/hard/libgcc.a
LOAD /opt/stm32cubeide/plugins/com.st.stm32cube.ide.mcu.externaltools.gnu-tools-for-stm32.12.3.rel1.linux64_1.0.200.202406132123/tools/bin/../lib/gcc/arm-none-eabi/12.3.1/../../../../arm-none-eabi/lib/thumb/v7e-m+fp/hard/libc_nano.a
LOAD /opt/stm32cubeide/plugins/com.st.stm32cube.ide.mcu.externaltools.gnu-tools-for-stm32.12.3.rel1.linux64_1.0.200.202406132123/tools/bin/../lib/gcc/arm-none-eabi/12.3.1/../../../../arm-none-eabi/lib/thumb/v7e-m+fp/hard/libnosys.a
END GROUP
LOAD /opt/stm32cubeide/plugins/com.st.stm32cube.ide.mcu.externaltools.gnu-tools-for-stm32.12.3.rel1.linux64_1.0.200.202406132123/tools/bin/../lib/gcc/arm-none-eabi/12.3.1/thumb/v7e-m+fp/hard/crtend.o
LOAD /opt/stm32cubeide/plugins/com.st.stm32cube.ide.mcu.externaltools.gnu-tools-for-stm32.12.3.rel1.linux64_1.0.200.202406132123/tools/bin/../lib/gcc/arm-none-eabi/12.3.1/thumb/v7e-m+fp/hard/crtn.o
                0x20003000                        _estack = (ORIGIN (RAM1) + LENGTH (RAM1))
                0x00000200                        _Min_Heap_Size = 0x200
                0x00000400                        _Min_Stack_Size = 0x400

.isr_vector     0x08000000      0x13c
                0x08000000                        . = ALIGN (0x4)
 *(.isr_vector)
 .isr_vector    0x08000000      0x13c ./Core/Startup/startup_stm32wb10ccux.o
                0x08000000                g_pfnVectors
                0x0800013c                        . = ALIGN (0x4)

.text           0x08000140     0xc150
                0x08000140                        . = ALIGN (0x4)
 *(.text)
 .text          0x08000140       0x40 /opt/stm32cubeide/plugins/com.st.stm32cube.ide.mcu.externaltools.gnu-tools-for-stm32.12.3.rel1.linux64_1.0.200.202406132123/tools/bin/../lib/gcc/arm-none-eabi/12.3.1/thumb/v7e-m+fp/hard/crtbegin.o
 .text          0x08000180       0x10 /opt/stm32cubeide/plugins/com.st.stm32cube.ide.mcu.externaltools.gnu-tools-for-stm32.12.3.rel1.linux64_1.0.200.202406132123/tools/bin/../lib/gcc/arm-none-eabi/12.3.1/../../../../arm-none-eabi/lib/thumb/v7e-m+fp/hard/libc_nano.a(libc_a-strlen.o)
                0x08000180                strlen
 .text          0x08000190      0x378 /opt/stm32cubeide/plugins/com.st.stm32cube.ide.mcu.externaltools.gnu-tools-for-stm32.12.3.rel1.linux64_1.0.200.202406132123/tools/bin/../lib/gcc/arm-none-eabi/12.3.1/thumb/v7e-m+fp/hard/libgcc.a(_arm_addsubdf3.o)
                0x08000190                __aeabi_drsub
                0x08000198                __aeabi_dsub
                0x08000198                __subdf3
                0x0800019c                __adddf3
                0x0800019c                __aeabi_dadd
                0x08000414                __aeabi_ui2d
                0x08000414                __floatunsidf
                0x08000434                __floatsidf
                0x08000434                __aeabi_i2d
                0x08000458                __extendsfdf2
                0x08000458                __aeabi_f2d
                0x0800049c                __aeabi_ul2d
                0x0800049c                __floatundidf
                0x080004ac                __floatdidf
                0x080004ac                __aeabi_l2d
 .text          0x08000508      0x424 /opt/stm32cubeide/plugins/com.st.stm32cube.ide.mcu.externaltools.gnu-tools-for-stm32.12.3.rel1.linux64_1.0.200.202406132123/tools/bin/../lib/gcc/arm-none-eabi/12.3.1/thumb/v7e-m+fp/hard/libgcc.a(_arm_muldivdf3.o)
                0x08000508                __aeabi_dmul
                0x08000508                __muldf3
                0x0800075c                __aeabi_ddiv
                0x0800075c                __divdf3
 .text          0x0800092c      0x110 /opt/stm32cubeide/plugins/com.st.stm32cube.ide.mcu.externaltools.gnu-tools-for-stm32.12.3.rel1.linux64_1.0.200.202406132123/tools/bin/../lib/gcc/arm-none-eabi/12.3.1/thumb/v7e-m+fp/hard/libgcc.a(_arm_cmpdf2.o)
                0x0800092c                __gtdf2
                0x0800092c                __gedf2
                0x08000934                __ltdf2
                0x08000934                __ledf2
                0x0800093c                __cmpdf2
                0x0800093c                __eqdf2
                0x0800093c                __nedf2
                0x080009b8                __aeabi_cdrcmple
                0x080009c8                __aeabi_cdcmple
                0x080009c8                __aeabi_cdcmpeq
                0x080009d8                __aeabi_dcmpeq
                0x080009ec                __aeabi_dcmplt
                0x08000a00                __aeabi_dcmple
                0x08000a14                __aeabi_dcmpge
                0x08000a28                __aeabi_dcmpgt
 .text          0x08000a3c       0x2c /opt/stm32cubeide/plugins/com.st.stm32cube.ide.mcu.externaltools.gnu-tools-for-stm32.12.3.rel1.linux64_1.0.200.202406132123/tools/bin/../lib/gcc/arm-none-eabi/12.3.1/thumb/v7e-m+fp/hard/libgcc.a(_arm_unorddf2.o)
                0x08000a3c                __aeabi_dcmpun
                0x08000a3c                __unorddf2
 .text          0x08000a68       0x30 /opt/stm32cubeide/plugins/com.st.stm32cube.ide.mcu.externaltools.gnu-tools-for-stm32.12.3.rel1.linux64_1.0.200.202406132123/tools/bin/../lib/gcc/arm-none-eabi/12.3.1/thumb/v7e-m+fp/hard/libgcc.a(_aeabi_uldivmod.o)
                0x08000a68                __aeabi_uldivmod
 .text          0x08000a98      0x2bc /opt/stm32cubeide/plugins/com.st.stm32cube.ide.mcu.externaltools.gnu-tools-for-stm32.12.3.rel1.linux64_1.0.200.202406132123/tools/bin/../lib/gcc/arm-none-eabi/12.3.1/thumb/v7e-m+fp/hard/libgcc.a(_udivmoddi4.o)
                0x08000a98                __udivmoddi4
 .text          0x08000d54        0x4 /opt/stm32cubeide/plugins/com.st.stm32cube.ide.mcu.externaltools.gnu-tools-for-stm32.12.3.rel1.linux64_1.0.200.202406132123/tools/bin/../lib/gcc/arm-none-eabi/12.3.1/thumb/v7e-m+fp/hard/libgcc.a(_dvmd_tls.o)
                0x08000d54                __aeabi_ldiv0
                0x08000d54                __aeabi_idiv0
 *(.text*)
 .text.icm20948_set_user_bank
                0x08000d58       0x4c ./Core/Src/ICM_20948_INV.o
                0x08000d58                icm20948_set_user_bank
 .text.sensor_type_2_android_sensor
                0x08000da4       0xc8 ./Core/Src/ICM_20948_INV.o
                0x08000da4                sensor_type_2_android_sensor
 .text.icm20948_i2c_controller_configure_peripheral
                0x08000e6c      0x198 ./Core/Src/ICM_20948_INV.o
                0x08000e6c                icm20948_i2c_controller_configure_peripheral
 .text.icm20948_set_clock_source
                0x08001004       0x68 ./Core/Src/ICM_20948_INV.o
                0x08001004                icm20948_set_clock_source
 .text.icm20948_set_sample_mode
                0x0800106c       0xac ./Core/Src/ICM_20948_INV.o
                0x0800106c                icm20948_set_sample_mode
 .text.icm20948_enable_FIFO
                0x08001118       0x70 ./Core/Src/ICM_20948_INV.o
                0x08001118                icm20948_enable_FIFO
 .text.icm20948_reset_FIFO
                0x08001188       0x7c ./Core/Src/ICM_20948_INV.o
                0x08001188                icm20948_reset_FIFO
 .text.icm20948_enable_DMP
                0x08001204       0x70 ./Core/Src/ICM_20948_INV.o
                0x08001204                icm20948_enable_DMP
 .text.icm20948_reset_DMP
                0x08001274       0x58 ./Core/Src/ICM_20948_INV.o
                0x08001274                icm20948_reset_DMP
 .text.icm20948_set_full_scale
                0x080012cc      0x114 ./Core/Src/ICM_20948_INV.o
                0x080012cc                icm20948_set_full_scale
 .text.icm20948_enable_dlpf
                0x080013e0      0x128 ./Core/Src/ICM_20948_INV.o
                0x080013e0                icm20948_enable_dlpf
 .text.icm20948_set_dlpf_cfg
                0x08001508      0x13c ./Core/Src/ICM_20948_INV.o
                0x08001508                icm20948_set_dlpf_cfg
 .text.icm20948_set_sample_rate
                0x08001644       0xb4 ./Core/Src/ICM_20948_INV.o
                0x08001644                icm20948_set_sample_rate
 .text.icm20948_int_enable
                0x080016f8      0x370 ./Core/Src/ICM_20948_INV.o
                0x080016f8                icm20948_int_enable
 .text.icm20948_int_enable_raw_data_ready
                0x08001a68       0x3a ./Core/Src/ICM_20948_INV.o
                0x08001a68                icm20948_int_enable_raw_data_ready
 *fill*         0x08001aa2        0x2 
 .text.icm20948_set_DMP_start_address
                0x08001aa4       0x4c ./Core/Src/ICM_20948_INV.o
                0x08001aa4                icm20948_set_DMP_start_address
 .text.icm20948_write_mem
                0x08001af0       0xcc ./Core/Src/ICM_20948_INV.o
                0x08001af0                icm20948_write_mem
 .text.icm20948_read_mem
                0x08001bbc       0xc4 ./Core/Src/ICM_20948_INV.o
                0x08001bbc                icm20948_read_mem
 .text.icm20948_set_gyro_sf
                0x08001c80      0x1d0 ./Core/Src/ICM_20948_INV.o
                0x08001c80                icm20948_set_gyro_sf
 .text.icm20948_enable_DMP_sensor
                0x08001e50      0x2bc ./Core/Src/ICM_20948_INV.o
                0x08001e50                icm20948_enable_DMP_sensor
 .text.icm20948_set_DMP_sensor_period
                0x0800210c      0x218 ./Core/Src/ICM_20948_INV.o
                0x0800210c                icm20948_set_DMP_sensor_period
 .text.icm20948_get_FIFO_count
                0x08002324       0x74 ./Core/Src/ICM_20948_INV.o
                0x08002324                icm20948_get_FIFO_count
 .text.icm20948_read_FIFO
                0x08002398       0x3c ./Core/Src/ICM_20948_INV.o
                0x08002398                icm20948_read_FIFO
 .text.icm20948_read_DMP_data
                0x080023d4      0x908 ./Core/Src/ICM_20948_INV.o
                0x080023d4                icm20948_read_DMP_data
 .text.icm20948_sleep
                0x08002cdc       0x74 ./Core/Src/ICM_20948_INV.o
                0x08002cdc                icm20948_sleep
 .text.icm20948_low_power
                0x08002d50       0x88 ./Core/Src/ICM_20948_INV.o
                0x08002d50                icm20948_low_power
 .text.icm20948_sw_reset
                0x08002dd8       0x56 ./Core/Src/ICM_20948_INV.o
                0x08002dd8                icm20948_sw_reset
 .text.icm20948_load_firmware
                0x08002e2e      0x118 ./Core/Src/ICM_20948_INV.o
                0x08002e2e                icm20948_load_firmware
 *fill*         0x08002f46        0x2 
 .text.icm20948_set_i2c_bus
                0x08002f48       0x24 ./Core/Src/ICM_20948_INV.o
                0x08002f48                icm20948_set_i2c_bus
 .text.icm20948_initialize_DMP
                0x08002f6c      0x3b4 ./Core/Src/ICM_20948_INV.o
                0x08002f6c                icm20948_initialize_DMP
 .text.icm20948_execute_r
                0x08003320       0x44 ./Core/Src/ICM_20948_INV.o
                0x08003320                icm20948_execute_r
 .text.icm20948_execute_w
                0x08003364       0x44 ./Core/Src/ICM_20948_INV.o
                0x08003364                icm20948_execute_w
 .text.icm20948_startup_magnetometer
                0x080033a8       0xe8 ./Core/Src/ICM_20948_INV.o
                0x080033a8                icm20948_startup_magnetometer
 .text.icm20948_i2c_master_passthrough
                0x08003490       0x6e ./Core/Src/ICM_20948_INV.o
                0x08003490                icm20948_i2c_master_passthrough
 .text.icm20948_i2c_master_enable
                0x080034fe       0xee ./Core/Src/ICM_20948_INV.o
                0x080034fe                icm20948_i2c_master_enable
 .text.icm20948_reset_magnetomter
                0x080035ec       0x30 ./Core/Src/ICM_20948_INV.o
                0x080035ec                icm20948_reset_magnetomter
 .text.icm20948_i2c_master_single_w
                0x0800361c       0x2e ./Core/Src/ICM_20948_INV.o
                0x0800361c                icm20948_i2c_master_single_w
 .text.icm20948_i2c_master_single_r
                0x0800364a       0x2e ./Core/Src/ICM_20948_INV.o
                0x0800364a                icm20948_i2c_master_single_r
 .text.icm20948_i2c_controller_periph4_txn
                0x08003678      0x1fe ./Core/Src/ICM_20948_INV.o
                0x08003678                icm20948_i2c_controller_periph4_txn
 .text.icm20948_i2c_master_reset
                0x08003876       0x64 ./Core/Src/ICM_20948_INV.o
                0x08003876                icm20948_i2c_master_reset
 *fill*         0x080038da        0x2 
 .text.icm20948_mag_who_i_am
                0x080038dc       0x74 ./Core/Src/ICM_20948_INV.o
                0x080038dc                icm20948_mag_who_i_am
 .text.icm20948_read_mag
                0x08003950       0x22 ./Core/Src/ICM_20948_INV.o
                0x08003950                icm20948_read_mag
 *fill*         0x08003972        0x2 
 .text.icm20948_write_mag
                0x08003974       0x30 ./Core/Src/ICM_20948_INV.o
                0x08003974                icm20948_write_mag
 .text.icm20948_startup_default
                0x080039a4      0x150 ./Core/Src/ICM_20948_INV.o
                0x080039a4                icm20948_startup_default
 .text.icm20948_get_bias_gyro_x
                0x08003af4       0x50 ./Core/Src/ICM_20948_INV.o
                0x08003af4                icm20948_get_bias_gyro_x
 .text.icm20948_get_bias_gyro_y
                0x08003b44       0x50 ./Core/Src/ICM_20948_INV.o
                0x08003b44                icm20948_get_bias_gyro_y
 .text.icm20948_get_bias_gyro_z
                0x08003b94       0x50 ./Core/Src/ICM_20948_INV.o
                0x08003b94                icm20948_get_bias_gyro_z
 .text.icm20948_get_bias_accel_x
                0x08003be4       0x50 ./Core/Src/ICM_20948_INV.o
                0x08003be4                icm20948_get_bias_accel_x
 .text.icm20948_get_bias_accel_y
                0x08003c34       0x50 ./Core/Src/ICM_20948_INV.o
                0x08003c34                icm20948_get_bias_accel_y
 .text.icm20948_get_bias_accel_z
                0x08003c84       0x50 ./Core/Src/ICM_20948_INV.o
                0x08003c84                icm20948_get_bias_accel_z
 .text.icm20948_get_bias_cpass_x
                0x08003cd4       0x50 ./Core/Src/ICM_20948_INV.o
                0x08003cd4                icm20948_get_bias_cpass_x
 .text.icm20948_get_bias_cpass_y
                0x08003d24       0x50 ./Core/Src/ICM_20948_INV.o
                0x08003d24                icm20948_get_bias_cpass_y
 .text.icm20948_get_bias_cpass_z
                0x08003d74       0x50 ./Core/Src/ICM_20948_INV.o
                0x08003d74                icm20948_get_bias_cpass_z
 .text.APPD_EnableCPU2
                0x08003dc4       0x78 ./Core/Src/app_debug.o
                0x08003dc4                APPD_EnableCPU2
 .text.LL_C2_PWR_SetPowerMode
                0x08003e3c       0x2c ./Core/Src/app_entry.o
 .text.LL_EXTI_EnableIT_32_63
                0x08003e68       0x28 ./Core/Src/app_entry.o
 .text.LL_RCC_HSE_SetCapacitorTuning
                0x08003e90       0x3c ./Core/Src/app_entry.o
 .text.LL_RCC_SetClkAfterWakeFromStop
                0x08003ecc       0x28 ./Core/Src/app_entry.o
 .text.LL_DBGMCU_GetDeviceID
                0x08003ef4       0x1c ./Core/Src/app_entry.o
 .text.LL_DBGMCU_GetRevisionID
                0x08003f10       0x1c ./Core/Src/app_entry.o
 .text.LL_LPM_EnableSleep
                0x08003f2c       0x20 ./Core/Src/app_entry.o
 .text.LL_RTC_EnableWriteProtection
                0x08003f4c       0x1a ./Core/Src/app_entry.o
 .text.LL_RTC_DisableWriteProtection
                0x08003f66       0x20 ./Core/Src/app_entry.o
 .text.LL_RTC_WAKEUP_SetClock
                0x08003f86       0x26 ./Core/Src/app_entry.o
 .text.MX_APPE_Config
                0x08003fac       0x1c ./Core/Src/app_entry.o
                0x08003fac                MX_APPE_Config
 .text.MX_APPE_Init
                0x08003fc8       0x20 ./Core/Src/app_entry.o
                0x08003fc8                MX_APPE_Init
 .text.Init_Exti
                0x08003fe8        0xe ./Core/Src/app_entry.o
                0x08003fe8                Init_Exti
 .text.Reset_Device
                0x08003ff6        0xe ./Core/Src/app_entry.o
 .text.Config_HSE
                0x08004004       0x28 ./Core/Src/app_entry.o
 .text.System_Init
                0x0800402c       0x10 ./Core/Src/app_entry.o
 .text.Init_Rtc
                0x0800403c       0x20 ./Core/Src/app_entry.o
 .text.SystemPower_Config
                0x0800405c       0x1e ./Core/Src/app_entry.o
 *fill*         0x0800407a        0x2 
 .text.appe_Tl_Init
                0x0800407c       0x6c ./Core/Src/app_entry.o
 .text.APPE_SysStatusNot
                0x080040e8       0x16 ./Core/Src/app_entry.o
 *fill*         0x080040fe        0x2 
 .text.APPE_SysUserEvtRx
                0x08004100       0x68 ./Core/Src/app_entry.o
 .text.APPE_SysEvtError
                0x08004168       0x22 ./Core/Src/app_entry.o
 .text.APPE_SysEvtReadyProcessing
                0x0800418a       0x88 ./Core/Src/app_entry.o
 .text.HAL_Delay
                0x08004212       0x4a ./Core/Src/app_entry.o
                0x08004212                HAL_Delay
 .text.MX_APPE_Process
                0x0800425c       0x10 ./Core/Src/app_entry.o
                0x0800425c                MX_APPE_Process
 .text.UTIL_SEQ_Idle
                0x0800426c        0xe ./Core/Src/app_entry.o
                0x0800426c                UTIL_SEQ_Idle
 .text.UTIL_SEQ_EvtIdle
                0x0800427a       0x1a ./Core/Src/app_entry.o
                0x0800427a                UTIL_SEQ_EvtIdle
 .text.shci_notify_asynch_evt
                0x08004294       0x18 ./Core/Src/app_entry.o
                0x08004294                shci_notify_asynch_evt
 .text.shci_cmd_resp_release
                0x080042ac       0x16 ./Core/Src/app_entry.o
                0x080042ac                shci_cmd_resp_release
 .text.shci_cmd_resp_wait
                0x080042c2       0x16 ./Core/Src/app_entry.o
                0x080042c2                shci_cmd_resp_wait
 .text.LL_EXTI_EnableIT_0_31
                0x080042d8       0x28 ./Core/Src/hw_timerserver.o
 .text.LL_EXTI_EnableRisingTrig_0_31
                0x08004300       0x24 ./Core/Src/hw_timerserver.o
 .text.ReadRtcSsrValue
                0x08004324       0x40 ./Core/Src/hw_timerserver.o
 .text.LinkTimerAfter
                0x08004364       0x8c ./Core/Src/hw_timerserver.o
 .text.LinkTimerBefore
                0x080043f0       0xc0 ./Core/Src/hw_timerserver.o
 .text.linkTimer
                0x080044b0      0x154 ./Core/Src/hw_timerserver.o
 .text.UnlinkTimer
                0x08004604      0x108 ./Core/Src/hw_timerserver.o
 .text.ReturnTimeElapsed
                0x0800470c       0x80 ./Core/Src/hw_timerserver.o
 .text.RestartWakeupCounter
                0x0800478c       0xb0 ./Core/Src/hw_timerserver.o
 .text.RescheduleTimerList
                0x0800483c      0x134 ./Core/Src/hw_timerserver.o
 .text.HW_TS_RTC_Wakeup_Handler
                0x08004970      0x190 ./Core/Src/hw_timerserver.o
                0x08004970                HW_TS_RTC_Wakeup_Handler
 .text.HW_TS_Init
                0x08004b00      0x1b4 ./Core/Src/hw_timerserver.o
                0x08004b00                HW_TS_Init
 .text.HW_TS_Stop
                0x08004cb4      0x108 ./Core/Src/hw_timerserver.o
                0x08004cb4                HW_TS_Stop
 .text.HW_TS_Start
                0x08004dbc      0x10c ./Core/Src/hw_timerserver.o
                0x08004dbc                HW_TS_Start
 .text.HW_TS_RTC_Int_AppNot
                0x08004ec8       0x1a ./Core/Src/hw_timerserver.o
                0x08004ec8                HW_TS_RTC_Int_AppNot
 .text.LL_AHB2_GRP1_EnableClock
                0x08004ee2       0x32 ./Core/Src/main.o
 .text.main     0x08004f14      0x114 ./Core/Src/main.o
                0x08004f14                main
 .text.biases_to_buffer
                0x08005028      0x110 ./Core/Src/main.o
                0x08005028                biases_to_buffer
 .text.set_up_icm20948_dmp
                0x08005138       0x74 ./Core/Src/main.o
                0x08005138                set_up_icm20948_dmp
 .text.orientation_into_buffer
                0x080051ac      0x188 ./Core/Src/main.o
                0x080051ac                orientation_into_buffer
 .text.SystemClock_Config
                0x08005334       0x8a ./Core/Src/main.o
                0x08005334                SystemClock_Config
 .text.PeriphCommonClock_Config
                0x080053be       0x38 ./Core/Src/main.o
                0x080053be                PeriphCommonClock_Config
 *fill*         0x080053f6        0x2 
 .text.MX_I2C1_Init
                0x080053f8       0x80 ./Core/Src/main.o
 .text.MX_IPCC_Init
                0x08005478       0x28 ./Core/Src/main.o
 .text.MX_RF_Init
                0x080054a0        0xe ./Core/Src/main.o
 *fill*         0x080054ae        0x2 
 .text.MX_RTC_Init
                0x080054b0       0x60 ./Core/Src/main.o
 .text.MX_GPIO_Init
                0x08005510       0x40 ./Core/Src/main.o
 .text.Error_Handler
                0x08005550        0xc ./Core/Src/main.o
                0x08005550                Error_Handler
 .text.set_i2c_mux_index
                0x0800555c       0x40 ./Core/Src/pb_helper.o
                0x0800555c                set_i2c_mux_index
 .text.put_double_in_buffer
                0x0800559c       0x5c ./Core/Src/pb_helper.o
                0x0800559c                put_double_in_buffer
 .text.put_int32_in_buffer
                0x080055f8       0x54 ./Core/Src/pb_helper.o
                0x080055f8                put_int32_in_buffer
 .text.LL_RCC_EnableRTC
                0x0800564c       0x22 ./Core/Src/stm32wbxx_hal_msp.o
 .text.LL_AHB2_GRP1_EnableClock
                0x0800566e       0x32 ./Core/Src/stm32wbxx_hal_msp.o
 .text.LL_AHB3_GRP1_EnableClock
                0x080056a0       0x32 ./Core/Src/stm32wbxx_hal_msp.o
 .text.LL_APB1_GRP1_EnableClock
                0x080056d2       0x32 ./Core/Src/stm32wbxx_hal_msp.o
 .text.HAL_MspInit
                0x08005704       0x20 ./Core/Src/stm32wbxx_hal_msp.o
                0x08005704                HAL_MspInit
 .text.HAL_I2C_MspInit
                0x08005724       0x90 ./Core/Src/stm32wbxx_hal_msp.o
                0x08005724                HAL_I2C_MspInit
 .text.HAL_IPCC_MspInit
                0x080057b4       0x48 ./Core/Src/stm32wbxx_hal_msp.o
                0x080057b4                HAL_IPCC_MspInit
 .text.HAL_RTC_MspInit
                0x080057fc       0x70 ./Core/Src/stm32wbxx_hal_msp.o
                0x080057fc                HAL_RTC_MspInit
 .text.NMI_Handler
                0x0800586c        0x8 ./Core/Src/stm32wbxx_it.o
                0x0800586c                NMI_Handler
 .text.HardFault_Handler
                0x08005874        0x8 ./Core/Src/stm32wbxx_it.o
                0x08005874                HardFault_Handler
 .text.MemManage_Handler
                0x0800587c        0x8 ./Core/Src/stm32wbxx_it.o
                0x0800587c                MemManage_Handler
 .text.BusFault_Handler
                0x08005884        0x8 ./Core/Src/stm32wbxx_it.o
                0x08005884                BusFault_Handler
 .text.UsageFault_Handler
                0x0800588c        0x8 ./Core/Src/stm32wbxx_it.o
                0x0800588c                UsageFault_Handler
 .text.SVC_Handler
                0x08005894        0xe ./Core/Src/stm32wbxx_it.o
                0x08005894                SVC_Handler
 .text.DebugMon_Handler
                0x080058a2        0xe ./Core/Src/stm32wbxx_it.o
                0x080058a2                DebugMon_Handler
 .text.PendSV_Handler
                0x080058b0        0xe ./Core/Src/stm32wbxx_it.o
                0x080058b0                PendSV_Handler
 .text.SysTick_Handler
                0x080058be        0xc ./Core/Src/stm32wbxx_it.o
                0x080058be                SysTick_Handler
 .text.RTC_WKUP_IRQHandler
                0x080058ca        0xc ./Core/Src/stm32wbxx_it.o
                0x080058ca                RTC_WKUP_IRQHandler
 .text.IPCC_C1_RX_IRQHandler
                0x080058d6        0xc ./Core/Src/stm32wbxx_it.o
                0x080058d6                IPCC_C1_RX_IRQHandler
 .text.IPCC_C1_TX_IRQHandler
                0x080058e2        0xc ./Core/Src/stm32wbxx_it.o
                0x080058e2                IPCC_C1_TX_IRQHandler
 .text.HSEM_IRQHandler
                0x080058ee        0xc ./Core/Src/stm32wbxx_it.o
                0x080058ee                HSEM_IRQHandler
 *fill*         0x080058fa        0x2 
 .text.SystemInit
                0x080058fc       0x9c ./Core/Src/system_stm32wbxx.o
                0x080058fc                SystemInit
 .text.data_initializers
                0x08005998       0x18 ./Core/Startup/startup_stm32wb10ccux.o
 .text.Reset_Handler
                0x080059b0       0x58 ./Core/Startup/startup_stm32wb10ccux.o
                0x080059b0                Reset_Handler
 .text.Default_Handler
                0x08005a08        0x2 ./Core/Startup/startup_stm32wb10ccux.o
                0x08005a08                RTC_Alarm_IRQHandler
                0x08005a08                EXTI2_IRQHandler
                0x08005a08                TIM1_CC_IRQHandler
                0x08005a08                TSC_IRQHandler
                0x08005a08                EXTI3_IRQHandler
                0x08005a08                LPTIM2_IRQHandler
                0x08005a08                EXTI0_IRQHandler
                0x08005a08                FPU_IRQHandler
                0x08005a08                SPI1_IRQHandler
                0x08005a08                DMA1_Channel4_IRQHandler
                0x08005a08                ADC1_IRQHandler
                0x08005a08                PWR_SOTF_BLEACT_RFPHASE_IRQHandler
                0x08005a08                PKA_IRQHandler
                0x08005a08                DMA1_Channel7_IRQHandler
                0x08005a08                I2C1_EV_IRQHandler
                0x08005a08                DMAMUX1_OVR_IRQHandler
                0x08005a08                DMA1_Channel6_IRQHandler
                0x08005a08                RCC_IRQHandler
                0x08005a08                TIM1_TRG_COM_IRQHandler
                0x08005a08                DMA1_Channel1_IRQHandler
                0x08005a08                Default_Handler
                0x08005a08                EXTI15_10_IRQHandler
                0x08005a08                C2SEV_PWR_C2H_IRQHandler
                0x08005a08                AES2_IRQHandler
                0x08005a08                EXTI9_5_IRQHandler
                0x08005a08                PVD_PVM_IRQHandler
                0x08005a08                DMA1_Channel5_IRQHandler
                0x08005a08                EXTI4_IRQHandler
                0x08005a08                RNG_IRQHandler
                0x08005a08                TAMP_STAMP_LSECSS_IRQHandler
                0x08005a08                DMA1_Channel3_IRQHandler
                0x08005a08                TIM1_UP_IRQHandler
                0x08005a08                WWDG_IRQHandler
                0x08005a08                TIM2_IRQHandler
                0x08005a08                TIM1_BRK_IRQHandler
                0x08005a08                EXTI1_IRQHandler
                0x08005a08                DMA1_Channel2_IRQHandler
                0x08005a08                FLASH_IRQHandler
                0x08005a08                USART1_IRQHandler
                0x08005a08                I2C1_ER_IRQHandler
                0x08005a08                LPTIM1_IRQHandler
 *fill*         0x08005a0a        0x2 
 .text.HAL_Init
                0x08005a0c       0x40 ./Drivers/STM32WBxx_HAL_Driver/Src/stm32wbxx_hal.o
                0x08005a0c                HAL_Init
 .text.HAL_InitTick
                0x08005a4c       0x74 ./Drivers/STM32WBxx_HAL_Driver/Src/stm32wbxx_hal.o
                0x08005a4c                HAL_InitTick
 .text.HAL_IncTick
                0x08005ac0       0x28 ./Drivers/STM32WBxx_HAL_Driver/Src/stm32wbxx_hal.o
                0x08005ac0                HAL_IncTick
 .text.HAL_GetTick
                0x08005ae8       0x18 ./Drivers/STM32WBxx_HAL_Driver/Src/stm32wbxx_hal.o
                0x08005ae8                HAL_GetTick
 .text.HAL_GetTickPrio
                0x08005b00       0x18 ./Drivers/STM32WBxx_HAL_Driver/Src/stm32wbxx_hal.o
                0x08005b00                HAL_GetTickPrio
 .text.HAL_GetTickFreq
                0x08005b18       0x18 ./Drivers/STM32WBxx_HAL_Driver/Src/stm32wbxx_hal.o
                0x08005b18                HAL_GetTickFreq
 .text.__NVIC_SetPriorityGrouping
                0x08005b30       0x48 ./Drivers/STM32WBxx_HAL_Driver/Src/stm32wbxx_hal_cortex.o
 .text.__NVIC_GetPriorityGrouping
                0x08005b78       0x1c ./Drivers/STM32WBxx_HAL_Driver/Src/stm32wbxx_hal_cortex.o
 .text.__NVIC_EnableIRQ
                0x08005b94       0x3c ./Drivers/STM32WBxx_HAL_Driver/Src/stm32wbxx_hal_cortex.o
 .text.__NVIC_DisableIRQ
                0x08005bd0       0x48 ./Drivers/STM32WBxx_HAL_Driver/Src/stm32wbxx_hal_cortex.o
 .text.__NVIC_SetPendingIRQ
                0x08005c18       0x3c ./Drivers/STM32WBxx_HAL_Driver/Src/stm32wbxx_hal_cortex.o
 .text.__NVIC_ClearPendingIRQ
                0x08005c54       0x3c ./Drivers/STM32WBxx_HAL_Driver/Src/stm32wbxx_hal_cortex.o
 .text.__NVIC_SetPriority
                0x08005c90       0x54 ./Drivers/STM32WBxx_HAL_Driver/Src/stm32wbxx_hal_cortex.o
 .text.NVIC_EncodePriority
                0x08005ce4       0x66 ./Drivers/STM32WBxx_HAL_Driver/Src/stm32wbxx_hal_cortex.o
 *fill*         0x08005d4a        0x2 
 .text.SysTick_Config
                0x08005d4c       0x44 ./Drivers/STM32WBxx_HAL_Driver/Src/stm32wbxx_hal_cortex.o
 .text.HAL_NVIC_SetPriorityGrouping
                0x08005d90       0x16 ./Drivers/STM32WBxx_HAL_Driver/Src/stm32wbxx_hal_cortex.o
                0x08005d90                HAL_NVIC_SetPriorityGrouping
 .text.HAL_NVIC_SetPriority
                0x08005da6       0x34 ./Drivers/STM32WBxx_HAL_Driver/Src/stm32wbxx_hal_cortex.o
                0x08005da6                HAL_NVIC_SetPriority
 .text.HAL_NVIC_EnableIRQ
                0x08005dda       0x1c ./Drivers/STM32WBxx_HAL_Driver/Src/stm32wbxx_hal_cortex.o
                0x08005dda                HAL_NVIC_EnableIRQ
 .text.HAL_NVIC_DisableIRQ
                0x08005df6       0x1c ./Drivers/STM32WBxx_HAL_Driver/Src/stm32wbxx_hal_cortex.o
                0x08005df6                HAL_NVIC_DisableIRQ
 .text.HAL_SYSTICK_Config
                0x08005e12       0x18 ./Drivers/STM32WBxx_HAL_Driver/Src/stm32wbxx_hal_cortex.o
                0x08005e12                HAL_SYSTICK_Config
 .text.HAL_NVIC_SetPendingIRQ
                0x08005e2a       0x1c ./Drivers/STM32WBxx_HAL_Driver/Src/stm32wbxx_hal_cortex.o
                0x08005e2a                HAL_NVIC_SetPendingIRQ
 .text.HAL_NVIC_ClearPendingIRQ
                0x08005e46       0x1c ./Drivers/STM32WBxx_HAL_Driver/Src/stm32wbxx_hal_cortex.o
                0x08005e46                HAL_NVIC_ClearPendingIRQ
 *fill*         0x08005e62        0x2 
 .text.HAL_GPIO_Init
                0x08005e64      0x2d0 ./Drivers/STM32WBxx_HAL_Driver/Src/stm32wbxx_hal_gpio.o
                0x08005e64                HAL_GPIO_Init
 .text.HAL_GPIO_ReadPin
                0x08006134       0x30 ./Drivers/STM32WBxx_HAL_Driver/Src/stm32wbxx_hal_gpio.o
                0x08006134                HAL_GPIO_ReadPin
 .text.HAL_HSEM_IRQHandler
                0x08006164       0x34 ./Drivers/STM32WBxx_HAL_Driver/Src/stm32wbxx_hal_hsem.o
                0x08006164                HAL_HSEM_IRQHandler
 .text.HAL_HSEM_FreeCallback
                0x08006198       0x14 ./Drivers/STM32WBxx_HAL_Driver/Src/stm32wbxx_hal_hsem.o
                0x08006198                HAL_HSEM_FreeCallback
 .text.HAL_I2C_Init
                0x080061ac      0x136 ./Drivers/STM32WBxx_HAL_Driver/Src/stm32wbxx_hal_i2c.o
                0x080061ac                HAL_I2C_Init
 *fill*         0x080062e2        0x2 
 .text.HAL_I2C_Master_Transmit
                0x080062e4      0x230 ./Drivers/STM32WBxx_HAL_Driver/Src/stm32wbxx_hal_i2c.o
                0x080062e4                HAL_I2C_Master_Transmit
 .text.HAL_I2C_Mem_Write
                0x08006514      0x228 ./Drivers/STM32WBxx_HAL_Driver/Src/stm32wbxx_hal_i2c.o
                0x08006514                HAL_I2C_Mem_Write
 .text.HAL_I2C_Mem_Read
                0x0800673c      0x234 ./Drivers/STM32WBxx_HAL_Driver/Src/stm32wbxx_hal_i2c.o
                0x0800673c                HAL_I2C_Mem_Read
 .text.I2C_RequestMemoryWrite
                0x08006970       0xa8 ./Drivers/STM32WBxx_HAL_Driver/Src/stm32wbxx_hal_i2c.o
 .text.I2C_RequestMemoryRead
                0x08006a18       0xa8 ./Drivers/STM32WBxx_HAL_Driver/Src/stm32wbxx_hal_i2c.o
 .text.I2C_Flush_TXDR
                0x08006ac0       0x48 ./Drivers/STM32WBxx_HAL_Driver/Src/stm32wbxx_hal_i2c.o
 .text.I2C_WaitOnFlagUntilTimeout
                0x08006b08       0xb2 ./Drivers/STM32WBxx_HAL_Driver/Src/stm32wbxx_hal_i2c.o
 .text.I2C_WaitOnTXISFlagUntilTimeout
                0x08006bba       0x8e ./Drivers/STM32WBxx_HAL_Driver/Src/stm32wbxx_hal_i2c.o
 .text.I2C_WaitOnSTOPFlagUntilTimeout
                0x08006c48       0x86 ./Drivers/STM32WBxx_HAL_Driver/Src/stm32wbxx_hal_i2c.o
 *fill*         0x08006cce        0x2 
 .text.I2C_IsErrorOccurred
                0x08006cd0      0x1c0 ./Drivers/STM32WBxx_HAL_Driver/Src/stm32wbxx_hal_i2c.o
 .text.I2C_TransferConfig
                0x08006e90       0x64 ./Drivers/STM32WBxx_HAL_Driver/Src/stm32wbxx_hal_i2c.o
 .text.HAL_I2CEx_ConfigAnalogFilter
                0x08006ef4       0x96 ./Drivers/STM32WBxx_HAL_Driver/Src/stm32wbxx_hal_i2c_ex.o
                0x08006ef4                HAL_I2CEx_ConfigAnalogFilter
 .text.HAL_I2CEx_ConfigDigitalFilter
                0x08006f8a       0x98 ./Drivers/STM32WBxx_HAL_Driver/Src/stm32wbxx_hal_i2c_ex.o
                0x08006f8a                HAL_I2CEx_ConfigDigitalFilter
 *fill*         0x08007022        0x2 
 .text.HAL_IPCC_Init
                0x08007024       0x64 ./Drivers/STM32WBxx_HAL_Driver/Src/stm32wbxx_hal_ipcc.o
                0x08007024                HAL_IPCC_Init
 .text.HAL_IPCC_RxCallback
                0x08007088       0x1a ./Drivers/STM32WBxx_HAL_Driver/Src/stm32wbxx_hal_ipcc.o
                0x08007088                HAL_IPCC_RxCallback
 .text.HAL_IPCC_TxCallback
                0x080070a2       0x1a ./Drivers/STM32WBxx_HAL_Driver/Src/stm32wbxx_hal_ipcc.o
                0x080070a2                HAL_IPCC_TxCallback
 .text.IPCC_SetDefaultCallbacks
                0x080070bc       0x4c ./Drivers/STM32WBxx_HAL_Driver/Src/stm32wbxx_hal_ipcc.o
                0x080070bc                IPCC_SetDefaultCallbacks
 .text.IPCC_Reset_Register
                0x08007108       0x28 ./Drivers/STM32WBxx_HAL_Driver/Src/stm32wbxx_hal_ipcc.o
                0x08007108                IPCC_Reset_Register
 .text.HAL_PWR_EnableBkUpAccess
                0x08007130       0x20 ./Drivers/STM32WBxx_HAL_Driver/Src/stm32wbxx_hal_pwr.o
                0x08007130                HAL_PWR_EnableBkUpAccess
 .text.LL_PWR_EnableSRAM2Retention
                0x08007150       0x20 ./Drivers/STM32WBxx_HAL_Driver/Src/stm32wbxx_hal_pwr_ex.o
 .text.HAL_PWREx_EnableSRAMRetention
                0x08007170        0xc ./Drivers/STM32WBxx_HAL_Driver/Src/stm32wbxx_hal_pwr_ex.o
                0x08007170                HAL_PWREx_EnableSRAMRetention
 .text.LL_RCC_HSE_IsEnabledDiv2
                0x0800717c       0x24 ./Drivers/STM32WBxx_HAL_Driver/Src/stm32wbxx_hal_rcc.o
 .text.LL_RCC_HSE_Enable
                0x080071a0       0x1e ./Drivers/STM32WBxx_HAL_Driver/Src/stm32wbxx_hal_rcc.o
 .text.LL_RCC_HSE_Disable
                0x080071be       0x1e ./Drivers/STM32WBxx_HAL_Driver/Src/stm32wbxx_hal_rcc.o
 .text.LL_RCC_HSE_IsReady
                0x080071dc       0x24 ./Drivers/STM32WBxx_HAL_Driver/Src/stm32wbxx_hal_rcc.o
 .text.LL_RCC_HSI_Enable
                0x08007200       0x1e ./Drivers/STM32WBxx_HAL_Driver/Src/stm32wbxx_hal_rcc.o
 .text.LL_RCC_HSI_Disable
                0x0800721e       0x1e ./Drivers/STM32WBxx_HAL_Driver/Src/stm32wbxx_hal_rcc.o
 .text.LL_RCC_HSI_IsReady
                0x0800723c       0x24 ./Drivers/STM32WBxx_HAL_Driver/Src/stm32wbxx_hal_rcc.o
 .text.LL_RCC_HSI_SetCalibTrimming
                0x08007260       0x2a ./Drivers/STM32WBxx_HAL_Driver/Src/stm32wbxx_hal_rcc.o
 .text.LL_RCC_LSE_Enable
                0x0800728a       0x22 ./Drivers/STM32WBxx_HAL_Driver/Src/stm32wbxx_hal_rcc.o
 .text.LL_RCC_LSE_Disable
                0x080072ac       0x22 ./Drivers/STM32WBxx_HAL_Driver/Src/stm32wbxx_hal_rcc.o
 .text.LL_RCC_LSE_EnableBypass
                0x080072ce       0x22 ./Drivers/STM32WBxx_HAL_Driver/Src/stm32wbxx_hal_rcc.o
 .text.LL_RCC_LSE_DisableBypass
                0x080072f0       0x22 ./Drivers/STM32WBxx_HAL_Driver/Src/stm32wbxx_hal_rcc.o
 .text.LL_RCC_LSE_IsReady
                0x08007312       0x24 ./Drivers/STM32WBxx_HAL_Driver/Src/stm32wbxx_hal_rcc.o
 .text.LL_RCC_LSI1_Enable
                0x08007336       0x22 ./Drivers/STM32WBxx_HAL_Driver/Src/stm32wbxx_hal_rcc.o
 .text.LL_RCC_LSI1_Disable
                0x08007358       0x22 ./Drivers/STM32WBxx_HAL_Driver/Src/stm32wbxx_hal_rcc.o
 .text.LL_RCC_LSI1_IsReady
                0x0800737a       0x24 ./Drivers/STM32WBxx_HAL_Driver/Src/stm32wbxx_hal_rcc.o
 .text.LL_RCC_LSI2_Enable
                0x0800739e       0x22 ./Drivers/STM32WBxx_HAL_Driver/Src/stm32wbxx_hal_rcc.o
 .text.LL_RCC_LSI2_Disable
                0x080073c0       0x22 ./Drivers/STM32WBxx_HAL_Driver/Src/stm32wbxx_hal_rcc.o
 .text.LL_RCC_LSI2_IsReady
                0x080073e2       0x24 ./Drivers/STM32WBxx_HAL_Driver/Src/stm32wbxx_hal_rcc.o
 .text.LL_RCC_LSI2_SetTrimming
                0x08007406       0x2e ./Drivers/STM32WBxx_HAL_Driver/Src/stm32wbxx_hal_rcc.o
 .text.LL_RCC_MSI_Enable
                0x08007434       0x1e ./Drivers/STM32WBxx_HAL_Driver/Src/stm32wbxx_hal_rcc.o
 .text.LL_RCC_MSI_Disable
                0x08007452       0x1e ./Drivers/STM32WBxx_HAL_Driver/Src/stm32wbxx_hal_rcc.o
 .text.LL_RCC_MSI_IsReady
                0x08007470       0x22 ./Drivers/STM32WBxx_HAL_Driver/Src/stm32wbxx_hal_rcc.o
 .text.LL_RCC_MSI_SetRange
                0x08007492       0x28 ./Drivers/STM32WBxx_HAL_Driver/Src/stm32wbxx_hal_rcc.o
 .text.LL_RCC_MSI_GetRange
                0x080074ba       0x2a ./Drivers/STM32WBxx_HAL_Driver/Src/stm32wbxx_hal_rcc.o
 .text.LL_RCC_MSI_SetCalibTrimming
                0x080074e4       0x2a ./Drivers/STM32WBxx_HAL_Driver/Src/stm32wbxx_hal_rcc.o
 .text.LL_RCC_SetSysClkSource
                0x0800750e       0x28 ./Drivers/STM32WBxx_HAL_Driver/Src/stm32wbxx_hal_rcc.o
 .text.LL_RCC_GetSysClkSource
                0x08007536       0x18 ./Drivers/STM32WBxx_HAL_Driver/Src/stm32wbxx_hal_rcc.o
 .text.LL_RCC_SetAHBPrescaler
                0x0800754e       0x28 ./Drivers/STM32WBxx_HAL_Driver/Src/stm32wbxx_hal_rcc.o
 .text.LL_C2_RCC_SetAHBPrescaler
                0x08007576       0x2c ./Drivers/STM32WBxx_HAL_Driver/Src/stm32wbxx_hal_rcc.o
 .text.LL_RCC_SetAHB4Prescaler
                0x080075a2       0x2e ./Drivers/STM32WBxx_HAL_Driver/Src/stm32wbxx_hal_rcc.o
 .text.LL_RCC_SetAPB1Prescaler
                0x080075d0       0x28 ./Drivers/STM32WBxx_HAL_Driver/Src/stm32wbxx_hal_rcc.o
 .text.LL_RCC_SetAPB2Prescaler
                0x080075f8       0x28 ./Drivers/STM32WBxx_HAL_Driver/Src/stm32wbxx_hal_rcc.o
 .text.LL_RCC_GetAHBPrescaler
                0x08007620       0x18 ./Drivers/STM32WBxx_HAL_Driver/Src/stm32wbxx_hal_rcc.o
 .text.LL_RCC_GetAHB4Prescaler
                0x08007638       0x1c ./Drivers/STM32WBxx_HAL_Driver/Src/stm32wbxx_hal_rcc.o
 .text.LL_RCC_PLL_Enable
                0x08007654       0x1e ./Drivers/STM32WBxx_HAL_Driver/Src/stm32wbxx_hal_rcc.o
 .text.LL_RCC_PLL_Disable
                0x08007672       0x1e ./Drivers/STM32WBxx_HAL_Driver/Src/stm32wbxx_hal_rcc.o
 .text.LL_RCC_PLL_IsReady
                0x08007690       0x24 ./Drivers/STM32WBxx_HAL_Driver/Src/stm32wbxx_hal_rcc.o
 .text.LL_RCC_PLL_GetN
                0x080076b4       0x1a ./Drivers/STM32WBxx_HAL_Driver/Src/stm32wbxx_hal_rcc.o
 .text.LL_RCC_PLL_GetR
                0x080076ce       0x18 ./Drivers/STM32WBxx_HAL_Driver/Src/stm32wbxx_hal_rcc.o
 .text.LL_RCC_PLL_GetDivider
                0x080076e6       0x18 ./Drivers/STM32WBxx_HAL_Driver/Src/stm32wbxx_hal_rcc.o
 .text.LL_RCC_PLL_GetMainSource
                0x080076fe       0x18 ./Drivers/STM32WBxx_HAL_Driver/Src/stm32wbxx_hal_rcc.o
 .text.LL_RCC_IsActiveFlag_HPRE
                0x08007716       0x24 ./Drivers/STM32WBxx_HAL_Driver/Src/stm32wbxx_hal_rcc.o
 .text.LL_RCC_IsActiveFlag_C2HPRE
                0x0800773a       0x26 ./Drivers/STM32WBxx_HAL_Driver/Src/stm32wbxx_hal_rcc.o
 .text.LL_RCC_IsActiveFlag_SHDHPRE
                0x08007760       0x26 ./Drivers/STM32WBxx_HAL_Driver/Src/stm32wbxx_hal_rcc.o
 .text.LL_RCC_IsActiveFlag_PPRE1
                0x08007786       0x24 ./Drivers/STM32WBxx_HAL_Driver/Src/stm32wbxx_hal_rcc.o
 .text.LL_RCC_IsActiveFlag_PPRE2
                0x080077aa       0x24 ./Drivers/STM32WBxx_HAL_Driver/Src/stm32wbxx_hal_rcc.o
 *fill*         0x080077ce        0x2 
 .text.HAL_RCC_OscConfig
                0x080077d0      0x66c ./Drivers/STM32WBxx_HAL_Driver/Src/stm32wbxx_hal_rcc.o
                0x080077d0                HAL_RCC_OscConfig
 .text.HAL_RCC_ClockConfig
                0x08007e3c      0x280 ./Drivers/STM32WBxx_HAL_Driver/Src/stm32wbxx_hal_rcc.o
                0x08007e3c                HAL_RCC_ClockConfig
 .text.HAL_RCC_GetSysClockFreq
                0x080080bc       0xd8 ./Drivers/STM32WBxx_HAL_Driver/Src/stm32wbxx_hal_rcc.o
                0x080080bc                HAL_RCC_GetSysClockFreq
 .text.HAL_RCC_GetHCLKFreq
                0x08008194       0x28 ./Drivers/STM32WBxx_HAL_Driver/Src/stm32wbxx_hal_rcc.o
                0x08008194                HAL_RCC_GetHCLKFreq
 .text.RCC_SetFlashLatencyFromMSIRange
                0x080081bc       0x6c ./Drivers/STM32WBxx_HAL_Driver/Src/stm32wbxx_hal_rcc.o
 .text.RCC_SetFlashLatency
                0x08008228       0xa8 ./Drivers/STM32WBxx_HAL_Driver/Src/stm32wbxx_hal_rcc.o
 .text.LL_RCC_LSE_IsEnabled
                0x080082d0       0x24 ./Drivers/STM32WBxx_HAL_Driver/Src/stm32wbxx_hal_rcc_ex.o
 .text.LL_RCC_LSE_IsReady
                0x080082f4       0x24 ./Drivers/STM32WBxx_HAL_Driver/Src/stm32wbxx_hal_rcc_ex.o
 .text.LL_RCC_SetRFWKPClockSource
                0x08008318       0x2c ./Drivers/STM32WBxx_HAL_Driver/Src/stm32wbxx_hal_rcc_ex.o
 .text.LL_RCC_SetUSARTClockSource
                0x08008344       0x2c ./Drivers/STM32WBxx_HAL_Driver/Src/stm32wbxx_hal_rcc_ex.o
 .text.LL_RCC_SetI2CClockSource
                0x08008370       0x3a ./Drivers/STM32WBxx_HAL_Driver/Src/stm32wbxx_hal_rcc_ex.o
 .text.LL_RCC_SetLPTIMClockSource
                0x080083aa       0x34 ./Drivers/STM32WBxx_HAL_Driver/Src/stm32wbxx_hal_rcc_ex.o
 .text.LL_RCC_SetRNGClockSource
                0x080083de       0x2c ./Drivers/STM32WBxx_HAL_Driver/Src/stm32wbxx_hal_rcc_ex.o
 .text.LL_RCC_SetCLK48ClockSource
                0x0800840a       0x2c ./Drivers/STM32WBxx_HAL_Driver/Src/stm32wbxx_hal_rcc_ex.o
 .text.LL_RCC_SetADCClockSource
                0x08008436       0x2c ./Drivers/STM32WBxx_HAL_Driver/Src/stm32wbxx_hal_rcc_ex.o
 .text.LL_RCC_SetRTCClockSource
                0x08008462       0x2c ./Drivers/STM32WBxx_HAL_Driver/Src/stm32wbxx_hal_rcc_ex.o
 .text.LL_RCC_GetRTCClockSource
                0x0800848e       0x1a ./Drivers/STM32WBxx_HAL_Driver/Src/stm32wbxx_hal_rcc_ex.o
 .text.LL_RCC_ForceBackupDomainReset
                0x080084a8       0x22 ./Drivers/STM32WBxx_HAL_Driver/Src/stm32wbxx_hal_rcc_ex.o
 .text.LL_RCC_ReleaseBackupDomainReset
                0x080084ca       0x22 ./Drivers/STM32WBxx_HAL_Driver/Src/stm32wbxx_hal_rcc_ex.o
 .text.HAL_RCCEx_PeriphCLKConfig
                0x080084ec      0x1b6 ./Drivers/STM32WBxx_HAL_Driver/Src/stm32wbxx_hal_rcc_ex.o
                0x080084ec                HAL_RCCEx_PeriphCLKConfig
 *fill*         0x080086a2        0x2 
 .text.HAL_RTC_Init
                0x080086a4      0x160 ./Drivers/STM32WBxx_HAL_Driver/Src/stm32wbxx_hal_rtc.o
                0x080086a4                HAL_RTC_Init
 .text.HAL_RTC_WaitForSynchro
                0x08008804       0x4c ./Drivers/STM32WBxx_HAL_Driver/Src/stm32wbxx_hal_rtc.o
                0x08008804                HAL_RTC_WaitForSynchro
 .text.RTC_EnterInitMode
                0x08008850       0x54 ./Drivers/STM32WBxx_HAL_Driver/Src/stm32wbxx_hal_rtc.o
                0x08008850                RTC_EnterInitMode
 .text.HAL_RTCEx_SetWakeUpTimer_IT
                0x080088a4      0x178 ./Drivers/STM32WBxx_HAL_Driver/Src/stm32wbxx_hal_rtc_ex.o
                0x080088a4                HAL_RTCEx_SetWakeUpTimer_IT
 .text.aci_gap_set_non_discoverable
                0x08008a1c       0x48 ./Middlewares/ST/STM32_WPAN/ble/core/auto/ble_gap_aci.o
                0x08008a1c                aci_gap_set_non_discoverable
 .text.aci_gap_set_discoverable
                0x08008a64      0x1f4 ./Middlewares/ST/STM32_WPAN/ble/core/auto/ble_gap_aci.o
                0x08008a64                aci_gap_set_discoverable
 .text.aci_gap_set_io_capability
                0x08008c58       0xa8 ./Middlewares/ST/STM32_WPAN/ble/core/auto/ble_gap_aci.o
                0x08008c58                aci_gap_set_io_capability
 .text.aci_gap_set_authentication_requirement
                0x08008d00      0x188 ./Middlewares/ST/STM32_WPAN/ble/core/auto/ble_gap_aci.o
                0x08008d00                aci_gap_set_authentication_requirement
 .text.aci_gap_pass_key_resp
                0x08008e88       0xce ./Middlewares/ST/STM32_WPAN/ble/core/auto/ble_gap_aci.o
                0x08008e88                aci_gap_pass_key_resp
 .text.aci_gap_init
                0x08008f56      0x15a ./Middlewares/ST/STM32_WPAN/ble/core/auto/ble_gap_aci.o
                0x08008f56                aci_gap_init
 .text.aci_gap_update_adv_data
                0x080090b0       0xe4 ./Middlewares/ST/STM32_WPAN/ble/core/auto/ble_gap_aci.o
                0x080090b0                aci_gap_update_adv_data
 .text.aci_gap_configure_filter_accept_list
                0x08009194       0x48 ./Middlewares/ST/STM32_WPAN/ble/core/auto/ble_gap_aci.o
                0x08009194                aci_gap_configure_filter_accept_list
 .text.aci_gap_numeric_comparison_value_confirm_yesno
                0x080091dc       0xce ./Middlewares/ST/STM32_WPAN/ble/core/auto/ble_gap_aci.o
                0x080091dc                aci_gap_numeric_comparison_value_confirm_yesno
 .text.aci_gatt_init
                0x080092aa       0x4a ./Middlewares/ST/STM32_WPAN/ble/core/auto/ble_gatt_aci.o
                0x080092aa                aci_gatt_init
 .text.aci_gatt_add_service
                0x080092f4      0x1ac ./Middlewares/ST/STM32_WPAN/ble/core/auto/ble_gatt_aci.o
                0x080092f4                aci_gatt_add_service
 .text.aci_gatt_add_char
                0x080094a0      0x210 ./Middlewares/ST/STM32_WPAN/ble/core/auto/ble_gatt_aci.o
                0x080094a0                aci_gatt_add_char
 .text.aci_gatt_update_char_value
                0x080096b0      0x152 ./Middlewares/ST/STM32_WPAN/ble/core/auto/ble_gatt_aci.o
                0x080096b0                aci_gatt_update_char_value
 .text.aci_gatt_confirm_indication
                0x08009802       0xaa ./Middlewares/ST/STM32_WPAN/ble/core/auto/ble_gatt_aci.o
                0x08009802                aci_gatt_confirm_indication
 .text.aci_hal_write_config_data
                0x080098ac      0x10a ./Middlewares/ST/STM32_WPAN/ble/core/auto/ble_hal_aci.o
                0x080098ac                aci_hal_write_config_data
 .text.aci_hal_set_tx_power_level
                0x080099b6       0xce ./Middlewares/ST/STM32_WPAN/ble/core/auto/ble_hal_aci.o
                0x080099b6                aci_hal_set_tx_power_level
 .text.aci_hal_set_radio_activity_mask
                0x08009a84       0xa8 ./Middlewares/ST/STM32_WPAN/ble/core/auto/ble_hal_aci.o
                0x08009a84                aci_hal_set_radio_activity_mask
 .text.hci_reset
                0x08009b2c       0x48 ./Middlewares/ST/STM32_WPAN/ble/core/auto/ble_hci_le.o
                0x08009b2c                hci_reset
 .text.hci_le_set_default_phy
                0x08009b74       0xfa ./Middlewares/ST/STM32_WPAN/ble/core/auto/ble_hci_le.o
                0x08009b74                hci_le_set_default_phy
 .text.Osal_MemCpy
                0x08009c6e       0x20 ./Middlewares/ST/STM32_WPAN/ble/core/template/osal.o
                0x08009c6e                Osal_MemCpy
 .text.Osal_MemSet
                0x08009c8e       0x20 ./Middlewares/ST/STM32_WPAN/ble/core/template/osal.o
                0x08009c8e                Osal_MemSet
 .text.BAS_Init
                0x08009cae        0xe ./Middlewares/ST/STM32_WPAN/ble/svc/Src/svc_ctl.o
                0x08009cae                BAS_Init
 .text.BLS_Init
                0x08009cbc        0xe ./Middlewares/ST/STM32_WPAN/ble/svc/Src/svc_ctl.o
                0x08009cbc                BLS_Init
 .text.CRS_STM_Init
                0x08009cca        0xe ./Middlewares/ST/STM32_WPAN/ble/svc/Src/svc_ctl.o
                0x08009cca                CRS_STM_Init
 .text.DIS_Init
                0x08009cd8        0xe ./Middlewares/ST/STM32_WPAN/ble/svc/Src/svc_ctl.o
                0x08009cd8                DIS_Init
 .text.EDS_STM_Init
                0x08009ce6        0xe ./Middlewares/ST/STM32_WPAN/ble/svc/Src/svc_ctl.o
                0x08009ce6                EDS_STM_Init
 .text.HIDS_Init
                0x08009cf4        0xe ./Middlewares/ST/STM32_WPAN/ble/svc/Src/svc_ctl.o
                0x08009cf4                HIDS_Init
 .text.HRS_Init
                0x08009d02        0xe ./Middlewares/ST/STM32_WPAN/ble/svc/Src/svc_ctl.o
                0x08009d02                HRS_Init
 .text.HTS_Init
                0x08009d10        0xe ./Middlewares/ST/STM32_WPAN/ble/svc/Src/svc_ctl.o
                0x08009d10                HTS_Init
 .text.IAS_Init
                0x08009d1e        0xe ./Middlewares/ST/STM32_WPAN/ble/svc/Src/svc_ctl.o
                0x08009d1e                IAS_Init
 .text.LLS_Init
                0x08009d2c        0xe ./Middlewares/ST/STM32_WPAN/ble/svc/Src/svc_ctl.o
                0x08009d2c                LLS_Init
 .text.TPS_Init
                0x08009d3a        0xe ./Middlewares/ST/STM32_WPAN/ble/svc/Src/svc_ctl.o
                0x08009d3a                TPS_Init
 .text.MOTENV_STM_Init
                0x08009d48        0xe ./Middlewares/ST/STM32_WPAN/ble/svc/Src/svc_ctl.o
                0x08009d48                MOTENV_STM_Init
 .text.P2PS_STM_Init
                0x08009d56        0xe ./Middlewares/ST/STM32_WPAN/ble/svc/Src/svc_ctl.o
                0x08009d56                P2PS_STM_Init
 .text.ZDD_STM_Init
                0x08009d64        0xe ./Middlewares/ST/STM32_WPAN/ble/svc/Src/svc_ctl.o
                0x08009d64                ZDD_STM_Init
 .text.OTAS_STM_Init
                0x08009d72        0xe ./Middlewares/ST/STM32_WPAN/ble/svc/Src/svc_ctl.o
                0x08009d72                OTAS_STM_Init
 .text.MESH_Init
                0x08009d80        0xe ./Middlewares/ST/STM32_WPAN/ble/svc/Src/svc_ctl.o
                0x08009d80                MESH_Init
 .text.BVOPUS_STM_Init
                0x08009d8e        0xe ./Middlewares/ST/STM32_WPAN/ble/svc/Src/svc_ctl.o
                0x08009d8e                BVOPUS_STM_Init
 .text.SVCCTL_Init
                0x08009d9c       0x20 ./Middlewares/ST/STM32_WPAN/ble/svc/Src/svc_ctl.o
                0x08009d9c                SVCCTL_Init
 .text.SVCCTL_SvcInit
                0x08009dbc       0x50 ./Middlewares/ST/STM32_WPAN/ble/svc/Src/svc_ctl.o
                0x08009dbc                SVCCTL_SvcInit
 .text.SVCCTL_RegisterSvcHandler
                0x08009e0c       0x34 ./Middlewares/ST/STM32_WPAN/ble/svc/Src/svc_ctl.o
                0x08009e0c                SVCCTL_RegisterSvcHandler
 .text.SVCCTL_UserEvtRx
                0x08009e40       0xa8 ./Middlewares/ST/STM32_WPAN/ble/svc/Src/svc_ctl.o
                0x08009e40                SVCCTL_UserEvtRx
 .text.SHCI_C2_BLE_Init
                0x08009ee8       0x2e ./Middlewares/ST/STM32_WPAN/interface/patterns/ble_thread/shci/shci.o
                0x08009ee8                SHCI_C2_BLE_Init
 .text.SHCI_C2_DEBUG_Init
                0x08009f16       0x2e ./Middlewares/ST/STM32_WPAN/interface/patterns/ble_thread/shci/shci.o
                0x08009f16                SHCI_C2_DEBUG_Init
 .text.SHCI_C2_Config
                0x08009f44       0x2a ./Middlewares/ST/STM32_WPAN/interface/patterns/ble_thread/shci/shci.o
                0x08009f44                SHCI_C2_Config
 *fill*         0x08009f6e        0x2 
 .text.SHCI_GetWirelessFwInfo
                0x08009f70      0x15c ./Middlewares/ST/STM32_WPAN/interface/patterns/ble_thread/shci/shci.o
                0x08009f70                SHCI_GetWirelessFwInfo
 .text.hci_init
                0x0800a0cc       0x38 ./Middlewares/ST/STM32_WPAN/interface/patterns/ble_thread/tl/hci_tl.o
                0x0800a0cc                hci_init
 .text.hci_user_evt_proc
                0x0800a104       0x9c ./Middlewares/ST/STM32_WPAN/interface/patterns/ble_thread/tl/hci_tl.o
                0x0800a104                hci_user_evt_proc
 .text.hci_send_req
                0x0800a1a0      0x108 ./Middlewares/ST/STM32_WPAN/interface/patterns/ble_thread/tl/hci_tl.o
                0x0800a1a0                hci_send_req
 .text.TlInit   0x0800a2a8       0x60 ./Middlewares/ST/STM32_WPAN/interface/patterns/ble_thread/tl/hci_tl.o
 .text.SendCmd  0x0800a308       0x4c ./Middlewares/ST/STM32_WPAN/interface/patterns/ble_thread/tl/hci_tl.o
 .text.NotifyCmdStatus
                0x0800a354       0x40 ./Middlewares/ST/STM32_WPAN/interface/patterns/ble_thread/tl/hci_tl.o
 .text.TlEvtReceived
                0x0800a394       0x48 ./Middlewares/ST/STM32_WPAN/interface/patterns/ble_thread/tl/hci_tl.o
 .text.hci_register_io_bus
                0x0800a3dc       0x28 ./Middlewares/ST/STM32_WPAN/interface/patterns/ble_thread/tl/hci_tl_if.o
                0x0800a3dc                hci_register_io_bus
 .text.shci_init
                0x0800a404       0x38 ./Middlewares/ST/STM32_WPAN/interface/patterns/ble_thread/tl/shci_tl.o
                0x0800a404                shci_init
 .text.shci_user_evt_proc
                0x0800a43c       0x9c ./Middlewares/ST/STM32_WPAN/interface/patterns/ble_thread/tl/shci_tl.o
                0x0800a43c                shci_user_evt_proc
 .text.shci_send
                0x0800a4d8       0x84 ./Middlewares/ST/STM32_WPAN/interface/patterns/ble_thread/tl/shci_tl.o
                0x0800a4d8                shci_send
 .text.TlInit   0x0800a55c       0x64 ./Middlewares/ST/STM32_WPAN/interface/patterns/ble_thread/tl/shci_tl.o
 .text.Cmd_SetStatus
                0x0800a5c0       0x50 ./Middlewares/ST/STM32_WPAN/interface/patterns/ble_thread/tl/shci_tl.o
 .text.TlCmdEvtReceived
                0x0800a610       0x16 ./Middlewares/ST/STM32_WPAN/interface/patterns/ble_thread/tl/shci_tl.o
 *fill*         0x0800a626        0x2 
 .text.TlUserEvtReceived
                0x0800a628       0x24 ./Middlewares/ST/STM32_WPAN/interface/patterns/ble_thread/tl/shci_tl.o
 .text.shci_register_io_bus
                0x0800a64c       0x28 ./Middlewares/ST/STM32_WPAN/interface/patterns/ble_thread/tl/shci_tl_if.o
                0x0800a64c                shci_register_io_bus
 .text.TL_Enable
                0x0800a674        0xc ./Middlewares/ST/STM32_WPAN/interface/patterns/ble_thread/tl/tl_mbox.o
                0x0800a674                TL_Enable
 .text.TL_Init  0x0800a680       0x74 ./Middlewares/ST/STM32_WPAN/interface/patterns/ble_thread/tl/tl_mbox.o
                0x0800a680                TL_Init
 .text.TL_BLE_Init
                0x0800a6f4       0x68 ./Middlewares/ST/STM32_WPAN/interface/patterns/ble_thread/tl/tl_mbox.o
                0x0800a6f4                TL_BLE_Init
 .text.TL_BLE_SendCmd
                0x0800a75c       0x38 ./Middlewares/ST/STM32_WPAN/interface/patterns/ble_thread/tl/tl_mbox.o
                0x0800a75c                TL_BLE_SendCmd
 .text.HW_IPCC_BLE_RxEvtNot
                0x0800a794       0x60 ./Middlewares/ST/STM32_WPAN/interface/patterns/ble_thread/tl/tl_mbox.o
                0x0800a794                HW_IPCC_BLE_RxEvtNot
 .text.HW_IPCC_BLE_AclDataAckNot
                0x0800a7f4       0x14 ./Middlewares/ST/STM32_WPAN/interface/patterns/ble_thread/tl/tl_mbox.o
                0x0800a7f4                HW_IPCC_BLE_AclDataAckNot
 .text.TL_SYS_Init
                0x0800a808       0x54 ./Middlewares/ST/STM32_WPAN/interface/patterns/ble_thread/tl/tl_mbox.o
                0x0800a808                TL_SYS_Init
 .text.TL_SYS_SendCmd
                0x0800a85c       0x38 ./Middlewares/ST/STM32_WPAN/interface/patterns/ble_thread/tl/tl_mbox.o
                0x0800a85c                TL_SYS_SendCmd
 .text.HW_IPCC_SYS_CmdEvtNot
                0x0800a894       0x2c ./Middlewares/ST/STM32_WPAN/interface/patterns/ble_thread/tl/tl_mbox.o
                0x0800a894                HW_IPCC_SYS_CmdEvtNot
 .text.HW_IPCC_SYS_EvtNot
                0x0800a8c0       0x44 ./Middlewares/ST/STM32_WPAN/interface/patterns/ble_thread/tl/tl_mbox.o
                0x0800a8c0                HW_IPCC_SYS_EvtNot
 .text.TL_MM_Init
                0x0800a904       0x78 ./Middlewares/ST/STM32_WPAN/interface/patterns/ble_thread/tl/tl_mbox.o
                0x0800a904                TL_MM_Init
 .text.TL_MM_EvtDone
                0x0800a97c       0x30 ./Middlewares/ST/STM32_WPAN/interface/patterns/ble_thread/tl/tl_mbox.o
                0x0800a97c                TL_MM_EvtDone
 .text.SendFreeBuf
                0x0800a9ac       0x40 ./Middlewares/ST/STM32_WPAN/interface/patterns/ble_thread/tl/tl_mbox.o
 .text.TL_TRACES_Init
                0x0800a9ec       0x24 ./Middlewares/ST/STM32_WPAN/interface/patterns/ble_thread/tl/tl_mbox.o
                0x0800a9ec                TL_TRACES_Init
 .text.HW_IPCC_TRACES_EvtNot
                0x0800aa10       0x34 ./Middlewares/ST/STM32_WPAN/interface/patterns/ble_thread/tl/tl_mbox.o
                0x0800aa10                HW_IPCC_TRACES_EvtNot
 .text.TL_TRACES_EvtReceived
                0x0800aa44       0x14 ./Middlewares/ST/STM32_WPAN/interface/patterns/ble_thread/tl/tl_mbox.o
                0x0800aa44                TL_TRACES_EvtReceived
 .text.OutputDbgTrace
                0x0800aa58       0xac ./Middlewares/ST/STM32_WPAN/interface/patterns/ble_thread/tl/tl_mbox.o
 .text.OTP_Read
                0x0800ab04       0x50 ./Middlewares/ST/STM32_WPAN/utilities/otp.o
                0x0800ab04                OTP_Read
 .text.LST_init_head
                0x0800ab54       0x20 ./Middlewares/ST/STM32_WPAN/utilities/stm_list.o
                0x0800ab54                LST_init_head
 .text.LST_is_empty
                0x0800ab74       0x44 ./Middlewares/ST/STM32_WPAN/utilities/stm_list.o
                0x0800ab74                LST_is_empty
 .text.LST_insert_head
                0x0800abb8       0x4c ./Middlewares/ST/STM32_WPAN/utilities/stm_list.o
                0x0800abb8                LST_insert_head
 .text.LST_insert_tail
                0x0800ac04       0x4c ./Middlewares/ST/STM32_WPAN/utilities/stm_list.o
                0x0800ac04                LST_insert_tail
 .text.LST_remove_node
                0x0800ac50       0x42 ./Middlewares/ST/STM32_WPAN/utilities/stm_list.o
                0x0800ac50                LST_remove_node
 .text.LST_remove_head
                0x0800ac92       0x3e ./Middlewares/ST/STM32_WPAN/utilities/stm_list.o
                0x0800ac92                LST_remove_head
 .text.LL_FLASH_GetUDN
                0x0800acd0       0x18 ./STM32_WPAN/App/app_ble.o
 .text.LL_FLASH_GetDeviceID
                0x0800ace8       0x18 ./STM32_WPAN/App/app_ble.o
 .text.LL_FLASH_GetSTCompanyID
                0x0800ad00       0x18 ./STM32_WPAN/App/app_ble.o
 .text.APP_BLE_Init
                0x0800ad18       0xb4 ./STM32_WPAN/App/app_ble.o
                0x0800ad18                APP_BLE_Init
 .text.SVCCTL_App_Notification
                0x0800adcc      0x19c ./STM32_WPAN/App/app_ble.o
                0x0800adcc                SVCCTL_App_Notification
 .text.Ble_Tl_Init
                0x0800af68       0x2c ./STM32_WPAN/App/app_ble.o
 .text.Ble_Hci_Gap_Gatt_Init
                0x0800af94      0x168 ./STM32_WPAN/App/app_ble.o
 .text.Adv_Request
                0x0800b0fc       0x60 ./STM32_WPAN/App/app_ble.o
 .text.BleGetBdAddress
                0x0800b15c       0x88 ./STM32_WPAN/App/app_ble.o
 .text.Adv_Cancel
                0x0800b1e4       0x34 ./STM32_WPAN/App/app_ble.o
 .text.hci_notify_asynch_evt
                0x0800b218       0x18 ./STM32_WPAN/App/app_ble.o
                0x0800b218                hci_notify_asynch_evt
 .text.hci_cmd_resp_release
                0x0800b230       0x16 ./STM32_WPAN/App/app_ble.o
                0x0800b230                hci_cmd_resp_release
 .text.hci_cmd_resp_wait
                0x0800b246       0x16 ./STM32_WPAN/App/app_ble.o
                0x0800b246                hci_cmd_resp_wait
 .text.BLE_UserEvtRx
                0x0800b25c       0x38 ./STM32_WPAN/App/app_ble.o
 .text.BLE_StatusNot
                0x0800b294       0x36 ./STM32_WPAN/App/app_ble.o
 .text.Custom_STM_App_Notification
                0x0800b2ca       0x28 ./STM32_WPAN/App/custom_app.o
                0x0800b2ca                Custom_STM_App_Notification
 .text.Custom_APP_Notification
                0x0800b2f2       0x28 ./STM32_WPAN/App/custom_app.o
                0x0800b2f2                Custom_APP_Notification
 .text.Custom_APP_Init
                0x0800b31a        0xe ./STM32_WPAN/App/custom_app.o
                0x0800b31a                Custom_APP_Init
 .text.Custom_STM_Event_Handler
                0x0800b328       0xd4 ./STM32_WPAN/App/custom_stm.o
 .text.SVCCTL_InitCustomSvc
                0x0800b3fc      0x1d4 ./STM32_WPAN/App/custom_stm.o
                0x0800b3fc                SVCCTL_InitCustomSvc
 .text.Custom_STM_App_Update_Char
                0x0800b5d0       0x74 ./STM32_WPAN/App/custom_stm.o
                0x0800b5d0                Custom_STM_App_Update_Char
 .text.LL_PWR_EnableBootC2
                0x0800b644       0x20 ./STM32_WPAN/Target/hw_ipcc.o
 .text.LL_C2_EXTI_EnableEvent_32_63
                0x0800b664       0x28 ./STM32_WPAN/Target/hw_ipcc.o
 .text.LL_EXTI_EnableRisingTrig_32_63
                0x0800b68c       0x24 ./STM32_WPAN/Target/hw_ipcc.o
 .text.LL_AHB3_GRP1_EnableClock
                0x0800b6b0       0x32 ./STM32_WPAN/Target/hw_ipcc.o
 .text.LL_C2_AHB3_GRP1_EnableClock
                0x0800b6e2       0x38 ./STM32_WPAN/Target/hw_ipcc.o
 .text.LL_C1_IPCC_EnableIT_TXF
                0x0800b71a       0x20 ./STM32_WPAN/Target/hw_ipcc.o
 .text.LL_C1_IPCC_EnableIT_RXO
                0x0800b73a       0x20 ./STM32_WPAN/Target/hw_ipcc.o
 .text.LL_C1_IPCC_EnableTransmitChannel
                0x0800b75a       0x26 ./STM32_WPAN/Target/hw_ipcc.o
 .text.LL_C1_IPCC_DisableTransmitChannel
                0x0800b780       0x24 ./STM32_WPAN/Target/hw_ipcc.o
 .text.LL_C1_IPCC_EnableReceiveChannel
                0x0800b7a4       0x24 ./STM32_WPAN/Target/hw_ipcc.o
 .text.LL_C1_IPCC_ClearFlag_CHx
                0x0800b7c8       0x1c ./STM32_WPAN/Target/hw_ipcc.o
 .text.LL_C1_IPCC_SetFlag_CHx
                0x0800b7e4       0x1e ./STM32_WPAN/Target/hw_ipcc.o
 .text.LL_C1_IPCC_IsActiveFlag_CHx
                0x0800b802       0x2a ./STM32_WPAN/Target/hw_ipcc.o
 .text.LL_C2_IPCC_IsActiveFlag_CHx
                0x0800b82c       0x2a ./STM32_WPAN/Target/hw_ipcc.o
 *fill*         0x0800b856        0x2 
 .text.HW_IPCC_Rx_Handler
                0x0800b858       0x6c ./STM32_WPAN/Target/hw_ipcc.o
                0x0800b858                HW_IPCC_Rx_Handler
 .text.HW_IPCC_Tx_Handler
                0x0800b8c4       0x6c ./STM32_WPAN/Target/hw_ipcc.o
                0x0800b8c4                HW_IPCC_Tx_Handler
 .text.HW_IPCC_Enable
                0x0800b930       0x28 ./STM32_WPAN/Target/hw_ipcc.o
                0x0800b930                HW_IPCC_Enable
 .text.HW_IPCC_Init
                0x0800b958       0x2c ./STM32_WPAN/Target/hw_ipcc.o
                0x0800b958                HW_IPCC_Init
 .text.HW_IPCC_BLE_Init
                0x0800b984       0x14 ./STM32_WPAN/Target/hw_ipcc.o
                0x0800b984                HW_IPCC_BLE_Init
 .text.HW_IPCC_BLE_SendCmd
                0x0800b998       0x14 ./STM32_WPAN/Target/hw_ipcc.o
                0x0800b998                HW_IPCC_BLE_SendCmd
 .text.HW_IPCC_BLE_EvtHandler
                0x0800b9ac       0x18 ./STM32_WPAN/Target/hw_ipcc.o
 .text.HW_IPCC_BLE_AclDataEvtHandler
                0x0800b9c4       0x18 ./STM32_WPAN/Target/hw_ipcc.o
 .text.HW_IPCC_SYS_Init
                0x0800b9dc       0x14 ./STM32_WPAN/Target/hw_ipcc.o
                0x0800b9dc                HW_IPCC_SYS_Init
 .text.HW_IPCC_SYS_SendCmd
                0x0800b9f0       0x1c ./STM32_WPAN/Target/hw_ipcc.o
                0x0800b9f0                HW_IPCC_SYS_SendCmd
 .text.HW_IPCC_SYS_CmdEvtHandler
                0x0800ba0c       0x18 ./STM32_WPAN/Target/hw_ipcc.o
 .text.HW_IPCC_SYS_EvtHandler
                0x0800ba24       0x18 ./STM32_WPAN/Target/hw_ipcc.o
 .text.HW_IPCC_MM_SendFreeBuf
                0x0800ba3c       0x44 ./STM32_WPAN/Target/hw_ipcc.o
                0x0800ba3c                HW_IPCC_MM_SendFreeBuf
 .text.HW_IPCC_MM_FreeBufHandler
                0x0800ba80       0x28 ./STM32_WPAN/Target/hw_ipcc.o
 .text.HW_IPCC_TRACES_Init
                0x0800baa8       0x14 ./STM32_WPAN/Target/hw_ipcc.o
                0x0800baa8                HW_IPCC_TRACES_Init
 .text.HW_IPCC_TRACES_EvtHandler
                0x0800babc       0x18 ./STM32_WPAN/Target/hw_ipcc.o
 .text.UTIL_LPM_Init
                0x0800bad4       0x24 ./Utilities/lpm/tiny_lpm/stm32_lpm.o
                0x0800bad4                UTIL_LPM_Init
 .text.UTIL_LPM_SetOffMode
                0x0800baf8       0x60 ./Utilities/lpm/tiny_lpm/stm32_lpm.o
                0x0800baf8                UTIL_LPM_SetOffMode
 .text.UTIL_SEQ_Run
                0x0800bb58      0x1f8 ./Utilities/sequencer/stm32_seq.o
                0x0800bb58                UTIL_SEQ_Run
 .text.UTIL_SEQ_RegTask
                0x0800bd50       0x44 ./Utilities/sequencer/stm32_seq.o
                0x0800bd50                UTIL_SEQ_RegTask
 .text.UTIL_SEQ_SetTask
                0x0800bd94       0x58 ./Utilities/sequencer/stm32_seq.o
                0x0800bd94                UTIL_SEQ_SetTask
 .text.UTIL_SEQ_PauseTask
                0x0800bdec       0x40 ./Utilities/sequencer/stm32_seq.o
                0x0800bdec                UTIL_SEQ_PauseTask
 .text.UTIL_SEQ_ResumeTask
                0x0800be2c       0x40 ./Utilities/sequencer/stm32_seq.o
                0x0800be2c                UTIL_SEQ_ResumeTask
 .text.UTIL_SEQ_SetEvt
                0x0800be6c       0x40 ./Utilities/sequencer/stm32_seq.o
                0x0800be6c                UTIL_SEQ_SetEvt
 .text.UTIL_SEQ_WaitEvt
                0x0800beac       0x94 ./Utilities/sequencer/stm32_seq.o
                0x0800beac                UTIL_SEQ_WaitEvt
 .text.UTIL_SEQ_PreIdle
                0x0800bf40        0xe ./Utilities/sequencer/stm32_seq.o
                0x0800bf40                UTIL_SEQ_PreIdle
 .text.UTIL_SEQ_PostIdle
                0x0800bf4e        0xe ./Utilities/sequencer/stm32_seq.o
                0x0800bf4e                UTIL_SEQ_PostIdle
 .text.SEQ_BitPosition
                0x0800bf5c       0x70 ./Utilities/sequencer/stm32_seq.o
                0x0800bf5c                SEQ_BitPosition
 .text.memcmp   0x0800bfcc       0x20 /opt/stm32cubeide/plugins/com.st.stm32cube.ide.mcu.externaltools.gnu-tools-for-stm32.12.3.rel1.linux64_1.0.200.202406132123/tools/bin/../lib/gcc/arm-none-eabi/12.3.1/../../../../arm-none-eabi/lib/thumb/v7e-m+fp/hard/libc_nano.a(libc_a-memcmp.o)
                0x0800bfcc                memcmp
 .text.memset   0x0800bfec       0x10 /opt/stm32cubeide/plugins/com.st.stm32cube.ide.mcu.externaltools.gnu-tools-for-stm32.12.3.rel1.linux64_1.0.200.202406132123/tools/bin/../lib/gcc/arm-none-eabi/12.3.1/../../../../arm-none-eabi/lib/thumb/v7e-m+fp/hard/libc_nano.a(libc_a-memset.o)
                0x0800bfec                memset
 .text.__errno  0x0800bffc        0xc /opt/stm32cubeide/plugins/com.st.stm32cube.ide.mcu.externaltools.gnu-tools-for-stm32.12.3.rel1.linux64_1.0.200.202406132123/tools/bin/../lib/gcc/arm-none-eabi/12.3.1/../../../../arm-none-eabi/lib/thumb/v7e-m+fp/hard/libc_nano.a(libc_a-errno.o)
                0x0800bffc                __errno
 .text.__libc_init_array
                0x0800c008       0x48 /opt/stm32cubeide/plugins/com.st.stm32cube.ide.mcu.externaltools.gnu-tools-for-stm32.12.3.rel1.linux64_1.0.200.202406132123/tools/bin/../lib/gcc/arm-none-eabi/12.3.1/../../../../arm-none-eabi/lib/thumb/v7e-m+fp/hard/libc_nano.a(libc_a-init.o)
                0x0800c008                __libc_init_array
 .text.memcpy   0x0800c050       0x1c /opt/stm32cubeide/plugins/com.st.stm32cube.ide.mcu.externaltools.gnu-tools-for-stm32.12.3.rel1.linux64_1.0.200.202406132123/tools/bin/../lib/gcc/arm-none-eabi/12.3.1/../../../../arm-none-eabi/lib/thumb/v7e-m+fp/hard/libc_nano.a(libc_a-memcpy-stub.o)
                0x0800c050                memcpy
 .text.sqrt     0x0800c06c       0x58 /opt/stm32cubeide/plugins/com.st.stm32cube.ide.mcu.externaltools.gnu-tools-for-stm32.12.3.rel1.linux64_1.0.200.202406132123/tools/bin/../lib/gcc/arm-none-eabi/12.3.1/../../../../arm-none-eabi/lib/thumb/v7e-m+fp/hard/libm.a(libm_a-w_sqrt.o)
                0x0800c06c                sqrt
 .text.__ieee754_sqrt
                0x0800c0c4      0x1b4 /opt/stm32cubeide/plugins/com.st.stm32cube.ide.mcu.externaltools.gnu-tools-for-stm32.12.3.rel1.linux64_1.0.200.202406132123/tools/bin/../lib/gcc/arm-none-eabi/12.3.1/../../../../arm-none-eabi/lib/thumb/v7e-m+fp/hard/libm.a(libm_a-e_sqrt.o)
                0x0800c0c4                __ieee754_sqrt
 *(.glue_7)
 .glue_7        0x0800c278        0x0 linker stubs
 *(.glue_7t)
 .glue_7t       0x0800c278        0x0 linker stubs
 *(.eh_frame)
 .eh_frame      0x0800c278        0x0 /opt/stm32cubeide/plugins/com.st.stm32cube.ide.mcu.externaltools.gnu-tools-for-stm32.12.3.rel1.linux64_1.0.200.202406132123/tools/bin/../lib/gcc/arm-none-eabi/12.3.1/thumb/v7e-m+fp/hard/crtbegin.o
 *(.init)
 .init          0x0800c278        0x4 /opt/stm32cubeide/plugins/com.st.stm32cube.ide.mcu.externaltools.gnu-tools-for-stm32.12.3.rel1.linux64_1.0.200.202406132123/tools/bin/../lib/gcc/arm-none-eabi/12.3.1/thumb/v7e-m+fp/hard/crti.o
                0x0800c278                _init
 .init          0x0800c27c        0x8 /opt/stm32cubeide/plugins/com.st.stm32cube.ide.mcu.externaltools.gnu-tools-for-stm32.12.3.rel1.linux64_1.0.200.202406132123/tools/bin/../lib/gcc/arm-none-eabi/12.3.1/thumb/v7e-m+fp/hard/crtn.o
 *(.fini)
 .fini          0x0800c284        0x4 /opt/stm32cubeide/plugins/com.st.stm32cube.ide.mcu.externaltools.gnu-tools-for-stm32.12.3.rel1.linux64_1.0.200.202406132123/tools/bin/../lib/gcc/arm-none-eabi/12.3.1/thumb/v7e-m+fp/hard/crti.o
                0x0800c284                _fini
 .fini          0x0800c288        0x8 /opt/stm32cubeide/plugins/com.st.stm32cube.ide.mcu.externaltools.gnu-tools-for-stm32.12.3.rel1.linux64_1.0.200.202406132123/tools/bin/../lib/gcc/arm-none-eabi/12.3.1/thumb/v7e-m+fp/hard/crtn.o
                0x0800c290                        . = ALIGN (0x4)
                0x0800c290                        _etext = .

.vfp11_veneer   0x0800c290        0x0
 .vfp11_veneer  0x0800c290        0x0 linker stubs

.v4_bx          0x0800c290        0x0
 .v4_bx         0x0800c290        0x0 linker stubs

.iplt           0x0800c290        0x0
 .iplt          0x0800c290        0x0 /opt/stm32cubeide/plugins/com.st.stm32cube.ide.mcu.externaltools.gnu-tools-for-stm32.12.3.rel1.linux64_1.0.200.202406132123/tools/bin/../lib/gcc/arm-none-eabi/12.3.1/thumb/v7e-m+fp/hard/crtbegin.o

.rodata         0x0800c290     0x3b74
                0x0800c290                        . = ALIGN (0x4)
 *(.rodata)
 .rodata        0x0800c290       0x1b ./Core/Src/app_debug.o
 *fill*         0x0800c2ab        0x1 
 .rodata        0x0800c2ac       0x20 ./Drivers/STM32WBxx_HAL_Driver/Src/stm32wbxx_hal_rcc.o
 .rodata        0x0800c2cc       0x45 ./STM32_WPAN/App/app_ble.o
 *(.rodata*)
 *fill*         0x0800c311        0x3 
 .rodata.dmp3_image
                0x0800c314     0x37dd ./Core/Src/ICM_20948_INV.o
                0x0800c314                dmp3_image
 *fill*         0x0800faf1        0x3 
 .rodata.DMP_Quat9_Byte_Ordering
                0x0800faf4       0x38 ./Core/Src/ICM_20948_INV.o
                0x0800faf4                DMP_Quat9_Byte_Ordering
 .rodata.DMP_Quat6_Byte_Ordering
                0x0800fb2c       0x30 ./Core/Src/ICM_20948_INV.o
                0x0800fb2c                DMP_Quat6_Byte_Ordering
 .rodata.DMP_PQuat6_Byte_Ordering
                0x0800fb5c       0x18 ./Core/Src/ICM_20948_INV.o
                0x0800fb5c                DMP_PQuat6_Byte_Ordering
 .rodata.DMP_Raw_Gyro_Byte_Ordering
                0x0800fb74       0x30 ./Core/Src/ICM_20948_INV.o
                0x0800fb74                DMP_Raw_Gyro_Byte_Ordering
 .rodata.DMP_Activity_Recognition_Byte_Ordering
                0x0800fba4       0x18 ./Core/Src/ICM_20948_INV.o
                0x0800fba4                DMP_Activity_Recognition_Byte_Ordering
 .rodata.DMP_Secondary_On_Off_Byte_Ordering
                0x0800fbbc        0x8 ./Core/Src/ICM_20948_INV.o
                0x0800fbbc                DMP_Secondary_On_Off_Byte_Ordering
 .rodata.inv_androidSensor_to_control_bits
                0x0800fbc4       0x58 ./Core/Src/ICM_20948_INV.o
                0x0800fbc4                inv_androidSensor_to_control_bits
 .rodata.aGpioConfigList
                0x0800fc1c      0x130 ./Core/Src/app_debug.o
 .rodata.AHBPrescTable
                0x0800fd4c       0x40 ./Core/Src/system_stm32wbxx.o
                0x0800fd4c                AHBPrescTable
 .rodata.MSIRangeTable
                0x0800fd8c       0x40 ./Core/Src/system_stm32wbxx.o
                0x0800fd8c                MSIRangeTable
 .rodata.a_MBdAddr
                0x0800fdcc        0x6 ./STM32_WPAN/App/app_ble.o
 *fill*         0x0800fdd2        0x2 
 .rodata.a_BLE_CfgIrValue
                0x0800fdd4       0x10 ./STM32_WPAN/App/app_ble.o
 .rodata.a_BLE_CfgErValue
                0x0800fde4       0x10 ./STM32_WPAN/App/app_ble.o
 .rodata.SEQ_clz_table_4bit
                0x0800fdf4       0x10 ./Utilities/sequencer/stm32_seq.o
                0x0800fdf4                SEQ_clz_table_4bit
                0x0800fe04                        . = ALIGN (0x4)

.ARM.extab
 *(.ARM.extab* .gnu.linkonce.armextab.*)

.ARM            0x0800fe04        0x8
                0x0800fe04                        __exidx_start = .
 *(.ARM.exidx*)
 .ARM.exidx     0x0800fe04        0x8 /opt/stm32cubeide/plugins/com.st.stm32cube.ide.mcu.externaltools.gnu-tools-for-stm32.12.3.rel1.linux64_1.0.200.202406132123/tools/bin/../lib/gcc/arm-none-eabi/12.3.1/../../../../arm-none-eabi/lib/thumb/v7e-m+fp/hard/libc_nano.a(libc_a-strlen.o)
 .ARM.exidx     0x0800fe0c        0x0 /opt/stm32cubeide/plugins/com.st.stm32cube.ide.mcu.externaltools.gnu-tools-for-stm32.12.3.rel1.linux64_1.0.200.202406132123/tools/bin/../lib/gcc/arm-none-eabi/12.3.1/thumb/v7e-m+fp/hard/libgcc.a(_udivmoddi4.o)
                                  0x8 (size before relaxing)
                0x0800fe0c                        __exidx_end = .

.rel.dyn        0x0800fe0c        0x0
 .rel.iplt      0x0800fe0c        0x0 /opt/stm32cubeide/plugins/com.st.stm32cube.ide.mcu.externaltools.gnu-tools-for-stm32.12.3.rel1.linux64_1.0.200.202406132123/tools/bin/../lib/gcc/arm-none-eabi/12.3.1/thumb/v7e-m+fp/hard/crtbegin.o

.preinit_array  0x0800fe0c        0x0
                0x0800fe0c                        PROVIDE (__preinit_array_start = .)
 *(.preinit_array*)
                0x0800fe0c                        PROVIDE (__preinit_array_end = .)

.init_array     0x0800fe0c        0x4
                0x0800fe0c                        PROVIDE (__init_array_start = .)
 *(SORT_BY_NAME(.init_array.*))
 *(.init_array*)
 .init_array    0x0800fe0c        0x4 /opt/stm32cubeide/plugins/com.st.stm32cube.ide.mcu.externaltools.gnu-tools-for-stm32.12.3.rel1.linux64_1.0.200.202406132123/tools/bin/../lib/gcc/arm-none-eabi/12.3.1/thumb/v7e-m+fp/hard/crtbegin.o
                0x0800fe10                        PROVIDE (__init_array_end = .)

.fini_array     0x0800fe10        0x4
                [!provide]                        PROVIDE (__fini_array_start = .)
 *(SORT_BY_NAME(.fini_array.*))
 *(.fini_array*)
 .fini_array    0x0800fe10        0x4 /opt/stm32cubeide/plugins/com.st.stm32cube.ide.mcu.externaltools.gnu-tools-for-stm32.12.3.rel1.linux64_1.0.200.202406132123/tools/bin/../lib/gcc/arm-none-eabi/12.3.1/thumb/v7e-m+fp/hard/crtbegin.o
                [!provide]                        PROVIDE (__fini_array_end = .)
                0x0800fe14                        _sidata = LOADADDR (.data)

.data           0x20000008       0xa0 load address 0x0800fe14
                0x20000008                        . = ALIGN (0x4)
                0x20000008                        _sdata = .
 *(.data)
 *(.data*)
 .data.sensors  0x20000008        0x3 ./Core/Src/main.o
                0x20000008                sensors
 *fill*         0x2000000b        0x1 
 .data.STBY_DebugGpioaPinList
                0x2000000c        0x2 ./Core/Src/standby.o
                0x2000000c                STBY_DebugGpioaPinList
 .data.STBY_DebugGpiobPinList
                0x2000000e        0x2 ./Core/Src/standby.o
                0x2000000e                STBY_DebugGpiobPinList
 .data.STBY_DebugGpiocPinList
                0x20000010        0x2 ./Core/Src/standby.o
                0x20000010                STBY_DebugGpiocPinList
 .data.STBY_DtbGpioaPinList
                0x20000012        0x2 ./Core/Src/standby.o
                0x20000012                STBY_DtbGpioaPinList
 .data.STBY_DtbGpiobPinList
                0x20000014        0x2 ./Core/Src/standby.o
                0x20000014                STBY_DtbGpiobPinList
 *fill*         0x20000016        0x2 
 .data.SystemCoreClock
                0x20000018        0x4 ./Core/Src/system_stm32wbxx.o
                0x20000018                SystemCoreClock
 .data.uwTickPrio
                0x2000001c        0x4 ./Drivers/STM32WBxx_HAL_Driver/Src/stm32wbxx_hal.o
                0x2000001c                uwTickPrio
 .data.uwTickFreq
                0x20000020        0x1 ./Drivers/STM32WBxx_HAL_Driver/Src/stm32wbxx_hal.o
                0x20000020                uwTickFreq
 *fill*         0x20000021        0x3 
 .data.a_AdvData
                0x20000024       0x10 ./STM32_WPAN/App/app_ble.o
                0x20000024                a_AdvData
 .data.SizeDMPReadings
                0x20000034        0x2 ./STM32_WPAN/App/custom_stm.o
                0x20000034                SizeDMPReadings
 .data.SizeDMPBiases
                0x20000036        0x2 ./STM32_WPAN/App/custom_stm.o
                0x20000036                SizeDMPBiases
 .data.SizeRawReadings
                0x20000038        0x2 ./STM32_WPAN/App/custom_stm.o
                0x20000038                SizeRawReadings
 *fill*         0x2000003a        0x2 
 .data.TaskMask
                0x2000003c        0x4 ./Utilities/sequencer/stm32_seq.o
 .data.SuperMask
                0x20000040        0x4 ./Utilities/sequencer/stm32_seq.o
 .data._impure_ptr
                0x20000044        0x4 /opt/stm32cubeide/plugins/com.st.stm32cube.ide.mcu.externaltools.gnu-tools-for-stm32.12.3.rel1.linux64_1.0.200.202406132123/tools/bin/../lib/gcc/arm-none-eabi/12.3.1/../../../../arm-none-eabi/lib/thumb/v7e-m+fp/hard/libc_nano.a(libc_a-impure.o)
                0x20000044                _impure_ptr
 .data._impure_data
                0x20000048       0x4c /opt/stm32cubeide/plugins/com.st.stm32cube.ide.mcu.externaltools.gnu-tools-for-stm32.12.3.rel1.linux64_1.0.200.202406132123/tools/bin/../lib/gcc/arm-none-eabi/12.3.1/../../../../arm-none-eabi/lib/thumb/v7e-m+fp/hard/libc_nano.a(libc_a-impure.o)
                0x20000048                _impure_data
 *fill*         0x20000094        0x4 
 .data.tiny     0x20000098        0x8 /opt/stm32cubeide/plugins/com.st.stm32cube.ide.mcu.externaltools.gnu-tools-for-stm32.12.3.rel1.linux64_1.0.200.202406132123/tools/bin/../lib/gcc/arm-none-eabi/12.3.1/../../../../arm-none-eabi/lib/thumb/v7e-m+fp/hard/libm.a(libm_a-e_sqrt.o)
 .data.one      0x200000a0        0x8 /opt/stm32cubeide/plugins/com.st.stm32cube.ide.mcu.externaltools.gnu-tools-for-stm32.12.3.rel1.linux64_1.0.200.202406132123/tools/bin/../lib/gcc/arm-none-eabi/12.3.1/../../../../arm-none-eabi/lib/thumb/v7e-m+fp/hard/libm.a(libm_a-e_sqrt.o)
 *(.RamFunc)
 *(.RamFunc*)
                0x200000a8                        . = ALIGN (0x4)
                0x200000a8                        _edata = .

.igot.plt       0x200000a8        0x0 load address 0x0800feb4
 .igot.plt      0x200000a8        0x0 /opt/stm32cubeide/plugins/com.st.stm32cube.ide.mcu.externaltools.gnu-tools-for-stm32.12.3.rel1.linux64_1.0.200.202406132123/tools/bin/../lib/gcc/arm-none-eabi/12.3.1/thumb/v7e-m+fp/hard/crtbegin.o

BLE_DRIVER_CONTEXT
                0x200000a8       0x35 load address 0x0800feb4
 BLE_DRIVER_CONTEXT
                0x200000a8       0x21 ./Middlewares/ST/STM32_WPAN/ble/svc/Src/svc_ctl.o
                0x200000a8                SVCCTL_EvtHandler
                0x200000c8                SVCCTL_CltHandler
 *fill*         0x200000c9        0x3 
 BLE_DRIVER_CONTEXT
                0x200000cc       0x11 ./Middlewares/ST/STM32_WPAN/interface/patterns/ble_thread/tl/hci_tl.o
                0x200000dc                UserEventFlow

SYSTEM_DRIVER_CONTEXT
                0x200000e0       0x11 load address 0x0800fee9
 SYSTEM_DRIVER_CONTEXT
                0x200000e0       0x11 ./Middlewares/ST/STM32_WPAN/interface/patterns/ble_thread/tl/shci_tl.o
                0x200000f0                SHCI_TL_UserEventFlow
                0x200000f4                        . = ALIGN (0x4)

.bss            0x200000f8      0x8dc load address 0x0800fefa
                0x200000f8                        _sbss = .
                0x200000f8                        __bss_start__ = _sbss
 *(.bss)
 .bss           0x200000f8       0x1c /opt/stm32cubeide/plugins/com.st.stm32cube.ide.mcu.externaltools.gnu-tools-for-stm32.12.3.rel1.linux64_1.0.200.202406132123/tools/bin/../lib/gcc/arm-none-eabi/12.3.1/thumb/v7e-m+fp/hard/crtbegin.o
 *(.bss*)
 .bss.i2c_bus   0x20000114       0x54 ./Core/Src/ICM_20948_INV.o
                0x20000114                i2c_bus
 .bss.status    0x20000168        0x1 ./Core/Src/ICM_20948_INV.o
                0x20000168                status
 *fill*         0x20000169        0x3 
 .bss.aTimerContext
                0x2000016c       0x90 ./Core/Src/hw_timerserver.o
 .bss.CurrentRunningTimerID
                0x200001fc        0x1 ./Core/Src/hw_timerserver.o
 .bss.PreviousRunningTimerID
                0x200001fd        0x1 ./Core/Src/hw_timerserver.o
 *fill*         0x200001fe        0x2 
 .bss.SSRValueOnLastSetup
                0x20000200        0x4 ./Core/Src/hw_timerserver.o
 .bss.WakeupTimerLimitation
                0x20000204        0x1 ./Core/Src/hw_timerserver.o
 .bss.WakeupTimerDivider
                0x20000205        0x1 ./Core/Src/hw_timerserver.o
 .bss.AsynchPrescalerUserConfig
                0x20000206        0x1 ./Core/Src/hw_timerserver.o
 *fill*         0x20000207        0x1 
 .bss.SynchPrescalerUserConfig
                0x20000208        0x2 ./Core/Src/hw_timerserver.o
 .bss.MaxWakeupTimerSetup
                0x2000020a        0x2 ./Core/Src/hw_timerserver.o
 .bss.hi2c1     0x2000020c       0x54 ./Core/Src/main.o
                0x2000020c                hi2c1
 .bss.hipcc     0x20000260       0x3c ./Core/Src/main.o
                0x20000260                hipcc
 .bss.hrtc      0x2000029c       0x24 ./Core/Src/main.o
                0x2000029c                hrtc
 .bss.dmp_readings_buf
                0x200002c0      0x200 ./Core/Src/main.o
                0x200002c0                dmp_readings_buf
 .bss.dmp_biases_buf
                0x200004c0      0x200 ./Core/Src/main.o
                0x200004c0                dmp_biases_buf
 .bss.q0        0x200006c0        0x8 ./Core/Src/main.o
                0x200006c0                q0
 .bss.q1        0x200006c8        0x8 ./Core/Src/main.o
                0x200006c8                q1
 .bss.q2        0x200006d0        0x8 ./Core/Src/main.o
                0x200006d0                q2
 .bss.q3        0x200006d8        0x8 ./Core/Src/main.o
                0x200006d8                q3
 .bss.uwTick    0x200006e0        0x4 ./Drivers/STM32WBxx_HAL_Driver/Src/stm32wbxx_hal.o
                0x200006e0                uwTick
 .bss.hciContext
                0x200006e4       0x20 ./Middlewares/ST/STM32_WPAN/interface/patterns/ble_thread/tl/hci_tl.o
 .bss.HciCmdEventQueue
                0x20000704        0x8 ./Middlewares/ST/STM32_WPAN/interface/patterns/ble_thread/tl/hci_tl.o
 .bss.StatusNotCallBackFunction
                0x2000070c        0x4 ./Middlewares/ST/STM32_WPAN/interface/patterns/ble_thread/tl/hci_tl.o
 .bss.CmdRspStatusFlag
                0x20000710        0x1 ./Middlewares/ST/STM32_WPAN/interface/patterns/ble_thread/tl/hci_tl.o
 *fill*         0x20000711        0x3 
 .bss.shciContext
                0x20000714       0x20 ./Middlewares/ST/STM32_WPAN/interface/patterns/ble_thread/tl/shci_tl.o
 .bss.StatusNotCallBackFunction
                0x20000734        0x4 ./Middlewares/ST/STM32_WPAN/interface/patterns/ble_thread/tl/shci_tl.o
 .bss.CmdRspStatusFlag
                0x20000738        0x1 ./Middlewares/ST/STM32_WPAN/interface/patterns/ble_thread/tl/shci_tl.o
 *fill*         0x20000739        0x3 
 .bss.LocalFreeBufQueue
                0x2000073c        0x8 ./Middlewares/ST/STM32_WPAN/interface/patterns/ble_thread/tl/tl_mbox.o
 .bss.BLE_IoBusEvtCallBackFunction
                0x20000744        0x4 ./Middlewares/ST/STM32_WPAN/interface/patterns/ble_thread/tl/tl_mbox.o
 .bss.BLE_IoBusAclDataTxAck
                0x20000748        0x4 ./Middlewares/ST/STM32_WPAN/interface/patterns/ble_thread/tl/tl_mbox.o
 .bss.SYS_CMD_IoBusCallBackFunction
                0x2000074c        0x4 ./Middlewares/ST/STM32_WPAN/interface/patterns/ble_thread/tl/tl_mbox.o
 .bss.SYS_EVT_IoBusCallBackFunction
                0x20000750        0x4 ./Middlewares/ST/STM32_WPAN/interface/patterns/ble_thread/tl/tl_mbox.o
 .bss.p_mem_manager_table.0
                0x20000754        0x4 ./Middlewares/ST/STM32_WPAN/interface/patterns/ble_thread/tl/tl_mbox.o
 .bss.a_BdAddrUdn
                0x20000758        0x6 ./STM32_WPAN/App/app_ble.o
 *fill*         0x2000075e        0x2 
 .bss.BleApplicationContext
                0x20000760       0x84 ./STM32_WPAN/App/app_ble.o
 .bss.HandleNotification
                0x200007e4        0x4 ./STM32_WPAN/App/app_ble.o
                0x200007e4                HandleNotification
 .bss.ble_context
                0x200007e8        0x8 ./STM32_WPAN/App/custom_stm.o
 .bss.FreeBufCb
                0x200007f0        0x4 ./STM32_WPAN/Target/hw_ipcc.o
 .bss.StopModeDisable
                0x200007f4        0x4 ./Utilities/lpm/tiny_lpm/stm32_lpm.o
 .bss.OffModeDisable
                0x200007f8        0x4 ./Utilities/lpm/tiny_lpm/stm32_lpm.o
 .bss.TaskSet   0x200007fc        0x4 ./Utilities/sequencer/stm32_seq.o
 .bss.EvtSet    0x20000800        0x4 ./Utilities/sequencer/stm32_seq.o
 .bss.EvtWaited
                0x20000804        0x4 ./Utilities/sequencer/stm32_seq.o
 .bss.CurrentTaskIdx
                0x20000808        0x4 ./Utilities/sequencer/stm32_seq.o
 .bss.TaskCb    0x2000080c       0x80 ./Utilities/sequencer/stm32_seq.o
 .bss.TaskPrio  0x2000088c       0x10 ./Utilities/sequencer/stm32_seq.o
 .bss.__sf      0x2000089c      0x138 /opt/stm32cubeide/plugins/com.st.stm32cube.ide.mcu.externaltools.gnu-tools-for-stm32.12.3.rel1.linux64_1.0.200.202406132123/tools/bin/../lib/gcc/arm-none-eabi/12.3.1/../../../../arm-none-eabi/lib/thumb/v7e-m+fp/hard/libc_nano.a(libc_a-findfp.o)
                0x2000089c                __sf
 *(COMMON)
                0x200009d4                        . = ALIGN (0x4)
                0x200009d4                        _ebss = .