Archive member included to satisfy reference by file (symbol)

/opt/stm32cubeide/plugins/com.st.stm32cube.ide.mcu.externaltools.gnu-tools-for-stm32.12.3.rel1.linux64_1.0.200.202406132123/tools/bin/../lib/gcc/arm-none-eabi/12.3.1/../../../../arm-none-eabi/lib/thumb/v7e-m+fp/hard/libc_nano.a(libc_a-exit.o)
                              /opt/stm32cubeide/plugins/com.st.stm32cube.ide.mcu.externaltools.gnu-tools-for-stm32.12.3.rel1.linux64_1.0.200.202406132123/tools/bin/../lib/gcc/arm-none-eabi/12.3.1/../../../../arm-none-eabi/lib/thumb/v7e-m+fp/hard/crt0.o (exit)
/opt/stm32cubeide/plugins/com.st.stm32cube.ide.mcu.externaltools.gnu-tools-for-stm32.12.3.rel1.linux64_1.0.200.202406132123/tools/bin/../lib/gcc/arm-none-eabi/12.3.1/../../../../arm-none-eabi/lib/thumb/v7e-m+fp/hard/libc_nano.a(libc_a-findfp.o)
                              /opt/stm32cubeide/plugins/com.st.stm32cube.ide.mcu.externaltools.gnu-tools-for-stm32.12.3.rel1.linux64_1.0.200.202406132123/tools/bin/../lib/gcc/arm-none-eabi/12.3.1/../../../../arm-none-eabi/lib/thumb/v7e-m+fp/hard/libc_nano.a(libc_a-exit.o) (__stdio_exit_handler)
/opt/stm32cubeide/plugins/com.st.stm32cube.ide.mcu.externaltools.gnu-tools-for-stm32.12.3.rel1.linux64_1.0.200.202406132123/tools/bin/../lib/gcc/arm-none-eabi/12.3.1/../../../../arm-none-eabi/lib/thumb/v7e-m+fp/hard/libc_nano.a(libc_a-fwalk.o)
                              /opt/stm32cubeide/plugins/com.st.stm32cube.ide.mcu.externaltools.gnu-tools-for-stm32.12.3.rel1.linux64_1.0.200.202406132123/tools/bin/../lib/gcc/arm-none-eabi/12.3.1/../../../../arm-none-eabi/lib/thumb/v7e-m+fp/hard/libc_nano.a(libc_a-findfp.o) (_fwalk_sglue)
/opt/stm32cubeide/plugins/com.st.stm32cube.ide.mcu.externaltools.gnu-tools-for-stm32.12.3.rel1.linux64_1.0.200.202406132123/tools/bin/../lib/gcc/arm-none-eabi/12.3.1/../../../../arm-none-eabi/lib/thumb/v7e-m+fp/hard/libc_nano.a(libc_a-printf.o)
                              ./Middlewares/ST/STM32_WPAN/utilities/dbg_trace.o (printf)
/opt/stm32cubeide/plugins/com.st.stm32cube.ide.mcu.externaltools.gnu-tools-for-stm32.12.3.rel1.linux64_1.0.200.202406132123/tools/bin/../lib/gcc/arm-none-eabi/12.3.1/../../../../arm-none-eabi/lib/thumb/v7e-m+fp/hard/libc_nano.a(libc_a-stdio.o)
                              /opt/stm32cubeide/plugins/com.st.stm32cube.ide.mcu.externaltools.gnu-tools-for-stm32.12.3.rel1.linux64_1.0.200.202406132123/tools/bin/../lib/gcc/arm-none-eabi/12.3.1/../../../../arm-none-eabi/lib/thumb/v7e-m+fp/hard/libc_nano.a(libc_a-findfp.o) (__sread)
/opt/stm32cubeide/plugins/com.st.stm32cube.ide.mcu.externaltools.gnu-tools-for-stm32.12.3.rel1.linux64_1.0.200.202406132123/tools/bin/../lib/gcc/arm-none-eabi/12.3.1/../../../../arm-none-eabi/lib/thumb/v7e-m+fp/hard/libc_nano.a(libc_a-vprintf.o)
                              ./Middlewares/ST/STM32_WPAN/utilities/dbg_trace.o (vprintf)
/opt/stm32cubeide/plugins/com.st.stm32cube.ide.mcu.externaltools.gnu-tools-for-stm32.12.3.rel1.linux64_1.0.200.202406132123/tools/bin/../lib/gcc/arm-none-eabi/12.3.1/../../../../arm-none-eabi/lib/thumb/v7e-m+fp/hard/libc_nano.a(libc_a-memcmp.o)
                              ./Core/Src/ICM_20948_INV.o (memcmp)
/opt/stm32cubeide/plugins/com.st.stm32cube.ide.mcu.externaltools.gnu-tools-for-stm32.12.3.rel1.linux64_1.0.200.202406132123/tools/bin/../lib/gcc/arm-none-eabi/12.3.1/../../../../arm-none-eabi/lib/thumb/v7e-m+fp/hard/libc_nano.a(libc_a-memset.o)
                              /opt/stm32cubeide/plugins/com.st.stm32cube.ide.mcu.externaltools.gnu-tools-for-stm32.12.3.rel1.linux64_1.0.200.202406132123/tools/bin/../lib/gcc/arm-none-eabi/12.3.1/../../../../arm-none-eabi/lib/thumb/v7e-m+fp/hard/crt0.o (memset)
/opt/stm32cubeide/plugins/com.st.stm32cube.ide.mcu.externaltools.gnu-tools-for-stm32.12.3.rel1.linux64_1.0.200.202406132123/tools/bin/../lib/gcc/arm-none-eabi/12.3.1/../../../../arm-none-eabi/lib/thumb/v7e-m+fp/hard/libc_nano.a(libc_a-strrchr.o)
                              ./Middlewares/ST/STM32_WPAN/utilities/dbg_trace.o (strrchr)
/opt/stm32cubeide/plugins/com.st.stm32cube.ide.mcu.externaltools.gnu-tools-for-stm32.12.3.rel1.linux64_1.0.200.202406132123/tools/bin/../lib/gcc/arm-none-eabi/12.3.1/../../../../arm-none-eabi/lib/thumb/v7e-m+fp/hard/libc_nano.a(libc_a-closer.o)
                              /opt/stm32cubeide/plugins/com.st.stm32cube.ide.mcu.externaltools.gnu-tools-for-stm32.12.3.rel1.linux64_1.0.200.202406132123/tools/bin/../lib/gcc/arm-none-eabi/12.3.1/../../../../arm-none-eabi/lib/thumb/v7e-m+fp/hard/libc_nano.a(libc_a-stdio.o) (_close_r)
/opt/stm32cubeide/plugins/com.st.stm32cube.ide.mcu.externaltools.gnu-tools-for-stm32.12.3.rel1.linux64_1.0.200.202406132123/tools/bin/../lib/gcc/arm-none-eabi/12.3.1/../../../../arm-none-eabi/lib/thumb/v7e-m+fp/hard/libc_nano.a(libc_a-reent.o)
[...]
Memory Configuration

Name             Origin             Length             Attributes
FLASH            0x08000000         0x0001b800         xr
RAM1             0x20000008         0x00002ff8         xrw
RAM_SHARED       0x20030000         0x00002800         xrw
*default*        0x00000000         0xffffffff

Linker script and memory map

LOAD /opt/stm32cubeide/plugins/com.st.stm32cube.ide.mcu.externaltools.gnu-tools-for-stm32.12.3.rel1.linux64_1.0.200.202406132123/tools/bin/../lib/gcc/arm-none-eabi/12.3.1/thumb/v7e-m+fp/hard/crti.o
LOAD /opt/stm32cubeide/plugins/com.st.stm32cube.ide.mcu.externaltools.gnu-tools-for-stm32.12.3.rel1.linux64_1.0.200.202406132123/tools/bin/../lib/gcc/arm-none-eabi/12.3.1/thumb/v7e-m+fp/hard/crtbegin.o
LOAD /opt/stm32cubeide/plugins/com.st.stm32cube.ide.mcu.externaltools.gnu-tools-for-stm32.12.3.rel1.linux64_1.0.200.202406132123/tools/bin/../lib/gcc/arm-none-eabi/12.3.1/../../../../arm-none-eabi/lib/thumb/v7e-m+fp/hard/crt0.o
LOAD ./Core/Src/ICM_20948_INV.o
LOAD ./Core/Src/app_debug.o
LOAD ./Core/Src/app_entry.o
LOAD ./Core/Src/hw_timerserver.o
LOAD ./Core/Src/main.o
LOAD ./Core/Src/pb_helper.o
LOAD ./Core/Src/standby.o
LOAD ./Core/Src/stm32_lpm_if.o
LOAD ./Core/Src/stm32wbxx_hal_msp.o
LOAD ./Core/Src/stm32wbxx_it.o
LOAD ./Core/Src/syscalls.o
LOAD ./Core/Src/sysmem.o
LOAD ./Core/Src/system_stm32wbxx.o
LOAD ./Core/Startup/startup_stm32wb10ccux.o
LOAD ./Drivers/STM32WBxx_HAL_Driver/Src/stm32wbxx_hal.o
LOAD ./Drivers/STM32WBxx_HAL_Driver/Src/stm32wbxx_hal_cortex.o
LOAD ./Drivers/STM32WBxx_HAL_Driver/Src/stm32wbxx_hal_dma.o
LOAD ./Drivers/STM32WBxx_HAL_Driver/Src/stm32wbxx_hal_dma_ex.o
LOAD ./Drivers/STM32WBxx_HAL_Driver/Src/stm32wbxx_hal_exti.o
LOAD ./Drivers/STM32WBxx_HAL_Driver/Src/stm32wbxx_hal_flash.o
LOAD ./Drivers/STM32WBxx_HAL_Driver/Src/stm32wbxx_hal_flash_ex.o
LOAD ./Drivers/STM32WBxx_HAL_Driver/Src/stm32wbxx_hal_gpio.o
LOAD ./Drivers/STM32WBxx_HAL_Driver/Src/stm32wbxx_hal_hsem.o
LOAD ./Drivers/STM32WBxx_HAL_Driver/Src/stm32wbxx_hal_i2c.o
LOAD ./Drivers/STM32WBxx_HAL_Driver/Src/stm32wbxx_hal_i2c_ex.o
LOAD ./Drivers/STM32WBxx_HAL_Driver/Src/stm32wbxx_hal_ipcc.o
LOAD ./Drivers/STM32WBxx_HAL_Driver/Src/stm32wbxx_hal_pwr.o
LOAD ./Drivers/STM32WBxx_HAL_Driver/Src/stm32wbxx_hal_pwr_ex.o
LOAD ./Drivers/STM32WBxx_HAL_Driver/Src/stm32wbxx_hal_rcc.o
LOAD ./Drivers/STM32WBxx_HAL_Driver/Src/stm32wbxx_hal_rcc_ex.o
LOAD ./Drivers/STM32WBxx_HAL_Driver/Src/stm32wbxx_hal_rtc.o
LOAD ./Drivers/STM32WBxx_HAL_Driver/Src/stm32wbxx_hal_rtc_ex.o
LOAD ./Drivers/STM32WBxx_HAL_Driver/Src/stm32wbxx_hal_tim.o
LOAD ./Drivers/STM32WBxx_HAL_Driver/Src/stm32wbxx_hal_tim_ex.o
LOAD ./Drivers/STM32WBxx_HAL_Driver/Src/stm32wbxx_ll_rcc.o
LOAD ./Middlewares/ST/STM32_WPAN/ble/core/auto/ble_events.o
LOAD ./Middlewares/ST/STM32_WPAN/ble/core/auto/ble_gap_aci.o
LOAD ./Middlewares/ST/STM32_WPAN/ble/core/auto/ble_gatt_aci.o
LOAD ./Middlewares/ST/STM32_WPAN/ble/core/auto/ble_hal_aci.o
LOAD ./Middlewares/ST/STM32_WPAN/ble/core/auto/ble_hci_le.o
LOAD ./Middlewares/ST/STM32_WPAN/ble/core/auto/ble_l2cap_aci.o
LOAD ./Middlewares/ST/STM32_WPAN/ble/core/template/osal.o
LOAD ./Middlewares/ST/STM32_WPAN/ble/svc/Src/svc_ctl.o
LOAD ./Middlewares/ST/STM32_WPAN/interface/patterns/ble_thread/shci/shci.o
LOAD ./Middlewares/ST/STM32_WPAN/interface/patterns/ble_thread/tl/hci_tl.o
LOAD ./Middlewares/ST/STM32_WPAN/interface/patterns/ble_thread/tl/hci_tl_if.o
LOAD ./Middlewares/ST/STM32_WPAN/interface/patterns/ble_thread/tl/shci_tl.o
LOAD ./Middlewares/ST/STM32_WPAN/interface/patterns/ble_thread/tl/shci_tl_if.o
LOAD ./Middlewares/ST/STM32_WPAN/interface/patterns/ble_thread/tl/tl_mbox.o
LOAD ./Middlewares/ST/STM32_WPAN/utilities/dbg_trace.o
LOAD ./Middlewares/ST/STM32_WPAN/utilities/otp.o
LOAD ./Middlewares/ST/STM32_WPAN/utilities/stm_list.o
LOAD ./Middlewares/ST/STM32_WPAN/utilities/stm_queue.o
LOAD ./STM32_WPAN/App/app_ble.o
LOAD ./STM32_WPAN/App/custom_app.o
LOAD ./STM32_WPAN/App/custom_stm.o
LOAD ./STM32_WPAN/Target/hw_ipcc.o
LOAD ./Utilities/lpm/tiny_lpm/stm32_lpm.o
LOAD ./Utilities/sequencer/stm32_seq.o
START GROUP
LOAD /opt/stm32cubeide/plugins/com.st.stm32cube.ide.mcu.externaltools.gnu-tools-for-stm32.12.3.rel1.linux64_1.0.200.202406132123/tools/bin/../lib/gcc/arm-none-eabi/12.3.1/../../../../arm-none-eabi/lib/thumb/v7e-m+fp/hard/libc_nano.a
LOAD /opt/stm32cubeide/plugins/com.st.stm32cube.ide.mcu.externaltools.gnu-tools-for-stm32.12.3.rel1.linux64_1.0.200.202406132123/tools/bin/../lib/gcc/arm-none-eabi/12.3.1/../../../../arm-none-eabi/lib/thumb/v7e-m+fp/hard/libm.a
END GROUP
START GROUP
LOAD /opt/stm32cubeide/plugins/com.st.stm32cube.ide.mcu.externaltools.gnu-tools-for-stm32.12.3.rel1.linux64_1.0.200.202406132123/tools/bin/../lib/gcc/arm-none-eabi/12.3.1/thumb/v7e-m+fp/hard/libgcc.a
LOAD /opt/stm32cubeide/plugins/com.st.stm32cube.ide.mcu.externaltools.gnu-tools-for-stm32.12.3.rel1.linux64_1.0.200.202406132123/tools/bin/../lib/gcc/arm-none-eabi/12.3.1/../../../../arm-none-eabi/lib/thumb/v7e-m+fp/hard/libc_nano.a
END GROUP
START GROUP
LOAD /opt/stm32cubeide/plugins/com.st.stm32cube.ide.mcu.externaltools.gnu-tools-for-stm32.12.3.rel1.linux64_1.0.200.202406132123/tools/bin/../lib/gcc/arm-none-eabi/12.3.1/thumb/v7e-m+fp/hard/libgcc.a
LOAD /opt/stm32cubeide/plugins/com.st.stm32cube.ide.mcu.externaltools.gnu-tools-for-stm32.12.3.rel1.linux64_1.0.200.202406132123/tools/bin/../lib/gcc/arm-none-eabi/12.3.1/../../../../arm-none-eabi/lib/thumb/v7e-m+fp/hard/libc_nano.a
LOAD /opt/stm32cubeide/plugins/com.st.stm32cube.ide.mcu.externaltools.gnu-tools-for-stm32.12.3.rel1.linux64_1.0.200.202406132123/tools/bin/../lib/gcc/arm-none-eabi/12.3.1/../../../../arm-none-eabi/lib/thumb/v7e-m+fp/hard/libnosys.a
END GROUP
START GROUP
LOAD /opt/stm32cubeide/plugins/com.st.stm32cube.ide.mcu.externaltools.gnu-tools-for-stm32.12.3.rel1.linux64_1.0.200.202406132123/tools/bin/../lib/gcc/arm-none-eabi/12.3.1/thumb/v7e-m+fp/hard/libgcc.a
LOAD /opt/stm32cubeide/plugins/com.st.stm32cube.ide.mcu.externaltools.gnu-tools-for-stm32.12.3.rel1.linux64_1.0.200.202406132123/tools/bin/../lib/gcc/arm-none-eabi/12.3.1/../../../../arm-none-eabi/lib/thumb/v7e-m+fp/hard/libc_nano.a
LOAD /opt/stm32cubeide/plugins/com.st.stm32cube.ide.mcu.externaltools.gnu-tools-for-stm32.12.3.rel1.linux64_1.0.200.202406132123/tools/bin/../lib/gcc/arm-none-eabi/12.3.1/../../../../arm-none-eabi/lib/thumb/v7e-m+fp/hard/libnosys.a
END GROUP
LOAD /opt/stm32cubeide/plugins/com.st.stm32cube.ide.mcu.externaltools.gnu-tools-for-stm32.12.3.rel1.linux64_1.0.200.202406132123/tools/bin/../lib/gcc/arm-none-eabi/12.3.1/thumb/v7e-m+fp/hard/crtend.o
LOAD /opt/stm32cubeide/plugins/com.st.stm32cube.ide.mcu.externaltools.gnu-tools-for-stm32.12.3.rel1.linux64_1.0.200.202406132123/tools/bin/../lib/gcc/arm-none-eabi/12.3.1/thumb/v7e-m+fp/hard/crtn.o
                0x20003000                        _estack = (ORIGIN (RAM1) + LENGTH (RAM1))
                0x00000200                        _Min_Heap_Size = 0x200
                0x00000400                        _Min_Stack_Size = 0x400

.isr_vector     0x08000000      0x13c
                0x08000000                        . = ALIGN (0x4)
 *(.isr_vector)
 .isr_vector    0x08000000      0x13c ./Core/Startup/startup_stm32wb10ccux.o
                0x08000000                g_pfnVectors
                0x0800013c                        . = ALIGN (0x4)

.text           0x08000140     0xbca0
                0x08000140                        . = ALIGN (0x4)
 *(.text)
 .text          0x08000140       0x40 /opt/stm32cubeide/plugins/com.st.stm32cube.ide.mcu.externaltools.gnu-tools-for-stm32.12.3.rel1.linux64_1.0.200.202406132123/tools/bin/../lib/gcc/arm-none-eabi/12.3.1/thumb/v7e-m+fp/hard/crtbegin.o
 .text          0x08000180       0x10 /opt/stm32cubeide/plugins/com.st.stm32cube.ide.mcu.externaltools.gnu-tools-for-stm32.12.3.rel1.linux64_1.0.200.202406132123/tools/bin/../lib/gcc/arm-none-eabi/12.3.1/../../../../arm-none-eabi/lib/thumb/v7e-m+fp/hard/libc_nano.a(libc_a-strlen.o)
                0x08000180                strlen
 .text          0x08000190      0x378 /opt/stm32cubeide/plugins/com.st.stm32cube.ide.mcu.externaltools.gnu-tools-for-stm32.12.3.rel1.linux64_1.0.200.202406132123/tools/bin/../lib/gcc/arm-none-eabi/12.3.1/thumb/v7e-m+fp/hard/libgcc.a(_arm_addsubdf3.o)
                0x08000190                __aeabi_drsub
                0x08000198                __aeabi_dsub
                0x08000198                __subdf3
                0x0800019c                __adddf3
                0x0800019c                __aeabi_dadd
                0x08000414                __aeabi_ui2d
                0x08000414                __floatunsidf
                0x08000434                __floatsidf
                0x08000434                __aeabi_i2d
                0x08000458                __extendsfdf2
                0x08000458                __aeabi_f2d
                0x0800049c                __aeabi_ul2d
                0x0800049c                __floatundidf
                0x080004ac                __floatdidf
                0x080004ac                __aeabi_l2d
 .text          0x08000508      0x424 /opt/stm32cubeide/plugins/com.st.stm32cube.ide.mcu.externaltools.gnu-tools-for-stm32.12.3.rel1.linux64_1.0.200.202406132123/tools/bin/../lib/gcc/arm-none-eabi/12.3.1/thumb/v7e-m+fp/hard/libgcc.a(_arm_muldivdf3.o)
                0x08000508                __aeabi_dmul
                0x08000508                __muldf3
                0x0800075c                __aeabi_ddiv
                0x0800075c                __divdf3
 .text          0x0800092c      0x110 /opt/stm32cubeide/plugins/com.st.stm32cube.ide.mcu.externaltools.gnu-tools-for-stm32.12.3.rel1.linux64_1.0.200.202406132123/tools/bin/../lib/gcc/arm-none-eabi/12.3.1/thumb/v7e-m+fp/hard/libgcc.a(_arm_cmpdf2.o)
                0x0800092c                __gtdf2
                0x0800092c                __gedf2
                0x08000934                __ltdf2
                0x08000934                __ledf2
                0x0800093c                __cmpdf2
                0x0800093c                __eqdf2
                0x0800093c                __nedf2
                0x080009b8                __aeabi_cdrcmple
                0x080009c8                __aeabi_cdcmple
                0x080009c8                __aeabi_cdcmpeq
                0x080009d8                __aeabi_dcmpeq
                0x080009ec                __aeabi_dcmplt
                0x08000a00                __aeabi_dcmple
                0x08000a14                __aeabi_dcmpge
                0x08000a28                __aeabi_dcmpgt
 .text          0x08000a3c       0x2c /opt/stm32cubeide/plugins/com.st.stm32cube.ide.mcu.externaltools.gnu-tools-for-stm32.12.3.rel1.linux64_1.0.200.202406132123/tools/bin/../lib/gcc/arm-none-eabi/12.3.1/thumb/v7e-m+fp/hard/libgcc.a(_arm_unorddf2.o)
                0x08000a3c                __aeabi_dcmpun
                0x08000a3c                __unorddf2
 .text          0x08000a68       0x30 /opt/stm32cubeide/plugins/com.st.stm32cube.ide.mcu.externaltools.gnu-tools-for-stm32.12.3.rel1.linux64_1.0.200.202406132123/tools/bin/../lib/gcc/arm-none-eabi/12.3.1/thumb/v7e-m+fp/hard/libgcc.a(_aeabi_uldivmod.o)
                0x08000a68                __aeabi_uldivmod
 .text          0x08000a98      0x2bc /opt/stm32cubeide/plugins/com.st.stm32cube.ide.mcu.externaltools.gnu-tools-for-stm32.12.3.rel1.linux64_1.0.200.202406132123/tools/bin/../lib/gcc/arm-none-eabi/12.3.1/thumb/v7e-m+fp/hard/libgcc.a(_udivmoddi4.o)
                0x08000a98                __udivmoddi4
 .text          0x08000d54        0x4 /opt/stm32cubeide/plugins/com.st.stm32cube.ide.mcu.externaltools.gnu-tools-for-stm32.12.3.rel1.linux64_1.0.200.202406132123/tools/bin/../lib/gcc/arm-none-eabi/12.3.1/thumb/v7e-m+fp/hard/libgcc.a(_dvmd_tls.o)
                0x08000d54                __aeabi_ldiv0
                0x08000d54                __aeabi_idiv0
 *(.text*)
 .text.icm20948_set_user_bank
                0x08000d58       0x4c ./Core/Src/ICM_20948_INV.o
                0x08000d58                icm20948_set_user_bank
 .text.sensor_type_2_android_sensor
                0x08000da4       0xc8 ./Core/Src/ICM_20948_INV.o
                0x08000da4                sensor_type_2_android_sensor
 .text.icm20948_i2c_controller_configure_peripheral
                0x08000e6c      0x198 ./Core/Src/ICM_20948_INV.o
                0x08000e6c                icm20948_i2c_controller_configure_peripheral
 .text.icm20948_set_clock_source
                0x08001004       0x68 ./Core/Src/ICM_20948_INV.o
                0x08001004                icm20948_set_clock_source
 .text.icm20948_set_sample_mode
                0x0800106c       0xac ./Core/Src/ICM_20948_INV.o
                0x0800106c                icm20948_set_sample_mode
 .text.icm20948_enable_FIFO
                0x08001118       0x70 ./Core/Src/ICM_20948_INV.o
                0x08001118                icm20948_enable_FIFO
 .text.icm20948_reset_FIFO
                0x08001188       0x7c ./Core/Src/ICM_20948_INV.o
                0x08001188                icm20948_reset_FIFO
 .text.icm20948_enable_DMP
                0x08001204       0x70 ./Core/Src/ICM_20948_INV.o
                0x08001204                icm20948_enable_DMP
 .text.icm20948_reset_DMP
                0x08001274       0x58 ./Core/Src/ICM_20948_INV.o
                0x08001274                icm20948_reset_DMP
 .text.icm20948_set_full_scale
                0x080012cc      0x114 ./Core/Src/ICM_20948_INV.o
                0x080012cc                icm20948_set_full_scale
 .text.icm20948_enable_dlpf
                0x080013e0      0x128 ./Core/Src/ICM_20948_INV.o
                0x080013e0                icm20948_enable_dlpf
 .text.icm20948_set_dlpf_cfg
                0x08001508      0x13c ./Core/Src/ICM_20948_INV.o
                0x08001508                icm20948_set_dlpf_cfg
 .text.icm20948_set_sample_rate
                0x08001644       0xb4 ./Core/Src/ICM_20948_INV.o
                0x08001644                icm20948_set_sample_rate
 .text.icm20948_int_enable
                0x080016f8      0x370 ./Core/Src/ICM_20948_INV.o
                0x080016f8                icm20948_int_enable
 .text.icm20948_int_enable_raw_data_ready
                0x08001a68       0x3a ./Core/Src/ICM_20948_INV.o
                0x08001a68                icm20948_int_enable_raw_data_ready
 *fill*         0x08001aa2        0x2 
 .text.icm20948_set_DMP_start_address
                0x08001aa4       0x4c ./Core/Src/ICM_20948_INV.o
                0x08001aa4                icm20948_set_DMP_start_address
 .text.icm20948_write_mem
                0x08001af0       0xcc ./Core/Src/ICM_20948_INV.o
                0x08001af0                icm20948_write_mem
 .text.icm20948_read_mem
                0x08001bbc       0xc4 ./Core/Src/ICM_20948_INV.o
                0x08001bbc                icm20948_read_mem
 .text.icm20948_set_gyro_sf
                0x08001c80      0x1d0 ./Core/Src/ICM_20948_INV.o
                0x08001c80                icm20948_set_gyro_sf
 .text.icm20948_enable_DMP_sensor
                0x08001e50      0x2bc ./Core/Src/ICM_20948_INV.o
                0x08001e50                icm20948_enable_DMP_sensor
 .text.icm20948_set_DMP_sensor_period
                0x0800210c      0x218 ./Core/Src/ICM_20948_INV.o
                0x0800210c                icm20948_set_DMP_sensor_period
 .text.icm20948_get_FIFO_count
                0x08002324       0x74 ./Core/Src/ICM_20948_INV.o
                0x08002324                icm20948_get_FIFO_count
 .text.icm20948_read_FIFO
                0x08002398       0x3c ./Core/Src/ICM_20948_INV.o
                0x08002398                icm20948_read_FIFO
 .text.icm20948_read_DMP_data
                0x080023d4      0x908 ./Core/Src/ICM_20948_INV.o
                0x080023d4                icm20948_read_DMP_data
 .text.icm20948_sleep
                0x08002cdc       0x74 ./Core/Src/ICM_20948_INV.o
                0x08002cdc                icm20948_sleep
 .text.icm20948_low_power
                0x08002d50       0x88 ./Core/Src/ICM_20948_INV.o
                0x08002d50                icm20948_low_power
 .text.icm20948_sw_reset
                0x08002dd8       0x56 ./Core/Src/ICM_20948_INV.o
                0x08002dd8                icm20948_sw_reset
 .text.icm20948_load_firmware
                0x08002e2e      0x118 ./Core/Src/ICM_20948_INV.o
                0x08002e2e                icm20948_load_firmware
 *fill*         0x08002f46        0x2 
 .text.icm20948_set_i2c_bus
                0x08002f48       0x24 ./Core/Src/ICM_20948_INV.o
                0x08002f48                icm20948_set_i2c_bus
 .text.icm20948_initialize_DMP
                0x08002f6c      0x3b4 ./Core/Src/ICM_20948_INV.o
                0x08002f6c                icm20948_initialize_DMP
 .text.icm20948_execute_r
                0x08003320       0x44 ./Core/Src/ICM_20948_INV.o
                0x08003320                icm20948_execute_r
 .text.icm20948_execute_w
                0x08003364       0x44 ./Core/Src/ICM_20948_INV.o
                0x08003364                icm20948_execute_w
 .text.icm20948_startup_magnetometer
                0x080033a8       0xe8 ./Core/Src/ICM_20948_INV.o
                0x080033a8                icm20948_startup_magnetometer
 .text.icm20948_i2c_master_passthrough
                0x08003490       0x6e ./Core/Src/ICM_20948_INV.o
                0x08003490                icm20948_i2c_master_passthrough
 .text.icm20948_i2c_master_enable
                0x080034fe       0xee ./Core/Src/ICM_20948_INV.o
                0x080034fe                icm20948_i2c_master_enable
 .text.icm20948_reset_magnetomter
                0x080035ec       0x30 ./Core/Src/ICM_20948_INV.o
                0x080035ec                icm20948_reset_magnetomter
 .text.icm20948_i2c_master_single_w
                0x0800361c       0x2e ./Core/Src/ICM_20948_INV.o
                0x0800361c                icm20948_i2c_master_single_w
 .text.icm20948_i2c_master_single_r
                0x0800364a       0x2e ./Core/Src/ICM_20948_INV.o
                0x0800364a                icm20948_i2c_master_single_r
 .text.icm20948_i2c_controller_periph4_txn
                0x08003678      0x1fe ./Core/Src/ICM_20948_INV.o
                0x08003678                icm20948_i2c_controller_periph4_txn
 .text.icm20948_i2c_master_reset
                0x08003876       0x64 ./Core/Src/ICM_20948_INV.o
                0x08003876                icm20948_i2c_master_reset
 *fill*         0x080038da        0x2 
 .text.icm20948_mag_who_i_am
                0x080038dc       0x74 ./Core/Src/ICM_20948_INV.o
                0x080038dc                icm20948_mag_who_i_am
 .text.icm20948_read_mag
                0x08003950       0x22 ./Core/Src/ICM_20948_INV.o
                0x08003950                icm20948_read_mag
 *fill*         0x08003972        0x2 
 .text.icm20948_write_mag
                0x08003974       0x30 ./Core/Src/ICM_20948_INV.o
                0x08003974                icm20948_write_mag
 .text.icm20948_startup_default
                0x080039a4      0x150 ./Core/Src/ICM_20948_INV.o
                0x080039a4                icm20948_startup_default
 .text.APPD_EnableCPU2
                0x08003af4       0x78 ./Core/Src/app_debug.o
                0x08003af4                APPD_EnableCPU2
 .text.LL_C2_PWR_SetPowerMode
                0x08003b6c       0x2c ./Core/Src/app_entry.o
 .text.LL_EXTI_EnableIT_32_63
                0x08003b98       0x28 ./Core/Src/app_entry.o
 .text.LL_RCC_HSE_SetCapacitorTuning
                0x08003bc0       0x3c ./Core/Src/app_entry.o
 .text.LL_RCC_SetClkAfterWakeFromStop
                0x08003bfc       0x28 ./Core/Src/app_entry.o
 .text.LL_DBGMCU_GetDeviceID
                0x08003c24       0x1c ./Core/Src/app_entry.o
 .text.LL_DBGMCU_GetRevisionID
                0x08003c40       0x1c ./Core/Src/app_entry.o
 .text.LL_LPM_EnableSleep
                0x08003c5c       0x20 ./Core/Src/app_entry.o
 .text.LL_RTC_EnableWriteProtection
                0x08003c7c       0x1a ./Core/Src/app_entry.o
 .text.LL_RTC_DisableWriteProtection
                0x08003c96       0x20 ./Core/Src/app_entry.o
 .text.LL_RTC_WAKEUP_SetClock
                0x08003cb6       0x26 ./Core/Src/app_entry.o
 .text.MX_APPE_Config
                0x08003cdc       0x1c ./Core/Src/app_entry.o
                0x08003cdc                MX_APPE_Config
 .text.MX_APPE_Init
                0x08003cf8       0x20 ./Core/Src/app_entry.o
                0x08003cf8                MX_APPE_Init
 .text.Init_Exti
                0x08003d18        0xe ./Core/Src/app_entry.o
                0x08003d18                Init_Exti
 .text.Reset_Device
                0x08003d26        0xe ./Core/Src/app_entry.o
 .text.Config_HSE
                0x08003d34       0x28 ./Core/Src/app_entry.o
 .text.System_Init
                0x08003d5c       0x10 ./Core/Src/app_entry.o
 .text.Init_Rtc
                0x08003d6c       0x20 ./Core/Src/app_entry.o
 .text.SystemPower_Config
                0x08003d8c       0x1e ./Core/Src/app_entry.o
 *fill*         0x08003daa        0x2 
 .text.appe_Tl_Init
                0x08003dac       0x6c ./Core/Src/app_entry.o
 .text.APPE_SysStatusNot
                0x08003e18       0x16 ./Core/Src/app_entry.o
 *fill*         0x08003e2e        0x2 
 .text.APPE_SysUserEvtRx
                0x08003e30       0x68 ./Core/Src/app_entry.o
 .text.APPE_SysEvtError
                0x08003e98       0x22 ./Core/Src/app_entry.o
 .text.APPE_SysEvtReadyProcessing
                0x08003eba       0x88 ./Core/Src/app_entry.o
 .text.HAL_Delay
                0x08003f42       0x4a ./Core/Src/app_entry.o
                0x08003f42                HAL_Delay
 .text.MX_APPE_Process
                0x08003f8c       0x10 ./Core/Src/app_entry.o
                0x08003f8c                MX_APPE_Process
 .text.UTIL_SEQ_Idle
                0x08003f9c        0xe ./Core/Src/app_entry.o
                0x08003f9c                UTIL_SEQ_Idle
 .text.UTIL_SEQ_EvtIdle
                0x08003faa       0x1a ./Core/Src/app_entry.o
                0x08003faa                UTIL_SEQ_EvtIdle
 .text.shci_notify_asynch_evt
                0x08003fc4       0x18 ./Core/Src/app_entry.o
                0x08003fc4                shci_notify_asynch_evt
 .text.shci_cmd_resp_release
                0x08003fdc       0x16 ./Core/Src/app_entry.o
                0x08003fdc                shci_cmd_resp_release
 .text.shci_cmd_resp_wait
                0x08003ff2       0x16 ./Core/Src/app_entry.o
                0x08003ff2                shci_cmd_resp_wait
 .text.LL_EXTI_EnableIT_0_31
                0x08004008       0x28 ./Core/Src/hw_timerserver.o
 .text.LL_EXTI_EnableRisingTrig_0_31
                0x08004030       0x24 ./Core/Src/hw_timerserver.o
 .text.ReadRtcSsrValue
                0x08004054       0x40 ./Core/Src/hw_timerserver.o
 .text.LinkTimerAfter
                0x08004094       0x8c ./Core/Src/hw_timerserver.o
 .text.LinkTimerBefore
                0x08004120       0xc0 ./Core/Src/hw_timerserver.o
 .text.linkTimer
                0x080041e0      0x154 ./Core/Src/hw_timerserver.o
 .text.UnlinkTimer
                0x08004334      0x108 ./Core/Src/hw_timerserver.o
 .text.ReturnTimeElapsed
                0x0800443c       0x80 ./Core/Src/hw_timerserver.o
 .text.RestartWakeupCounter
                0x080044bc       0xb0 ./Core/Src/hw_timerserver.o
 .text.RescheduleTimerList
                0x0800456c      0x134 ./Core/Src/hw_timerserver.o
 .text.HW_TS_RTC_Wakeup_Handler
                0x080046a0      0x190 ./Core/Src/hw_timerserver.o
                0x080046a0                HW_TS_RTC_Wakeup_Handler
 .text.HW_TS_Init
                0x08004830      0x1b4 ./Core/Src/hw_timerserver.o
                0x08004830                HW_TS_Init
 .text.HW_TS_Stop
                0x080049e4      0x108 ./Core/Src/hw_timerserver.o
                0x080049e4                HW_TS_Stop
 .text.HW_TS_Start
                0x08004aec      0x10c ./Core/Src/hw_timerserver.o
                0x08004aec                HW_TS_Start
 .text.HW_TS_RTC_Int_AppNot
                0x08004bf8       0x1a ./Core/Src/hw_timerserver.o
                0x08004bf8                HW_TS_RTC_Int_AppNot
 .text.LL_AHB2_GRP1_EnableClock
                0x08004c12       0x32 ./Core/Src/main.o
 .text.main     0x08004c44      0x3d8 ./Core/Src/main.o
                0x08004c44                main
 .text.SystemClock_Config
                0x0800501c       0x8a ./Core/Src/main.o
                0x0800501c                SystemClock_Config
 .text.PeriphCommonClock_Config
                0x080050a6       0x38 ./Core/Src/main.o
                0x080050a6                PeriphCommonClock_Config
 *fill*         0x080050de        0x2 
 .text.MX_I2C1_Init
                0x080050e0       0x80 ./Core/Src/main.o
 .text.MX_IPCC_Init
                0x08005160       0x28 ./Core/Src/main.o
 .text.MX_RF_Init
                0x08005188        0xe ./Core/Src/main.o
 *fill*         0x08005196        0x2 
 .text.MX_RTC_Init
                0x08005198       0x60 ./Core/Src/main.o
 .text.MX_GPIO_Init
                0x080051f8       0x40 ./Core/Src/main.o
 .text.Error_Handler
                0x08005238        0xc ./Core/Src/main.o
                0x08005238                Error_Handler
 .text.set_i2c_mux_index
                0x08005244       0x3e ./Core/Src/pb_helper.o
                0x08005244                set_i2c_mux_index
 .text.put_double_in_buffer
                0x08005282       0x5a ./Core/Src/pb_helper.o
                0x08005282                put_double_in_buffer
 .text.LL_RCC_EnableRTC
                0x080052dc       0x22 ./Core/Src/stm32wbxx_hal_msp.o
 .text.LL_AHB2_GRP1_EnableClock
                0x080052fe       0x32 ./Core/Src/stm32wbxx_hal_msp.o
 .text.LL_AHB3_GRP1_EnableClock
                0x08005330       0x32 ./Core/Src/stm32wbxx_hal_msp.o
 .text.LL_APB1_GRP1_EnableClock
                0x08005362       0x32 ./Core/Src/stm32wbxx_hal_msp.o
 .text.HAL_MspInit
                0x08005394       0x20 ./Core/Src/stm32wbxx_hal_msp.o
                0x08005394                HAL_MspInit
 .text.HAL_I2C_MspInit
                0x080053b4       0x90 ./Core/Src/stm32wbxx_hal_msp.o
                0x080053b4                HAL_I2C_MspInit
 .text.HAL_IPCC_MspInit
                0x08005444       0x48 ./Core/Src/stm32wbxx_hal_msp.o
                0x08005444                HAL_IPCC_MspInit
 .text.HAL_RTC_MspInit
                0x0800548c       0x70 ./Core/Src/stm32wbxx_hal_msp.o
                0x0800548c                HAL_RTC_MspInit
 .text.NMI_Handler
                0x080054fc        0x8 ./Core/Src/stm32wbxx_it.o
                0x080054fc                NMI_Handler
 .text.HardFault_Handler
                0x08005504        0x8 ./Core/Src/stm32wbxx_it.o
                0x08005504                HardFault_Handler
 .text.MemManage_Handler
                0x0800550c        0x8 ./Core/Src/stm32wbxx_it.o
                0x0800550c                MemManage_Handler
 .text.BusFault_Handler
                0x08005514        0x8 ./Core/Src/stm32wbxx_it.o
                0x08005514                BusFault_Handler
 .text.UsageFault_Handler
                0x0800551c        0x8 ./Core/Src/stm32wbxx_it.o
                0x0800551c                UsageFault_Handler
 .text.SVC_Handler
                0x08005524        0xe ./Core/Src/stm32wbxx_it.o
                0x08005524                SVC_Handler
 .text.DebugMon_Handler
                0x08005532        0xe ./Core/Src/stm32wbxx_it.o
                0x08005532                DebugMon_Handler
 .text.PendSV_Handler
                0x08005540        0xe ./Core/Src/stm32wbxx_it.o
                0x08005540                PendSV_Handler
 .text.SysTick_Handler
                0x0800554e        0xc ./Core/Src/stm32wbxx_it.o
                0x0800554e                SysTick_Handler
 .text.RTC_WKUP_IRQHandler
                0x0800555a        0xc ./Core/Src/stm32wbxx_it.o
                0x0800555a                RTC_WKUP_IRQHandler
 .text.IPCC_C1_RX_IRQHandler
                0x08005566        0xc ./Core/Src/stm32wbxx_it.o
                0x08005566                IPCC_C1_RX_IRQHandler
 .text.IPCC_C1_TX_IRQHandler
                0x08005572        0xc ./Core/Src/stm32wbxx_it.o
                0x08005572                IPCC_C1_TX_IRQHandler
 .text.HSEM_IRQHandler
                0x0800557e        0xc ./Core/Src/stm32wbxx_it.o
                0x0800557e                HSEM_IRQHandler
 *fill*         0x0800558a        0x2 
 .text.SystemInit
                0x0800558c       0x9c ./Core/Src/system_stm32wbxx.o
                0x0800558c                SystemInit
 .text.data_initializers
                0x08005628       0x18 ./Core/Startup/startup_stm32wb10ccux.o
 .text.Reset_Handler
                0x08005640       0x58 ./Core/Startup/startup_stm32wb10ccux.o
                0x08005640                Reset_Handler
 .text.Default_Handler
                0x08005698        0x2 ./Core/Startup/startup_stm32wb10ccux.o
                0x08005698                RTC_Alarm_IRQHandler
                0x08005698                EXTI2_IRQHandler
                0x08005698                TIM1_CC_IRQHandler
                0x08005698                TSC_IRQHandler
                0x08005698                EXTI3_IRQHandler
                0x08005698                LPTIM2_IRQHandler
                0x08005698                EXTI0_IRQHandler
                0x08005698                FPU_IRQHandler
                0x08005698                SPI1_IRQHandler
                0x08005698                DMA1_Channel4_IRQHandler
                0x08005698                ADC1_IRQHandler
                0x08005698                PWR_SOTF_BLEACT_RFPHASE_IRQHandler
                0x08005698                PKA_IRQHandler
                0x08005698                DMA1_Channel7_IRQHandler
                0x08005698                I2C1_EV_IRQHandler
                0x08005698                DMAMUX1_OVR_IRQHandler
                0x08005698                DMA1_Channel6_IRQHandler
                0x08005698                RCC_IRQHandler
                0x08005698                TIM1_TRG_COM_IRQHandler
                0x08005698                DMA1_Channel1_IRQHandler
                0x08005698                Default_Handler
                0x08005698                EXTI15_10_IRQHandler
                0x08005698                C2SEV_PWR_C2H_IRQHandler
                0x08005698                AES2_IRQHandler
                0x08005698                EXTI9_5_IRQHandler
                0x08005698                PVD_PVM_IRQHandler
                0x08005698                DMA1_Channel5_IRQHandler
                0x08005698                EXTI4_IRQHandler
                0x08005698                RNG_IRQHandler
                0x08005698                TAMP_STAMP_LSECSS_IRQHandler
                0x08005698                DMA1_Channel3_IRQHandler
                0x08005698                TIM1_UP_IRQHandler
                0x08005698                WWDG_IRQHandler
                0x08005698                TIM2_IRQHandler
                0x08005698                TIM1_BRK_IRQHandler
                0x08005698                EXTI1_IRQHandler
                0x08005698                DMA1_Channel2_IRQHandler
                0x08005698                FLASH_IRQHandler
                0x08005698                USART1_IRQHandler
                0x08005698                I2C1_ER_IRQHandler
                0x08005698                LPTIM1_IRQHandler
 *fill*         0x0800569a        0x2 
 .text.HAL_Init
                0x0800569c       0x40 ./Drivers/STM32WBxx_HAL_Driver/Src/stm32wbxx_hal.o
                0x0800569c                HAL_Init
 .text.HAL_InitTick
                0x080056dc       0x74 ./Drivers/STM32WBxx_HAL_Driver/Src/stm32wbxx_hal.o
                0x080056dc                HAL_InitTick
 .text.HAL_IncTick
                0x08005750       0x28 ./Drivers/STM32WBxx_HAL_Driver/Src/stm32wbxx_hal.o
                0x08005750                HAL_IncTick
 .text.HAL_GetTick
                0x08005778       0x18 ./Drivers/STM32WBxx_HAL_Driver/Src/stm32wbxx_hal.o
                0x08005778                HAL_GetTick
 .text.HAL_GetTickPrio
                0x08005790       0x18 ./Drivers/STM32WBxx_HAL_Driver/Src/stm32wbxx_hal.o
                0x08005790                HAL_GetTickPrio
 .text.HAL_GetTickFreq
                0x080057a8       0x18 ./Drivers/STM32WBxx_HAL_Driver/Src/stm32wbxx_hal.o
                0x080057a8                HAL_GetTickFreq
 .text.__NVIC_SetPriorityGrouping
                0x080057c0       0x48 ./Drivers/STM32WBxx_HAL_Driver/Src/stm32wbxx_hal_cortex.o
 .text.__NVIC_GetPriorityGrouping
                0x08005808       0x1c ./Drivers/STM32WBxx_HAL_Driver/Src/stm32wbxx_hal_cortex.o
 .text.__NVIC_EnableIRQ
                0x08005824       0x3c ./Drivers/STM32WBxx_HAL_Driver/Src/stm32wbxx_hal_cortex.o
 .text.__NVIC_DisableIRQ
                0x08005860       0x48 ./Drivers/STM32WBxx_HAL_Driver/Src/stm32wbxx_hal_cortex.o
 .text.__NVIC_SetPendingIRQ
                0x080058a8       0x3c ./Drivers/STM32WBxx_HAL_Driver/Src/stm32wbxx_hal_cortex.o
 .text.__NVIC_ClearPendingIRQ
                0x080058e4       0x3c ./Drivers/STM32WBxx_HAL_Driver/Src/stm32wbxx_hal_cortex.o
 .text.__NVIC_SetPriority
                0x08005920       0x54 ./Drivers/STM32WBxx_HAL_Driver/Src/stm32wbxx_hal_cortex.o
 .text.NVIC_EncodePriority
                0x08005974       0x66 ./Drivers/STM32WBxx_HAL_Driver/Src/stm32wbxx_hal_cortex.o
 *fill*         0x080059da        0x2 
 .text.SysTick_Config
                0x080059dc       0x44 ./Drivers/STM32WBxx_HAL_Driver/Src/stm32wbxx_hal_cortex.o
 .text.HAL_NVIC_SetPriorityGrouping
                0x08005a20       0x16 ./Drivers/STM32WBxx_HAL_Driver/Src/stm32wbxx_hal_cortex.o
                0x08005a20                HAL_NVIC_SetPriorityGrouping
 .text.HAL_NVIC_SetPriority
                0x08005a36       0x34 ./Drivers/STM32WBxx_HAL_Driver/Src/stm32wbxx_hal_cortex.o
                0x08005a36                HAL_NVIC_SetPriority
 .text.HAL_NVIC_EnableIRQ
                0x08005a6a       0x1c ./Drivers/STM32WBxx_HAL_Driver/Src/stm32wbxx_hal_cortex.o
                0x08005a6a                HAL_NVIC_EnableIRQ
 .text.HAL_NVIC_DisableIRQ
                0x08005a86       0x1c ./Drivers/STM32WBxx_HAL_Driver/Src/stm32wbxx_hal_cortex.o
                0x08005a86                HAL_NVIC_DisableIRQ
 .text.HAL_SYSTICK_Config
                0x08005aa2       0x18 ./Drivers/STM32WBxx_HAL_Driver/Src/stm32wbxx_hal_cortex.o
                0x08005aa2                HAL_SYSTICK_Config
 .text.HAL_NVIC_SetPendingIRQ
                0x08005aba       0x1c ./Drivers/STM32WBxx_HAL_Driver/Src/stm32wbxx_hal_cortex.o
                0x08005aba                HAL_NVIC_SetPendingIRQ
 .text.HAL_NVIC_ClearPendingIRQ
                0x08005ad6       0x1c ./Drivers/STM32WBxx_HAL_Driver/Src/stm32wbxx_hal_cortex.o
                0x08005ad6                HAL_NVIC_ClearPendingIRQ
 *fill*         0x08005af2        0x2 
 .text.HAL_GPIO_Init
                0x08005af4      0x2d0 ./Drivers/STM32WBxx_HAL_Driver/Src/stm32wbxx_hal_gpio.o
                0x08005af4                HAL_GPIO_Init
 .text.HAL_HSEM_IRQHandler
                0x08005dc4       0x34 ./Drivers/STM32WBxx_HAL_Driver/Src/stm32wbxx_hal_hsem.o
                0x08005dc4                HAL_HSEM_IRQHandler
 .text.HAL_HSEM_FreeCallback
                0x08005df8       0x14 ./Drivers/STM32WBxx_HAL_Driver/Src/stm32wbxx_hal_hsem.o
                0x08005df8                HAL_HSEM_FreeCallback
 .text.HAL_I2C_Init
                0x08005e0c      0x136 ./Drivers/STM32WBxx_HAL_Driver/Src/stm32wbxx_hal_i2c.o
                0x08005e0c                HAL_I2C_Init
 *fill*         0x08005f42        0x2 
 .text.HAL_I2C_Master_Transmit
                0x08005f44      0x230 ./Drivers/STM32WBxx_HAL_Driver/Src/stm32wbxx_hal_i2c.o
                0x08005f44                HAL_I2C_Master_Transmit
 .text.HAL_I2C_Mem_Write
                0x08006174      0x228 ./Drivers/STM32WBxx_HAL_Driver/Src/stm32wbxx_hal_i2c.o
                0x08006174                HAL_I2C_Mem_Write
 .text.HAL_I2C_Mem_Read
                0x0800639c      0x234 ./Drivers/STM32WBxx_HAL_Driver/Src/stm32wbxx_hal_i2c.o
                0x0800639c                HAL_I2C_Mem_Read
 .text.I2C_RequestMemoryWrite
                0x080065d0       0xa8 ./Drivers/STM32WBxx_HAL_Driver/Src/stm32wbxx_hal_i2c.o
 .text.I2C_RequestMemoryRead
                0x08006678       0xa8 ./Drivers/STM32WBxx_HAL_Driver/Src/stm32wbxx_hal_i2c.o
 .text.I2C_Flush_TXDR
                0x08006720       0x48 ./Drivers/STM32WBxx_HAL_Driver/Src/stm32wbxx_hal_i2c.o
 .text.I2C_WaitOnFlagUntilTimeout
                0x08006768       0xb2 ./Drivers/STM32WBxx_HAL_Driver/Src/stm32wbxx_hal_i2c.o
 .text.I2C_WaitOnTXISFlagUntilTimeout
                0x0800681a       0x8e ./Drivers/STM32WBxx_HAL_Driver/Src/stm32wbxx_hal_i2c.o
 .text.I2C_WaitOnSTOPFlagUntilTimeout
                0x080068a8       0x86 ./Drivers/STM32WBxx_HAL_Driver/Src/stm32wbxx_hal_i2c.o
 *fill*         0x0800692e        0x2 
 .text.I2C_IsErrorOccurred
                0x08006930      0x1c0 ./Drivers/STM32WBxx_HAL_Driver/Src/stm32wbxx_hal_i2c.o
 .text.I2C_TransferConfig
                0x08006af0       0x64 ./Drivers/STM32WBxx_HAL_Driver/Src/stm32wbxx_hal_i2c.o
 .text.HAL_I2CEx_ConfigAnalogFilter
                0x08006b54       0x96 ./Drivers/STM32WBxx_HAL_Driver/Src/stm32wbxx_hal_i2c_ex.o
                0x08006b54                HAL_I2CEx_ConfigAnalogFilter
 .text.HAL_I2CEx_ConfigDigitalFilter
                0x08006bea       0x98 ./Drivers/STM32WBxx_HAL_Driver/Src/stm32wbxx_hal_i2c_ex.o
                0x08006bea                HAL_I2CEx_ConfigDigitalFilter
 *fill*         0x08006c82        0x2 
 .text.HAL_IPCC_Init
                0x08006c84       0x64 ./Drivers/STM32WBxx_HAL_Driver/Src/stm32wbxx_hal_ipcc.o
                0x08006c84                HAL_IPCC_Init
 .text.HAL_IPCC_RxCallback
                0x08006ce8       0x1a ./Drivers/STM32WBxx_HAL_Driver/Src/stm32wbxx_hal_ipcc.o
                0x08006ce8                HAL_IPCC_RxCallback
 .text.HAL_IPCC_TxCallback
                0x08006d02       0x1a ./Drivers/STM32WBxx_HAL_Driver/Src/stm32wbxx_hal_ipcc.o
                0x08006d02                HAL_IPCC_TxCallback
 .text.IPCC_SetDefaultCallbacks
                0x08006d1c       0x4c ./Drivers/STM32WBxx_HAL_Driver/Src/stm32wbxx_hal_ipcc.o
                0x08006d1c                IPCC_SetDefaultCallbacks
 .text.IPCC_Reset_Register
                0x08006d68       0x28 ./Drivers/STM32WBxx_HAL_Driver/Src/stm32wbxx_hal_ipcc.o
                0x08006d68                IPCC_Reset_Register
 .text.HAL_PWR_EnableBkUpAccess
                0x08006d90       0x20 ./Drivers/STM32WBxx_HAL_Driver/Src/stm32wbxx_hal_pwr.o
                0x08006d90                HAL_PWR_EnableBkUpAccess
 .text.LL_PWR_EnableSRAM2Retention
                0x08006db0       0x20 ./Drivers/STM32WBxx_HAL_Driver/Src/stm32wbxx_hal_pwr_ex.o
 .text.HAL_PWREx_EnableSRAMRetention
                0x08006dd0        0xc ./Drivers/STM32WBxx_HAL_Driver/Src/stm32wbxx_hal_pwr_ex.o
                0x08006dd0                HAL_PWREx_EnableSRAMRetention
 .text.LL_RCC_HSE_IsEnabledDiv2
                0x08006ddc       0x24 ./Drivers/STM32WBxx_HAL_Driver/Src/stm32wbxx_hal_rcc.o
 .text.LL_RCC_HSE_Enable
                0x08006e00       0x1e ./Drivers/STM32WBxx_HAL_Driver/Src/stm32wbxx_hal_rcc.o
 .text.LL_RCC_HSE_Disable
                0x08006e1e       0x1e ./Drivers/STM32WBxx_HAL_Driver/Src/stm32wbxx_hal_rcc.o
 .text.LL_RCC_HSE_IsReady
                0x08006e3c       0x24 ./Drivers/STM32WBxx_HAL_Driver/Src/stm32wbxx_hal_rcc.o
 .text.LL_RCC_HSI_Enable
                0x08006e60       0x1e ./Drivers/STM32WBxx_HAL_Driver/Src/stm32wbxx_hal_rcc.o
 .text.LL_RCC_HSI_Disable
                0x08006e7e       0x1e ./Drivers/STM32WBxx_HAL_Driver/Src/stm32wbxx_hal_rcc.o
 .text.LL_RCC_HSI_IsReady
                0x08006e9c       0x24 ./Drivers/STM32WBxx_HAL_Driver/Src/stm32wbxx_hal_rcc.o
 .text.LL_RCC_HSI_SetCalibTrimming
                0x08006ec0       0x2a ./Drivers/STM32WBxx_HAL_Driver/Src/stm32wbxx_hal_rcc.o
 .text.LL_RCC_LSE_Enable
                0x08006eea       0x22 ./Drivers/STM32WBxx_HAL_Driver/Src/stm32wbxx_hal_rcc.o
 .text.LL_RCC_LSE_Disable
                0x08006f0c       0x22 ./Drivers/STM32WBxx_HAL_Driver/Src/stm32wbxx_hal_rcc.o
 .text.LL_RCC_LSE_EnableBypass
                0x08006f2e       0x22 ./Drivers/STM32WBxx_HAL_Driver/Src/stm32wbxx_hal_rcc.o
 .text.LL_RCC_LSE_DisableBypass
                0x08006f50       0x22 ./Drivers/STM32WBxx_HAL_Driver/Src/stm32wbxx_hal_rcc.o
 .text.LL_RCC_LSE_IsReady
                0x08006f72       0x24 ./Drivers/STM32WBxx_HAL_Driver/Src/stm32wbxx_hal_rcc.o
 .text.LL_RCC_LSI1_Enable
                0x08006f96       0x22 ./Drivers/STM32WBxx_HAL_Driver/Src/stm32wbxx_hal_rcc.o
 .text.LL_RCC_LSI1_Disable
                0x08006fb8       0x22 ./Drivers/STM32WBxx_HAL_Driver/Src/stm32wbxx_hal_rcc.o
 .text.LL_RCC_LSI1_IsReady
                0x08006fda       0x24 ./Drivers/STM32WBxx_HAL_Driver/Src/stm32wbxx_hal_rcc.o
 .text.LL_RCC_LSI2_Enable
                0x08006ffe       0x22 ./Drivers/STM32WBxx_HAL_Driver/Src/stm32wbxx_hal_rcc.o
 .text.LL_RCC_LSI2_Disable
                0x08007020       0x22 ./Drivers/STM32WBxx_HAL_Driver/Src/stm32wbxx_hal_rcc.o
 .text.LL_RCC_LSI2_IsReady
                0x08007042       0x24 ./Drivers/STM32WBxx_HAL_Driver/Src/stm32wbxx_hal_rcc.o
 .text.LL_RCC_LSI2_SetTrimming
                0x08007066       0x2e ./Drivers/STM32WBxx_HAL_Driver/Src/stm32wbxx_hal_rcc.o
 .text.LL_RCC_MSI_Enable
                0x08007094       0x1e ./Drivers/STM32WBxx_HAL_Driver/Src/stm32wbxx_hal_rcc.o
 .text.LL_RCC_MSI_Disable
                0x080070b2       0x1e ./Drivers/STM32WBxx_HAL_Driver/Src/stm32wbxx_hal_rcc.o
 .text.LL_RCC_MSI_IsReady
                0x080070d0       0x22 ./Drivers/STM32WBxx_HAL_Driver/Src/stm32wbxx_hal_rcc.o
 .text.LL_RCC_MSI_SetRange
                0x080070f2       0x28 ./Drivers/STM32WBxx_HAL_Driver/Src/stm32wbxx_hal_rcc.o
 .text.LL_RCC_MSI_GetRange
                0x0800711a       0x2a ./Drivers/STM32WBxx_HAL_Driver/Src/stm32wbxx_hal_rcc.o
 .text.LL_RCC_MSI_SetCalibTrimming
                0x08007144       0x2a ./Drivers/STM32WBxx_HAL_Driver/Src/stm32wbxx_hal_rcc.o
 .text.LL_RCC_SetSysClkSource
                0x0800716e       0x28 ./Drivers/STM32WBxx_HAL_Driver/Src/stm32wbxx_hal_rcc.o
 .text.LL_RCC_GetSysClkSource
                0x08007196       0x18 ./Drivers/STM32WBxx_HAL_Driver/Src/stm32wbxx_hal_rcc.o
 .text.LL_RCC_SetAHBPrescaler
                0x080071ae       0x28 ./Drivers/STM32WBxx_HAL_Driver/Src/stm32wbxx_hal_rcc.o
 .text.LL_C2_RCC_SetAHBPrescaler
                0x080071d6       0x2c ./Drivers/STM32WBxx_HAL_Driver/Src/stm32wbxx_hal_rcc.o
 .text.LL_RCC_SetAHB4Prescaler
                0x08007202       0x2e ./Drivers/STM32WBxx_HAL_Driver/Src/stm32wbxx_hal_rcc.o
 .text.LL_RCC_SetAPB1Prescaler
                0x08007230       0x28 ./Drivers/STM32WBxx_HAL_Driver/Src/stm32wbxx_hal_rcc.o
 .text.LL_RCC_SetAPB2Prescaler
                0x08007258       0x28 ./Drivers/STM32WBxx_HAL_Driver/Src/stm32wbxx_hal_rcc.o
 .text.LL_RCC_GetAHBPrescaler
                0x08007280       0x18 ./Drivers/STM32WBxx_HAL_Driver/Src/stm32wbxx_hal_rcc.o
 .text.LL_RCC_GetAHB4Prescaler
                0x08007298       0x1c ./Drivers/STM32WBxx_HAL_Driver/Src/stm32wbxx_hal_rcc.o
 .text.LL_RCC_PLL_Enable
                0x080072b4       0x1e ./Drivers/STM32WBxx_HAL_Driver/Src/stm32wbxx_hal_rcc.o
 .text.LL_RCC_PLL_Disable
                0x080072d2       0x1e ./Drivers/STM32WBxx_HAL_Driver/Src/stm32wbxx_hal_rcc.o
 .text.LL_RCC_PLL_IsReady
                0x080072f0       0x24 ./Drivers/STM32WBxx_HAL_Driver/Src/stm32wbxx_hal_rcc.o
 .text.LL_RCC_PLL_GetN
                0x08007314       0x1a ./Drivers/STM32WBxx_HAL_Driver/Src/stm32wbxx_hal_rcc.o
 .text.LL_RCC_PLL_GetR
                0x0800732e       0x18 ./Drivers/STM32WBxx_HAL_Driver/Src/stm32wbxx_hal_rcc.o
 .text.LL_RCC_PLL_GetDivider
                0x08007346       0x18 ./Drivers/STM32WBxx_HAL_Driver/Src/stm32wbxx_hal_rcc.o
 .text.LL_RCC_PLL_GetMainSource
                0x0800735e       0x18 ./Drivers/STM32WBxx_HAL_Driver/Src/stm32wbxx_hal_rcc.o
 .text.LL_RCC_IsActiveFlag_HPRE
                0x08007376       0x24 ./Drivers/STM32WBxx_HAL_Driver/Src/stm32wbxx_hal_rcc.o
 .text.LL_RCC_IsActiveFlag_C2HPRE
                0x0800739a       0x26 ./Drivers/STM32WBxx_HAL_Driver/Src/stm32wbxx_hal_rcc.o
 .text.LL_RCC_IsActiveFlag_SHDHPRE
                0x080073c0       0x26 ./Drivers/STM32WBxx_HAL_Driver/Src/stm32wbxx_hal_rcc.o
 .text.LL_RCC_IsActiveFlag_PPRE1
                0x080073e6       0x24 ./Drivers/STM32WBxx_HAL_Driver/Src/stm32wbxx_hal_rcc.o
 .text.LL_RCC_IsActiveFlag_PPRE2
                0x0800740a       0x24 ./Drivers/STM32WBxx_HAL_Driver/Src/stm32wbxx_hal_rcc.o
 *fill*         0x0800742e        0x2 
 .text.HAL_RCC_OscConfig
                0x08007430      0x66c ./Drivers/STM32WBxx_HAL_Driver/Src/stm32wbxx_hal_rcc.o
                0x08007430                HAL_RCC_OscConfig
 .text.HAL_RCC_ClockConfig
                0x08007a9c      0x280 ./Drivers/STM32WBxx_HAL_Driver/Src/stm32wbxx_hal_rcc.o
                0x08007a9c                HAL_RCC_ClockConfig
 .text.HAL_RCC_GetSysClockFreq
                0x08007d1c       0xd8 ./Drivers/STM32WBxx_HAL_Driver/Src/stm32wbxx_hal_rcc.o
                0x08007d1c                HAL_RCC_GetSysClockFreq
 .text.HAL_RCC_GetHCLKFreq
                0x08007df4       0x28 ./Drivers/STM32WBxx_HAL_Driver/Src/stm32wbxx_hal_rcc.o
                0x08007df4                HAL_RCC_GetHCLKFreq
 .text.RCC_SetFlashLatencyFromMSIRange
                0x08007e1c       0x6c ./Drivers/STM32WBxx_HAL_Driver/Src/stm32wbxx_hal_rcc.o
 .text.RCC_SetFlashLatency
                0x08007e88       0xa8 ./Drivers/STM32WBxx_HAL_Driver/Src/stm32wbxx_hal_rcc.o
 .text.LL_RCC_LSE_IsEnabled
                0x08007f30       0x24 ./Drivers/STM32WBxx_HAL_Driver/Src/stm32wbxx_hal_rcc_ex.o
 .text.LL_RCC_LSE_IsReady
                0x08007f54       0x24 ./Drivers/STM32WBxx_HAL_Driver/Src/stm32wbxx_hal_rcc_ex.o
 .text.LL_RCC_SetRFWKPClockSource
                0x08007f78       0x2c ./Drivers/STM32WBxx_HAL_Driver/Src/stm32wbxx_hal_rcc_ex.o
 .text.LL_RCC_SetUSARTClockSource
                0x08007fa4       0x2c ./Drivers/STM32WBxx_HAL_Driver/Src/stm32wbxx_hal_rcc_ex.o
 .text.LL_RCC_SetI2CClockSource
                0x08007fd0       0x3a ./Drivers/STM32WBxx_HAL_Driver/Src/stm32wbxx_hal_rcc_ex.o
 .text.LL_RCC_SetLPTIMClockSource
                0x0800800a       0x34 ./Drivers/STM32WBxx_HAL_Driver/Src/stm32wbxx_hal_rcc_ex.o
 .text.LL_RCC_SetRNGClockSource
                0x0800803e       0x2c ./Drivers/STM32WBxx_HAL_Driver/Src/stm32wbxx_hal_rcc_ex.o
 .text.LL_RCC_SetCLK48ClockSource
                0x0800806a       0x2c ./Drivers/STM32WBxx_HAL_Driver/Src/stm32wbxx_hal_rcc_ex.o
 .text.LL_RCC_SetADCClockSource
                0x08008096       0x2c ./Drivers/STM32WBxx_HAL_Driver/Src/stm32wbxx_hal_rcc_ex.o
 .text.LL_RCC_SetRTCClockSource
                0x080080c2       0x2c ./Drivers/STM32WBxx_HAL_Driver/Src/stm32wbxx_hal_rcc_ex.o
 .text.LL_RCC_GetRTCClockSource
                0x080080ee       0x1a ./Drivers/STM32WBxx_HAL_Driver/Src/stm32wbxx_hal_rcc_ex.o
 .text.LL_RCC_ForceBackupDomainReset
                0x08008108       0x22 ./Drivers/STM32WBxx_HAL_Driver/Src/stm32wbxx_hal_rcc_ex.o
 .text.LL_RCC_ReleaseBackupDomainReset
                0x0800812a       0x22 ./Drivers/STM32WBxx_HAL_Driver/Src/stm32wbxx_hal_rcc_ex.o
 .text.HAL_RCCEx_PeriphCLKConfig
                0x0800814c      0x1b6 ./Drivers/STM32WBxx_HAL_Driver/Src/stm32wbxx_hal_rcc_ex.o
                0x0800814c                HAL_RCCEx_PeriphCLKConfig
 *fill*         0x08008302        0x2 
 .text.HAL_RTC_Init
                0x08008304      0x160 ./Drivers/STM32WBxx_HAL_Driver/Src/stm32wbxx_hal_rtc.o
                0x08008304                HAL_RTC_Init
 .text.HAL_RTC_WaitForSynchro
                0x08008464       0x4c ./Drivers/STM32WBxx_HAL_Driver/Src/stm32wbxx_hal_rtc.o
                0x08008464                HAL_RTC_WaitForSynchro
 .text.RTC_EnterInitMode
                0x080084b0       0x54 ./Drivers/STM32WBxx_HAL_Driver/Src/stm32wbxx_hal_rtc.o
                0x080084b0                RTC_EnterInitMode
 .text.HAL_RTCEx_SetWakeUpTimer_IT
                0x08008504      0x178 ./Drivers/STM32WBxx_HAL_Driver/Src/stm32wbxx_hal_rtc_ex.o
                0x08008504                HAL_RTCEx_SetWakeUpTimer_IT
 .text.aci_gap_set_non_discoverable
                0x0800867c       0x48 ./Middlewares/ST/STM32_WPAN/ble/core/auto/ble_gap_aci.o
                0x0800867c                aci_gap_set_non_discoverable
 .text.aci_gap_set_discoverable
                0x080086c4      0x1f4 ./Middlewares/ST/STM32_WPAN/ble/core/auto/ble_gap_aci.o
                0x080086c4                aci_gap_set_discoverable
 .text.aci_gap_set_io_capability
                0x080088b8       0xa8 ./Middlewares/ST/STM32_WPAN/ble/core/auto/ble_gap_aci.o
                0x080088b8                aci_gap_set_io_capability
 .text.aci_gap_set_authentication_requirement
                0x08008960      0x188 ./Middlewares/ST/STM32_WPAN/ble/core/auto/ble_gap_aci.o
                0x08008960                aci_gap_set_authentication_requirement
 .text.aci_gap_pass_key_resp
                0x08008ae8       0xce ./Middlewares/ST/STM32_WPAN/ble/core/auto/ble_gap_aci.o
                0x08008ae8                aci_gap_pass_key_resp
 .text.aci_gap_init
                0x08008bb6      0x15a ./Middlewares/ST/STM32_WPAN/ble/core/auto/ble_gap_aci.o
                0x08008bb6                aci_gap_init
 .text.aci_gap_update_adv_data
                0x08008d10       0xe4 ./Middlewares/ST/STM32_WPAN/ble/core/auto/ble_gap_aci.o
                0x08008d10                aci_gap_update_adv_data
 .text.aci_gap_configure_filter_accept_list
                0x08008df4       0x48 ./Middlewares/ST/STM32_WPAN/ble/core/auto/ble_gap_aci.o
                0x08008df4                aci_gap_configure_filter_accept_list
 .text.aci_gap_numeric_comparison_value_confirm_yesno
                0x08008e3c       0xce ./Middlewares/ST/STM32_WPAN/ble/core/auto/ble_gap_aci.o
                0x08008e3c                aci_gap_numeric_comparison_value_confirm_yesno
 .text.aci_gatt_init
                0x08008f0a       0x4a ./Middlewares/ST/STM32_WPAN/ble/core/auto/ble_gatt_aci.o
                0x08008f0a                aci_gatt_init
 .text.aci_gatt_add_service
                0x08008f54      0x1ac ./Middlewares/ST/STM32_WPAN/ble/core/auto/ble_gatt_aci.o
                0x08008f54                aci_gatt_add_service
 .text.aci_gatt_add_char
                0x08009100      0x210 ./Middlewares/ST/STM32_WPAN/ble/core/auto/ble_gatt_aci.o
                0x08009100                aci_gatt_add_char
 .text.aci_gatt_update_char_value
                0x08009310      0x152 ./Middlewares/ST/STM32_WPAN/ble/core/auto/ble_gatt_aci.o
                0x08009310                aci_gatt_update_char_value
 .text.aci_gatt_confirm_indication
                0x08009462       0xaa ./Middlewares/ST/STM32_WPAN/ble/core/auto/ble_gatt_aci.o
                0x08009462                aci_gatt_confirm_indication
 .text.aci_hal_write_config_data
                0x0800950c      0x10a ./Middlewares/ST/STM32_WPAN/ble/core/auto/ble_hal_aci.o
                0x0800950c                aci_hal_write_config_data
 .text.aci_hal_set_tx_power_level
                0x08009616       0xce ./Middlewares/ST/STM32_WPAN/ble/core/auto/ble_hal_aci.o
                0x08009616                aci_hal_set_tx_power_level
 .text.aci_hal_set_radio_activity_mask
                0x080096e4       0xa8 ./Middlewares/ST/STM32_WPAN/ble/core/auto/ble_hal_aci.o
                0x080096e4                aci_hal_set_radio_activity_mask
 .text.hci_reset
                0x0800978c       0x48 ./Middlewares/ST/STM32_WPAN/ble/core/auto/ble_hci_le.o
                0x0800978c                hci_reset
 .text.hci_le_set_default_phy
                0x080097d4       0xfa ./Middlewares/ST/STM32_WPAN/ble/core/auto/ble_hci_le.o
                0x080097d4                hci_le_set_default_phy
 .text.Osal_MemCpy
                0x080098ce       0x20 ./Middlewares/ST/STM32_WPAN/ble/core/template/osal.o
                0x080098ce                Osal_MemCpy
 .text.Osal_MemSet
                0x080098ee       0x20 ./Middlewares/ST/STM32_WPAN/ble/core/template/osal.o
                0x080098ee                Osal_MemSet
 .text.BAS_Init
                0x0800990e        0xe ./Middlewares/ST/STM32_WPAN/ble/svc/Src/svc_ctl.o
                0x0800990e                BAS_Init
 .text.BLS_Init
                0x0800991c        0xe ./Middlewares/ST/STM32_WPAN/ble/svc/Src/svc_ctl.o
                0x0800991c                BLS_Init
 .text.CRS_STM_Init
                0x0800992a        0xe ./Middlewares/ST/STM32_WPAN/ble/svc/Src/svc_ctl.o
                0x0800992a                CRS_STM_Init
 .text.DIS_Init
                0x08009938        0xe ./Middlewares/ST/STM32_WPAN/ble/svc/Src/svc_ctl.o
                0x08009938                DIS_Init
 .text.EDS_STM_Init
                0x08009946        0xe ./Middlewares/ST/STM32_WPAN/ble/svc/Src/svc_ctl.o
                0x08009946                EDS_STM_Init
 .text.HIDS_Init
                0x08009954        0xe ./Middlewares/ST/STM32_WPAN/ble/svc/Src/svc_ctl.o
                0x08009954                HIDS_Init
 .text.HRS_Init
                0x08009962        0xe ./Middlewares/ST/STM32_WPAN/ble/svc/Src/svc_ctl.o
                0x08009962                HRS_Init
 .text.HTS_Init
                0x08009970        0xe ./Middlewares/ST/STM32_WPAN/ble/svc/Src/svc_ctl.o
                0x08009970                HTS_Init
 .text.IAS_Init
                0x0800997e        0xe ./Middlewares/ST/STM32_WPAN/ble/svc/Src/svc_ctl.o
                0x0800997e                IAS_Init
 .text.LLS_Init
                0x0800998c        0xe ./Middlewares/ST/STM32_WPAN/ble/svc/Src/svc_ctl.o
                0x0800998c                LLS_Init
 .text.TPS_Init
                0x0800999a        0xe ./Middlewares/ST/STM32_WPAN/ble/svc/Src/svc_ctl.o
                0x0800999a                TPS_Init
 .text.MOTENV_STM_Init
                0x080099a8        0xe ./Middlewares/ST/STM32_WPAN/ble/svc/Src/svc_ctl.o
                0x080099a8                MOTENV_STM_Init
 .text.P2PS_STM_Init
                0x080099b6        0xe ./Middlewares/ST/STM32_WPAN/ble/svc/Src/svc_ctl.o
                0x080099b6                P2PS_STM_Init
 .text.ZDD_STM_Init
                0x080099c4        0xe ./Middlewares/ST/STM32_WPAN/ble/svc/Src/svc_ctl.o
                0x080099c4                ZDD_STM_Init
 .text.OTAS_STM_Init
                0x080099d2        0xe ./Middlewares/ST/STM32_WPAN/ble/svc/Src/svc_ctl.o
                0x080099d2                OTAS_STM_Init
 .text.MESH_Init
                0x080099e0        0xe ./Middlewares/ST/STM32_WPAN/ble/svc/Src/svc_ctl.o
                0x080099e0                MESH_Init
 .text.BVOPUS_STM_Init
                0x080099ee        0xe ./Middlewares/ST/STM32_WPAN/ble/svc/Src/svc_ctl.o
                0x080099ee                BVOPUS_STM_Init
 .text.SVCCTL_Init
                0x080099fc       0x20 ./Middlewares/ST/STM32_WPAN/ble/svc/Src/svc_ctl.o
                0x080099fc                SVCCTL_Init
 .text.SVCCTL_SvcInit
                0x08009a1c       0x50 ./Middlewares/ST/STM32_WPAN/ble/svc/Src/svc_ctl.o
                0x08009a1c                SVCCTL_SvcInit
 .text.SVCCTL_RegisterSvcHandler
                0x08009a6c       0x34 ./Middlewares/ST/STM32_WPAN/ble/svc/Src/svc_ctl.o
                0x08009a6c                SVCCTL_RegisterSvcHandler
 .text.SVCCTL_UserEvtRx
                0x08009aa0       0xa8 ./Middlewares/ST/STM32_WPAN/ble/svc/Src/svc_ctl.o
                0x08009aa0                SVCCTL_UserEvtRx
 .text.SHCI_C2_BLE_Init
                0x08009b48       0x2e ./Middlewares/ST/STM32_WPAN/interface/patterns/ble_thread/shci/shci.o
                0x08009b48                SHCI_C2_BLE_Init
 .text.SHCI_C2_DEBUG_Init
                0x08009b76       0x2e ./Middlewares/ST/STM32_WPAN/interface/patterns/ble_thread/shci/shci.o
                0x08009b76                SHCI_C2_DEBUG_Init
 .text.SHCI_C2_Config
                0x08009ba4       0x2a ./Middlewares/ST/STM32_WPAN/interface/patterns/ble_thread/shci/shci.o
                0x08009ba4                SHCI_C2_Config
 *fill*         0x08009bce        0x2 
 .text.SHCI_GetWirelessFwInfo
                0x08009bd0      0x15c ./Middlewares/ST/STM32_WPAN/interface/patterns/ble_thread/shci/shci.o
                0x08009bd0                SHCI_GetWirelessFwInfo
 .text.hci_init
                0x08009d2c       0x38 ./Middlewares/ST/STM32_WPAN/interface/patterns/ble_thread/tl/hci_tl.o
                0x08009d2c                hci_init
 .text.hci_user_evt_proc
                0x08009d64       0x9c ./Middlewares/ST/STM32_WPAN/interface/patterns/ble_thread/tl/hci_tl.o
                0x08009d64                hci_user_evt_proc
 .text.hci_send_req
                0x08009e00      0x108 ./Middlewares/ST/STM32_WPAN/interface/patterns/ble_thread/tl/hci_tl.o
                0x08009e00                hci_send_req
 .text.TlInit   0x08009f08       0x60 ./Middlewares/ST/STM32_WPAN/interface/patterns/ble_thread/tl/hci_tl.o
 .text.SendCmd  0x08009f68       0x4c ./Middlewares/ST/STM32_WPAN/interface/patterns/ble_thread/tl/hci_tl.o
 .text.NotifyCmdStatus
                0x08009fb4       0x40 ./Middlewares/ST/STM32_WPAN/interface/patterns/ble_thread/tl/hci_tl.o
 .text.TlEvtReceived
                0x08009ff4       0x48 ./Middlewares/ST/STM32_WPAN/interface/patterns/ble_thread/tl/hci_tl.o
 .text.hci_register_io_bus
                0x0800a03c       0x28 ./Middlewares/ST/STM32_WPAN/interface/patterns/ble_thread/tl/hci_tl_if.o
                0x0800a03c                hci_register_io_bus
 .text.shci_init
                0x0800a064       0x38 ./Middlewares/ST/STM32_WPAN/interface/patterns/ble_thread/tl/shci_tl.o
                0x0800a064                shci_init
 .text.shci_user_evt_proc
                0x0800a09c       0x9c ./Middlewares/ST/STM32_WPAN/interface/patterns/ble_thread/tl/shci_tl.o
                0x0800a09c                shci_user_evt_proc
 .text.shci_send
                0x0800a138       0x84 ./Middlewares/ST/STM32_WPAN/interface/patterns/ble_thread/tl/shci_tl.o
                0x0800a138                shci_send
 .text.TlInit   0x0800a1bc       0x64 ./Middlewares/ST/STM32_WPAN/interface/patterns/ble_thread/tl/shci_tl.o
 .text.Cmd_SetStatus
                0x0800a220       0x50 ./Middlewares/ST/STM32_WPAN/interface/patterns/ble_thread/tl/shci_tl.o
 .text.TlCmdEvtReceived
                0x0800a270       0x16 ./Middlewares/ST/STM32_WPAN/interface/patterns/ble_thread/tl/shci_tl.o
 *fill*         0x0800a286        0x2 
 .text.TlUserEvtReceived
                0x0800a288       0x24 ./Middlewares/ST/STM32_WPAN/interface/patterns/ble_thread/tl/shci_tl.o
 .text.shci_register_io_bus
                0x0800a2ac       0x28 ./Middlewares/ST/STM32_WPAN/interface/patterns/ble_thread/tl/shci_tl_if.o
                0x0800a2ac                shci_register_io_bus
 .text.TL_Enable
                0x0800a2d4        0xc ./Middlewares/ST/STM32_WPAN/interface/patterns/ble_thread/tl/tl_mbox.o
                0x0800a2d4                TL_Enable
 .text.TL_Init  0x0800a2e0       0x74 ./Middlewares/ST/STM32_WPAN/interface/patterns/ble_thread/tl/tl_mbox.o
                0x0800a2e0                TL_Init
 .text.TL_BLE_Init
                0x0800a354       0x68 ./Middlewares/ST/STM32_WPAN/interface/patterns/ble_thread/tl/tl_mbox.o
                0x0800a354                TL_BLE_Init
 .text.TL_BLE_SendCmd
                0x0800a3bc       0x38 ./Middlewares/ST/STM32_WPAN/interface/patterns/ble_thread/tl/tl_mbox.o
                0x0800a3bc                TL_BLE_SendCmd
 .text.HW_IPCC_BLE_RxEvtNot
                0x0800a3f4       0x60 ./Middlewares/ST/STM32_WPAN/interface/patterns/ble_thread/tl/tl_mbox.o
                0x0800a3f4                HW_IPCC_BLE_RxEvtNot
 .text.HW_IPCC_BLE_AclDataAckNot
                0x0800a454       0x14 ./Middlewares/ST/STM32_WPAN/interface/patterns/ble_thread/tl/tl_mbox.o
                0x0800a454                HW_IPCC_BLE_AclDataAckNot
 .text.TL_SYS_Init
                0x0800a468       0x54 ./Middlewares/ST/STM32_WPAN/interface/patterns/ble_thread/tl/tl_mbox.o
                0x0800a468                TL_SYS_Init
 .text.TL_SYS_SendCmd
                0x0800a4bc       0x38 ./Middlewares/ST/STM32_WPAN/interface/patterns/ble_thread/tl/tl_mbox.o
                0x0800a4bc                TL_SYS_SendCmd
 .text.HW_IPCC_SYS_CmdEvtNot
                0x0800a4f4       0x2c ./Middlewares/ST/STM32_WPAN/interface/patterns/ble_thread/tl/tl_mbox.o
                0x0800a4f4                HW_IPCC_SYS_CmdEvtNot
 .text.HW_IPCC_SYS_EvtNot
                0x0800a520       0x44 ./Middlewares/ST/STM32_WPAN/interface/patterns/ble_thread/tl/tl_mbox.o
                0x0800a520                HW_IPCC_SYS_EvtNot
 .text.TL_MM_Init
                0x0800a564       0x78 ./Middlewares/ST/STM32_WPAN/interface/patterns/ble_thread/tl/tl_mbox.o
                0x0800a564                TL_MM_Init
 .text.TL_MM_EvtDone
                0x0800a5dc       0x30 ./Middlewares/ST/STM32_WPAN/interface/patterns/ble_thread/tl/tl_mbox.o
                0x0800a5dc                TL_MM_EvtDone
 .text.SendFreeBuf
                0x0800a60c       0x40 ./Middlewares/ST/STM32_WPAN/interface/patterns/ble_thread/tl/tl_mbox.o
 .text.TL_TRACES_Init
                0x0800a64c       0x24 ./Middlewares/ST/STM32_WPAN/interface/patterns/ble_thread/tl/tl_mbox.o
                0x0800a64c                TL_TRACES_Init
 .text.HW_IPCC_TRACES_EvtNot
                0x0800a670       0x34 ./Middlewares/ST/STM32_WPAN/interface/patterns/ble_thread/tl/tl_mbox.o
                0x0800a670                HW_IPCC_TRACES_EvtNot
 .text.TL_TRACES_EvtReceived
                0x0800a6a4       0x14 ./Middlewares/ST/STM32_WPAN/interface/patterns/ble_thread/tl/tl_mbox.o
                0x0800a6a4                TL_TRACES_EvtReceived
 .text.OutputDbgTrace
                0x0800a6b8       0xac ./Middlewares/ST/STM32_WPAN/interface/patterns/ble_thread/tl/tl_mbox.o
 .text.OTP_Read
                0x0800a764       0x50 ./Middlewares/ST/STM32_WPAN/utilities/otp.o
                0x0800a764                OTP_Read
 .text.LST_init_head
                0x0800a7b4       0x20 ./Middlewares/ST/STM32_WPAN/utilities/stm_list.o
                0x0800a7b4                LST_init_head
 .text.LST_is_empty
                0x0800a7d4       0x44 ./Middlewares/ST/STM32_WPAN/utilities/stm_list.o
                0x0800a7d4                LST_is_empty
 .text.LST_insert_head
                0x0800a818       0x4c ./Middlewares/ST/STM32_WPAN/utilities/stm_list.o
                0x0800a818                LST_insert_head
 .text.LST_insert_tail
                0x0800a864       0x4c ./Middlewares/ST/STM32_WPAN/utilities/stm_list.o
                0x0800a864                LST_insert_tail
 .text.LST_remove_node
                0x0800a8b0       0x42 ./Middlewares/ST/STM32_WPAN/utilities/stm_list.o
                0x0800a8b0                LST_remove_node
 .text.LST_remove_head
                0x0800a8f2       0x3e ./Middlewares/ST/STM32_WPAN/utilities/stm_list.o
                0x0800a8f2                LST_remove_head
 .text.LL_FLASH_GetUDN
                0x0800a930       0x18 ./STM32_WPAN/App/app_ble.o
 .text.LL_FLASH_GetDeviceID
                0x0800a948       0x18 ./STM32_WPAN/App/app_ble.o
 .text.LL_FLASH_GetSTCompanyID
                0x0800a960       0x18 ./STM32_WPAN/App/app_ble.o
 .text.APP_BLE_Init
                0x0800a978       0xb4 ./STM32_WPAN/App/app_ble.o
                0x0800a978                APP_BLE_Init
 .text.SVCCTL_App_Notification
                0x0800aa2c      0x19c ./STM32_WPAN/App/app_ble.o
                0x0800aa2c                SVCCTL_App_Notification
 .text.Ble_Tl_Init
                0x0800abc8       0x2c ./STM32_WPAN/App/app_ble.o
 .text.Ble_Hci_Gap_Gatt_Init
                0x0800abf4      0x168 ./STM32_WPAN/App/app_ble.o
 .text.Adv_Request
                0x0800ad5c       0x60 ./STM32_WPAN/App/app_ble.o
 .text.BleGetBdAddress
                0x0800adbc       0x88 ./STM32_WPAN/App/app_ble.o
 .text.Adv_Cancel
                0x0800ae44       0x34 ./STM32_WPAN/App/app_ble.o
 .text.hci_notify_asynch_evt
                0x0800ae78       0x18 ./STM32_WPAN/App/app_ble.o
                0x0800ae78                hci_notify_asynch_evt
 .text.hci_cmd_resp_release
                0x0800ae90       0x16 ./STM32_WPAN/App/app_ble.o
                0x0800ae90                hci_cmd_resp_release
 .text.hci_cmd_resp_wait
                0x0800aea6       0x16 ./STM32_WPAN/App/app_ble.o
                0x0800aea6                hci_cmd_resp_wait
 .text.BLE_UserEvtRx
                0x0800aebc       0x38 ./STM32_WPAN/App/app_ble.o
 .text.BLE_StatusNot
                0x0800aef4       0x36 ./STM32_WPAN/App/app_ble.o
 .text.Custom_STM_App_Notification
                0x0800af2a       0x28 ./STM32_WPAN/App/custom_app.o
                0x0800af2a                Custom_STM_App_Notification
 .text.Custom_APP_Notification
                0x0800af52       0x28 ./STM32_WPAN/App/custom_app.o
                0x0800af52                Custom_APP_Notification
 .text.Custom_APP_Init
                0x0800af7a        0xe ./STM32_WPAN/App/custom_app.o
                0x0800af7a                Custom_APP_Init
 .text.Custom_STM_Event_Handler
                0x0800af88       0xd4 ./STM32_WPAN/App/custom_stm.o
 .text.SVCCTL_InitCustomSvc
                0x0800b05c       0xec ./STM32_WPAN/App/custom_stm.o
                0x0800b05c                SVCCTL_InitCustomSvc
 .text.Custom_STM_App_Update_Char
                0x0800b148       0x4c ./STM32_WPAN/App/custom_stm.o
                0x0800b148                Custom_STM_App_Update_Char
 .text.LL_PWR_EnableBootC2
                0x0800b194       0x20 ./STM32_WPAN/Target/hw_ipcc.o
 .text.LL_C2_EXTI_EnableEvent_32_63
                0x0800b1b4       0x28 ./STM32_WPAN/Target/hw_ipcc.o
 .text.LL_EXTI_EnableRisingTrig_32_63
                0x0800b1dc       0x24 ./STM32_WPAN/Target/hw_ipcc.o
 .text.LL_AHB3_GRP1_EnableClock
                0x0800b200       0x32 ./STM32_WPAN/Target/hw_ipcc.o
 .text.LL_C2_AHB3_GRP1_EnableClock
                0x0800b232       0x38 ./STM32_WPAN/Target/hw_ipcc.o
 .text.LL_C1_IPCC_EnableIT_TXF
                0x0800b26a       0x20 ./STM32_WPAN/Target/hw_ipcc.o
 .text.LL_C1_IPCC_EnableIT_RXO
                0x0800b28a       0x20 ./STM32_WPAN/Target/hw_ipcc.o
 .text.LL_C1_IPCC_EnableTransmitChannel
                0x0800b2aa       0x26 ./STM32_WPAN/Target/hw_ipcc.o
 .text.LL_C1_IPCC_DisableTransmitChannel
                0x0800b2d0       0x24 ./STM32_WPAN/Target/hw_ipcc.o
 .text.LL_C1_IPCC_EnableReceiveChannel
                0x0800b2f4       0x24 ./STM32_WPAN/Target/hw_ipcc.o
 .text.LL_C1_IPCC_ClearFlag_CHx
                0x0800b318       0x1c ./STM32_WPAN/Target/hw_ipcc.o
 .text.LL_C1_IPCC_SetFlag_CHx
                0x0800b334       0x1e ./STM32_WPAN/Target/hw_ipcc.o
 .text.LL_C1_IPCC_IsActiveFlag_CHx
                0x0800b352       0x2a ./STM32_WPAN/Target/hw_ipcc.o
 .text.LL_C2_IPCC_IsActiveFlag_CHx
                0x0800b37c       0x2a ./STM32_WPAN/Target/hw_ipcc.o
 *fill*         0x0800b3a6        0x2 
 .text.HW_IPCC_Rx_Handler
                0x0800b3a8       0x6c ./STM32_WPAN/Target/hw_ipcc.o
                0x0800b3a8                HW_IPCC_Rx_Handler
 .text.HW_IPCC_Tx_Handler
                0x0800b414       0x6c ./STM32_WPAN/Target/hw_ipcc.o
                0x0800b414                HW_IPCC_Tx_Handler
 .text.HW_IPCC_Enable
                0x0800b480       0x28 ./STM32_WPAN/Target/hw_ipcc.o
                0x0800b480                HW_IPCC_Enable
 .text.HW_IPCC_Init
                0x0800b4a8       0x2c ./STM32_WPAN/Target/hw_ipcc.o
                0x0800b4a8                HW_IPCC_Init
 .text.HW_IPCC_BLE_Init
                0x0800b4d4       0x14 ./STM32_WPAN/Target/hw_ipcc.o
                0x0800b4d4                HW_IPCC_BLE_Init
 .text.HW_IPCC_BLE_SendCmd
                0x0800b4e8       0x14 ./STM32_WPAN/Target/hw_ipcc.o
                0x0800b4e8                HW_IPCC_BLE_SendCmd
 .text.HW_IPCC_BLE_EvtHandler
                0x0800b4fc       0x18 ./STM32_WPAN/Target/hw_ipcc.o
 .text.HW_IPCC_BLE_AclDataEvtHandler
                0x0800b514       0x18 ./STM32_WPAN/Target/hw_ipcc.o
 .text.HW_IPCC_SYS_Init
                0x0800b52c       0x14 ./STM32_WPAN/Target/hw_ipcc.o
                0x0800b52c                HW_IPCC_SYS_Init
 .text.HW_IPCC_SYS_SendCmd
                0x0800b540       0x1c ./STM32_WPAN/Target/hw_ipcc.o
                0x0800b540                HW_IPCC_SYS_SendCmd
 .text.HW_IPCC_SYS_CmdEvtHandler
                0x0800b55c       0x18 ./STM32_WPAN/Target/hw_ipcc.o
 .text.HW_IPCC_SYS_EvtHandler
                0x0800b574       0x18 ./STM32_WPAN/Target/hw_ipcc.o
 .text.HW_IPCC_MM_SendFreeBuf
                0x0800b58c       0x44 ./STM32_WPAN/Target/hw_ipcc.o
                0x0800b58c                HW_IPCC_MM_SendFreeBuf
 .text.HW_IPCC_MM_FreeBufHandler
                0x0800b5d0       0x28 ./STM32_WPAN/Target/hw_ipcc.o
 .text.HW_IPCC_TRACES_Init
                0x0800b5f8       0x14 ./STM32_WPAN/Target/hw_ipcc.o
                0x0800b5f8                HW_IPCC_TRACES_Init
 .text.HW_IPCC_TRACES_EvtHandler
                0x0800b60c       0x18 ./STM32_WPAN/Target/hw_ipcc.o
 .text.UTIL_LPM_Init
                0x0800b624       0x24 ./Utilities/lpm/tiny_lpm/stm32_lpm.o
                0x0800b624                UTIL_LPM_Init
 .text.UTIL_LPM_SetOffMode
                0x0800b648       0x60 ./Utilities/lpm/tiny_lpm/stm32_lpm.o
                0x0800b648                UTIL_LPM_SetOffMode
 .text.UTIL_SEQ_Run
                0x0800b6a8      0x1f8 ./Utilities/sequencer/stm32_seq.o
                0x0800b6a8                UTIL_SEQ_Run
 .text.UTIL_SEQ_RegTask
                0x0800b8a0       0x44 ./Utilities/sequencer/stm32_seq.o
                0x0800b8a0                UTIL_SEQ_RegTask
 .text.UTIL_SEQ_SetTask
                0x0800b8e4       0x58 ./Utilities/sequencer/stm32_seq.o
                0x0800b8e4                UTIL_SEQ_SetTask
 .text.UTIL_SEQ_PauseTask
                0x0800b93c       0x40 ./Utilities/sequencer/stm32_seq.o
                0x0800b93c                UTIL_SEQ_PauseTask
 .text.UTIL_SEQ_ResumeTask
                0x0800b97c       0x40 ./Utilities/sequencer/stm32_seq.o
                0x0800b97c                UTIL_SEQ_ResumeTask
 .text.UTIL_SEQ_SetEvt
                0x0800b9bc       0x40 ./Utilities/sequencer/stm32_seq.o
                0x0800b9bc                UTIL_SEQ_SetEvt
 .text.UTIL_SEQ_WaitEvt
                0x0800b9fc       0x94 ./Utilities/sequencer/stm32_seq.o
                0x0800b9fc                UTIL_SEQ_WaitEvt
 .text.UTIL_SEQ_PreIdle
                0x0800ba90        0xe ./Utilities/sequencer/stm32_seq.o
                0x0800ba90                UTIL_SEQ_PreIdle
 .text.UTIL_SEQ_PostIdle
                0x0800ba9e        0xe ./Utilities/sequencer/stm32_seq.o
                0x0800ba9e                UTIL_SEQ_PostIdle
 .text.SEQ_BitPosition
                0x0800baac       0x70 ./Utilities/sequencer/stm32_seq.o
                0x0800baac                SEQ_BitPosition
 .text.memcmp   0x0800bb1c       0x20 /opt/stm32cubeide/plugins/com.st.stm32cube.ide.mcu.externaltools.gnu-tools-for-stm32.12.3.rel1.linux64_1.0.200.202406132123/tools/bin/../lib/gcc/arm-none-eabi/12.3.1/../../../../arm-none-eabi/lib/thumb/v7e-m+fp/hard/libc_nano.a(libc_a-memcmp.o)
                0x0800bb1c                memcmp
 .text.memset   0x0800bb3c       0x10 /opt/stm32cubeide/plugins/com.st.stm32cube.ide.mcu.externaltools.gnu-tools-for-stm32.12.3.rel1.linux64_1.0.200.202406132123/tools/bin/../lib/gcc/arm-none-eabi/12.3.1/../../../../arm-none-eabi/lib/thumb/v7e-m+fp/hard/libc_nano.a(libc_a-memset.o)
                0x0800bb3c                memset
 .text.__errno  0x0800bb4c        0xc /opt/stm32cubeide/plugins/com.st.stm32cube.ide.mcu.externaltools.gnu-tools-for-stm32.12.3.rel1.linux64_1.0.200.202406132123/tools/bin/../lib/gcc/arm-none-eabi/12.3.1/../../../../arm-none-eabi/lib/thumb/v7e-m+fp/hard/libc_nano.a(libc_a-errno.o)
                0x0800bb4c                __errno
 .text.__libc_init_array
                0x0800bb58       0x48 /opt/stm32cubeide/plugins/com.st.stm32cube.ide.mcu.externaltools.gnu-tools-for-stm32.12.3.rel1.linux64_1.0.200.202406132123/tools/bin/../lib/gcc/arm-none-eabi/12.3.1/../../../../arm-none-eabi/lib/thumb/v7e-m+fp/hard/libc_nano.a(libc_a-init.o)
                0x0800bb58                __libc_init_array
 .text.memcpy   0x0800bba0       0x1c /opt/stm32cubeide/plugins/com.st.stm32cube.ide.mcu.externaltools.gnu-tools-for-stm32.12.3.rel1.linux64_1.0.200.202406132123/tools/bin/../lib/gcc/arm-none-eabi/12.3.1/../../../../arm-none-eabi/lib/thumb/v7e-m+fp/hard/libc_nano.a(libc_a-memcpy-stub.o)
                0x0800bba0                memcpy
 .text.sqrt     0x0800bbbc       0x58 /opt/stm32cubeide/plugins/com.st.stm32cube.ide.mcu.externaltools.gnu-tools-for-stm32.12.3.rel1.linux64_1.0.200.202406132123/tools/bin/../lib/gcc/arm-none-eabi/12.3.1/../../../../arm-none-eabi/lib/thumb/v7e-m+fp/hard/libm.a(libm_a-w_sqrt.o)
                0x0800bbbc                sqrt
 .text.__ieee754_sqrt
                0x0800bc14      0x1b4 /opt/stm32cubeide/plugins/com.st.stm32cube.ide.mcu.externaltools.gnu-tools-for-stm32.12.3.rel1.linux64_1.0.200.202406132123/tools/bin/../lib/gcc/arm-none-eabi/12.3.1/../../../../arm-none-eabi/lib/thumb/v7e-m+fp/hard/libm.a(libm_a-e_sqrt.o)
                0x0800bc14                __ieee754_sqrt
 *(.glue_7)
 .glue_7        0x0800bdc8        0x0 linker stubs
 *(.glue_7t)
 .glue_7t       0x0800bdc8        0x0 linker stubs
 *(.eh_frame)
 .eh_frame      0x0800bdc8        0x0 /opt/stm32cubeide/plugins/com.st.stm32cube.ide.mcu.externaltools.gnu-tools-for-stm32.12.3.rel1.linux64_1.0.200.202406132123/tools/bin/../lib/gcc/arm-none-eabi/12.3.1/thumb/v7e-m+fp/hard/crtbegin.o
 *(.init)
 .init          0x0800bdc8        0x4 /opt/stm32cubeide/plugins/com.st.stm32cube.ide.mcu.externaltools.gnu-tools-for-stm32.12.3.rel1.linux64_1.0.200.202406132123/tools/bin/../lib/gcc/arm-none-eabi/12.3.1/thumb/v7e-m+fp/hard/crti.o
                0x0800bdc8                _init
 .init          0x0800bdcc        0x8 /opt/stm32cubeide/plugins/com.st.stm32cube.ide.mcu.externaltools.gnu-tools-for-stm32.12.3.rel1.linux64_1.0.200.202406132123/tools/bin/../lib/gcc/arm-none-eabi/12.3.1/thumb/v7e-m+fp/hard/crtn.o
 *(.fini)
 .fini          0x0800bdd4        0x4 /opt/stm32cubeide/plugins/com.st.stm32cube.ide.mcu.externaltools.gnu-tools-for-stm32.12.3.rel1.linux64_1.0.200.202406132123/tools/bin/../lib/gcc/arm-none-eabi/12.3.1/thumb/v7e-m+fp/hard/crti.o
                0x0800bdd4                _fini
 .fini          0x0800bdd8        0x8 /opt/stm32cubeide/plugins/com.st.stm32cube.ide.mcu.externaltools.gnu-tools-for-stm32.12.3.rel1.linux64_1.0.200.202406132123/tools/bin/../lib/gcc/arm-none-eabi/12.3.1/thumb/v7e-m+fp/hard/crtn.o
                0x0800bde0                        . = ALIGN (0x4)
                0x0800bde0                        _etext = .

.vfp11_veneer   0x0800bde0        0x0
 .vfp11_veneer  0x0800bde0        0x0 linker stubs

.v4_bx          0x0800bde0        0x0
 .v4_bx         0x0800bde0        0x0 linker stubs

.iplt           0x0800bde0        0x0
 .iplt          0x0800bde0        0x0 /opt/stm32cubeide/plugins/com.st.stm32cube.ide.mcu.externaltools.gnu-tools-for-stm32.12.3.rel1.linux64_1.0.200.202406132123/tools/bin/../lib/gcc/arm-none-eabi/12.3.1/thumb/v7e-m+fp/hard/crtbegin.o

.rodata         0x0800bde0     0x3b74
                0x0800bde0                        . = ALIGN (0x4)
 *(.rodata)
 .rodata        0x0800bde0       0x1b ./Core/Src/app_debug.o
 *fill*         0x0800bdfb        0x1 
 .rodata        0x0800bdfc       0x20 ./Drivers/STM32WBxx_HAL_Driver/Src/stm32wbxx_hal_rcc.o
 .rodata        0x0800be1c       0x45 ./STM32_WPAN/App/app_ble.o
 *(.rodata*)
 *fill*         0x0800be61        0x3 
 .rodata.dmp3_image
                0x0800be64     0x37dd ./Core/Src/ICM_20948_INV.o
                0x0800be64                dmp3_image
 *fill*         0x0800f641        0x3 
 .rodata.DMP_Quat9_Byte_Ordering
                0x0800f644       0x38 ./Core/Src/ICM_20948_INV.o
                0x0800f644                DMP_Quat9_Byte_Ordering
 .rodata.DMP_Quat6_Byte_Ordering
                0x0800f67c       0x30 ./Core/Src/ICM_20948_INV.o
                0x0800f67c                DMP_Quat6_Byte_Ordering
 .rodata.DMP_PQuat6_Byte_Ordering
                0x0800f6ac       0x18 ./Core/Src/ICM_20948_INV.o
                0x0800f6ac                DMP_PQuat6_Byte_Ordering
 .rodata.DMP_Raw_Gyro_Byte_Ordering
                0x0800f6c4       0x30 ./Core/Src/ICM_20948_INV.o
                0x0800f6c4                DMP_Raw_Gyro_Byte_Ordering
 .rodata.DMP_Activity_Recognition_Byte_Ordering
                0x0800f6f4       0x18 ./Core/Src/ICM_20948_INV.o
                0x0800f6f4                DMP_Activity_Recognition_Byte_Ordering
 .rodata.DMP_Secondary_On_Off_Byte_Ordering
                0x0800f70c        0x8 ./Core/Src/ICM_20948_INV.o
                0x0800f70c                DMP_Secondary_On_Off_Byte_Ordering
 .rodata.inv_androidSensor_to_control_bits
                0x0800f714       0x58 ./Core/Src/ICM_20948_INV.o
                0x0800f714                inv_androidSensor_to_control_bits
 .rodata.aGpioConfigList
                0x0800f76c      0x130 ./Core/Src/app_debug.o
 .rodata.AHBPrescTable
                0x0800f89c       0x40 ./Core/Src/system_stm32wbxx.o
                0x0800f89c                AHBPrescTable
 .rodata.MSIRangeTable
                0x0800f8dc       0x40 ./Core/Src/system_stm32wbxx.o
                0x0800f8dc                MSIRangeTable
 .rodata.a_MBdAddr
                0x0800f91c        0x6 ./STM32_WPAN/App/app_ble.o
 *fill*         0x0800f922        0x2 
 .rodata.a_BLE_CfgIrValue
                0x0800f924       0x10 ./STM32_WPAN/App/app_ble.o
 .rodata.a_BLE_CfgErValue
                0x0800f934       0x10 ./STM32_WPAN/App/app_ble.o
 .rodata.SEQ_clz_table_4bit
                0x0800f944       0x10 ./Utilities/sequencer/stm32_seq.o
                0x0800f944                SEQ_clz_table_4bit
                0x0800f954                        . = ALIGN (0x4)

.ARM.extab
 *(.ARM.extab* .gnu.linkonce.armextab.*)

.ARM            0x0800f954        0x8
                0x0800f954                        __exidx_start = .
 *(.ARM.exidx*)
 .ARM.exidx     0x0800f954        0x8 /opt/stm32cubeide/plugins/com.st.stm32cube.ide.mcu.externaltools.gnu-tools-for-stm32.12.3.rel1.linux64_1.0.200.202406132123/tools/bin/../lib/gcc/arm-none-eabi/12.3.1/../../../../arm-none-eabi/lib/thumb/v7e-m+fp/hard/libc_nano.a(libc_a-strlen.o)
 .ARM.exidx     0x0800f95c        0x0 /opt/stm32cubeide/plugins/com.st.stm32cube.ide.mcu.externaltools.gnu-tools-for-stm32.12.3.rel1.linux64_1.0.200.202406132123/tools/bin/../lib/gcc/arm-none-eabi/12.3.1/thumb/v7e-m+fp/hard/libgcc.a(_udivmoddi4.o)
                                  0x8 (size before relaxing)
                0x0800f95c                        __exidx_end = .

.rel.dyn        0x0800f95c        0x0
 .rel.iplt      0x0800f95c        0x0 /opt/stm32cubeide/plugins/com.st.stm32cube.ide.mcu.externaltools.gnu-tools-for-stm32.12.3.rel1.linux64_1.0.200.202406132123/tools/bin/../lib/gcc/arm-none-eabi/12.3.1/thumb/v7e-m+fp/hard/crtbegin.o

.preinit_array  0x0800f95c        0x0
                0x0800f95c                        PROVIDE (__preinit_array_start = .)
 *(.preinit_array*)
                0x0800f95c                        PROVIDE (__preinit_array_end = .)

.init_array     0x0800f95c        0x4
                0x0800f95c                        PROVIDE (__init_array_start = .)
 *(SORT_BY_NAME(.init_array.*))
 *(.init_array*)
 .init_array    0x0800f95c        0x4 /opt/stm32cubeide/plugins/com.st.stm32cube.ide.mcu.externaltools.gnu-tools-for-stm32.12.3.rel1.linux64_1.0.200.202406132123/tools/bin/../lib/gcc/arm-none-eabi/12.3.1/thumb/v7e-m+fp/hard/crtbegin.o
                0x0800f960                        PROVIDE (__init_array_end = .)

.fini_array     0x0800f960        0x4
                [!provide]                        PROVIDE (__fini_array_start = .)
 *(SORT_BY_NAME(.fini_array.*))
 *(.fini_array*)
 .fini_array    0x0800f960        0x4 /opt/stm32cubeide/plugins/com.st.stm32cube.ide.mcu.externaltools.gnu-tools-for-stm32.12.3.rel1.linux64_1.0.200.202406132123/tools/bin/../lib/gcc/arm-none-eabi/12.3.1/thumb/v7e-m+fp/hard/crtbegin.o
                [!provide]                        PROVIDE (__fini_array_end = .)
                0x0800f964                        _sidata = LOADADDR (.data)

.data           0x20000008       0x98 load address 0x0800f964
                0x20000008                        . = ALIGN (0x4)
                0x20000008                        _sdata = .
 *(.data)
 *(.data*)
 .data.STBY_DebugGpioaPinList
                0x20000008        0x2 ./Core/Src/standby.o
                0x20000008                STBY_DebugGpioaPinList
 .data.STBY_DebugGpiobPinList
                0x2000000a        0x2 ./Core/Src/standby.o
                0x2000000a                STBY_DebugGpiobPinList
 .data.STBY_DebugGpiocPinList
                0x2000000c        0x2 ./Core/Src/standby.o
                0x2000000c                STBY_DebugGpiocPinList
 .data.STBY_DtbGpioaPinList
                0x2000000e        0x2 ./Core/Src/standby.o
                0x2000000e                STBY_DtbGpioaPinList
 .data.STBY_DtbGpiobPinList
                0x20000010        0x2 ./Core/Src/standby.o
                0x20000010                STBY_DtbGpiobPinList
 *fill*         0x20000012        0x2 
 .data.SystemCoreClock
                0x20000014        0x4 ./Core/Src/system_stm32wbxx.o
                0x20000014                SystemCoreClock
 .data.uwTickPrio
                0x20000018        0x4 ./Drivers/STM32WBxx_HAL_Driver/Src/stm32wbxx_hal.o
                0x20000018                uwTickPrio
 .data.uwTickFreq
                0x2000001c        0x1 ./Drivers/STM32WBxx_HAL_Driver/Src/stm32wbxx_hal.o
                0x2000001c                uwTickFreq
 *fill*         0x2000001d        0x3 
 .data.a_AdvData
                0x20000020       0x10 ./STM32_WPAN/App/app_ble.o
                0x20000020                a_AdvData
 .data.SizeInfo_C
                0x20000030        0x2 ./STM32_WPAN/App/custom_stm.o
                0x20000030                SizeInfo_C
 *fill*         0x20000032        0x2 
 .data.TaskMask
                0x20000034        0x4 ./Utilities/sequencer/stm32_seq.o
 .data.SuperMask
                0x20000038        0x4 ./Utilities/sequencer/stm32_seq.o
 .data._impure_ptr
                0x2000003c        0x4 /opt/stm32cubeide/plugins/com.st.stm32cube.ide.mcu.externaltools.gnu-tools-for-stm32.12.3.rel1.linux64_1.0.200.202406132123/tools/bin/../lib/gcc/arm-none-eabi/12.3.1/../../../../arm-none-eabi/lib/thumb/v7e-m+fp/hard/libc_nano.a(libc_a-impure.o)
                0x2000003c                _impure_ptr
 .data._impure_data
                0x20000040       0x4c /opt/stm32cubeide/plugins/com.st.stm32cube.ide.mcu.externaltools.gnu-tools-for-stm32.12.3.rel1.linux64_1.0.200.202406132123/tools/bin/../lib/gcc/arm-none-eabi/12.3.1/../../../../arm-none-eabi/lib/thumb/v7e-m+fp/hard/libc_nano.a(libc_a-impure.o)
                0x20000040                _impure_data
 *fill*         0x2000008c        0x4 
 .data.tiny     0x20000090        0x8 /opt/stm32cubeide/plugins/com.st.stm32cube.ide.mcu.externaltools.gnu-tools-for-stm32.12.3.rel1.linux64_1.0.200.202406132123/tools/bin/../lib/gcc/arm-none-eabi/12.3.1/../../../../arm-none-eabi/lib/thumb/v7e-m+fp/hard/libm.a(libm_a-e_sqrt.o)
 .data.one      0x20000098        0x8 /opt/stm32cubeide/plugins/com.st.stm32cube.ide.mcu.externaltools.gnu-tools-for-stm32.12.3.rel1.linux64_1.0.200.202406132123/tools/bin/../lib/gcc/arm-none-eabi/12.3.1/../../../../arm-none-eabi/lib/thumb/v7e-m+fp/hard/libm.a(libm_a-e_sqrt.o)
 *(.RamFunc)
 *(.RamFunc*)
                0x200000a0                        . = ALIGN (0x4)
                0x200000a0                        _edata = .

.igot.plt       0x200000a0        0x0 load address 0x0800f9fc
 .igot.plt      0x200000a0        0x0 /opt/stm32cubeide/plugins/com.st.stm32cube.ide.mcu.externaltools.gnu-tools-for-stm32.12.3.rel1.linux64_1.0.200.202406132123/tools/bin/../lib/gcc/arm-none-eabi/12.3.1/thumb/v7e-m+fp/hard/crtbegin.o

BLE_DRIVER_CONTEXT
                0x200000a0       0x35 load address 0x0800f9fc
 BLE_DRIVER_CONTEXT
                0x200000a0       0x21 ./Middlewares/ST/STM32_WPAN/ble/svc/Src/svc_ctl.o
                0x200000a0                SVCCTL_EvtHandler
                0x200000c0                SVCCTL_CltHandler
 *fill*         0x200000c1        0x3 
 BLE_DRIVER_CONTEXT
                0x200000c4       0x11 ./Middlewares/ST/STM32_WPAN/interface/patterns/ble_thread/tl/hci_tl.o
                0x200000d4                UserEventFlow

SYSTEM_DRIVER_CONTEXT
                0x200000d8       0x11 load address 0x0800fa31
 SYSTEM_DRIVER_CONTEXT
                0x200000d8       0x11 ./Middlewares/ST/STM32_WPAN/interface/patterns/ble_thread/tl/shci_tl.o
                0x200000e8                SHCI_TL_UserEventFlow
                0x200000ec                        . = ALIGN (0x4)

.bss            0x200000f0      0x6d8 load address 0x0800fa42
                0x200000f0                        _sbss = .
                0x200000f0                        __bss_start__ = _sbss
 *(.bss)
 .bss           0x200000f0       0x1c /opt/stm32cubeide/plugins/com.st.stm32cube.ide.mcu.externaltools.gnu-tools-for-stm32.12.3.rel1.linux64_1.0.200.202406132123/tools/bin/../lib/gcc/arm-none-eabi/12.3.1/thumb/v7e-m+fp/hard/crtbegin.o
 *(.bss*)
 .bss.i2c_bus   0x2000010c       0x54 ./Core/Src/ICM_20948_INV.o
                0x2000010c                i2c_bus
 .bss.status    0x20000160        0x1 ./Core/Src/ICM_20948_INV.o
                0x20000160                status
 *fill*         0x20000161        0x3 
 .bss.aTimerContext
                0x20000164       0x90 ./Core/Src/hw_timerserver.o
 .bss.CurrentRunningTimerID
                0x200001f4        0x1 ./Core/Src/hw_timerserver.o
 .bss.PreviousRunningTimerID
                0x200001f5        0x1 ./Core/Src/hw_timerserver.o
 *fill*         0x200001f6        0x2 
 .bss.SSRValueOnLastSetup
                0x200001f8        0x4 ./Core/Src/hw_timerserver.o
 .bss.WakeupTimerLimitation
                0x200001fc        0x1 ./Core/Src/hw_timerserver.o
 .bss.WakeupTimerDivider
                0x200001fd        0x1 ./Core/Src/hw_timerserver.o
 .bss.AsynchPrescalerUserConfig
                0x200001fe        0x1 ./Core/Src/hw_timerserver.o
 *fill*         0x200001ff        0x1 
 .bss.SynchPrescalerUserConfig
                0x20000200        0x2 ./Core/Src/hw_timerserver.o
 .bss.MaxWakeupTimerSetup
                0x20000202        0x2 ./Core/Src/hw_timerserver.o
 .bss.hi2c1     0x20000204       0x54 ./Core/Src/main.o
                0x20000204                hi2c1
 .bss.hipcc     0x20000258       0x3c ./Core/Src/main.o
                0x20000258                hipcc
 .bss.hrtc      0x20000294       0x24 ./Core/Src/main.o
                0x20000294                hrtc
 .bss.char_buf  0x200002b8      0x200 ./Core/Src/main.o
                0x200002b8                char_buf
 .bss.q0        0x200004b8        0x8 ./Core/Src/main.o
                0x200004b8                q0
 .bss.q1        0x200004c0        0x8 ./Core/Src/main.o
                0x200004c0                q1
 .bss.q2        0x200004c8        0x8 ./Core/Src/main.o
                0x200004c8                q2
 .bss.q3        0x200004d0        0x8 ./Core/Src/main.o
                0x200004d0                q3
 .bss.uwTick    0x200004d8        0x4 ./Drivers/STM32WBxx_HAL_Driver/Src/stm32wbxx_hal.o
                0x200004d8                uwTick
 .bss.hciContext
                0x200004dc       0x20 ./Middlewares/ST/STM32_WPAN/interface/patterns/ble_thread/tl/hci_tl.o
 .bss.HciCmdEventQueue
                0x200004fc        0x8 ./Middlewares/ST/STM32_WPAN/interface/patterns/ble_thread/tl/hci_tl.o
 .bss.StatusNotCallBackFunction
                0x20000504        0x4 ./Middlewares/ST/STM32_WPAN/interface/patterns/ble_thread/tl/hci_tl.o
 .bss.CmdRspStatusFlag
                0x20000508        0x1 ./Middlewares/ST/STM32_WPAN/interface/patterns/ble_thread/tl/hci_tl.o
 *fill*         0x20000509        0x3 
 .bss.shciContext
                0x2000050c       0x20 ./Middlewares/ST/STM32_WPAN/interface/patterns/ble_thread/tl/shci_tl.o
 .bss.StatusNotCallBackFunction
                0x2000052c        0x4 ./Middlewares/ST/STM32_WPAN/interface/patterns/ble_thread/tl/shci_tl.o
 .bss.CmdRspStatusFlag
                0x20000530        0x1 ./Middlewares/ST/STM32_WPAN/interface/patterns/ble_thread/tl/shci_tl.o
 *fill*         0x20000531        0x3 
 .bss.LocalFreeBufQueue
                0x20000534        0x8 ./Middlewares/ST/STM32_WPAN/interface/patterns/ble_thread/tl/tl_mbox.o
 .bss.BLE_IoBusEvtCallBackFunction
                0x2000053c        0x4 ./Middlewares/ST/STM32_WPAN/interface/patterns/ble_thread/tl/tl_mbox.o
 .bss.BLE_IoBusAclDataTxAck
                0x20000540        0x4 ./Middlewares/ST/STM32_WPAN/interface/patterns/ble_thread/tl/tl_mbox.o
 .bss.SYS_CMD_IoBusCallBackFunction
                0x20000544        0x4 ./Middlewares/ST/STM32_WPAN/interface/patterns/ble_thread/tl/tl_mbox.o
 .bss.SYS_EVT_IoBusCallBackFunction
                0x20000548        0x4 ./Middlewares/ST/STM32_WPAN/interface/patterns/ble_thread/tl/tl_mbox.o
 .bss.p_mem_manager_table.0
                0x2000054c        0x4 ./Middlewares/ST/STM32_WPAN/interface/patterns/ble_thread/tl/tl_mbox.o
 .bss.a_BdAddrUdn
                0x20000550        0x6 ./STM32_WPAN/App/app_ble.o
 *fill*         0x20000556        0x2 
 .bss.BleApplicationContext
                0x20000558       0x84 ./STM32_WPAN/App/app_ble.o
 .bss.HandleNotification
                0x200005dc        0x4 ./STM32_WPAN/App/app_ble.o
                0x200005dc                HandleNotification
 .bss.CustomContext
                0x200005e0        0x4 ./STM32_WPAN/App/custom_stm.o
 .bss.FreeBufCb
                0x200005e4        0x4 ./STM32_WPAN/Target/hw_ipcc.o
 .bss.StopModeDisable
                0x200005e8        0x4 ./Utilities/lpm/tiny_lpm/stm32_lpm.o
 .bss.OffModeDisable
                0x200005ec        0x4 ./Utilities/lpm/tiny_lpm/stm32_lpm.o
 .bss.TaskSet   0x200005f0        0x4 ./Utilities/sequencer/stm32_seq.o
 .bss.EvtSet    0x200005f4        0x4 ./Utilities/sequencer/stm32_seq.o
 .bss.EvtWaited
                0x200005f8        0x4 ./Utilities/sequencer/stm32_seq.o
 .bss.CurrentTaskIdx
                0x200005fc        0x4 ./Utilities/sequencer/stm32_seq.o
 .bss.TaskCb    0x20000600       0x80 ./Utilities/sequencer/stm32_seq.o
 .bss.TaskPrio  0x20000680       0x10 ./Utilities/sequencer/stm32_seq.o
 .bss.__sf      0x20000690      0x138 /opt/stm32cubeide/plugins/com.st.stm32cube.ide.mcu.externaltools.gnu-tools-for-stm32.12.3.rel1.linux64_1.0.200.202406132123/tools/bin/../lib/gcc/arm-none-eabi/12.3.1/../../../../arm-none-eabi/lib/thumb/v7e-m+fp/hard/libc_nano.a(libc_a-findfp.o)
                0x20000690                __sf
 *(COMMON)
                0x200007c8                        . = ALIGN (0x4)
                0x200007c8                        _ebss = .
                0x200007c8                        __bss_end__ = _ebss

._user_heap_stack
                0x200007c8      0x600 load address 0x0800fa42
                0x200007c8                        . = ALIGN (0x8)
                [!provide]                        PROVIDE (end = .)
                0x200007c8                        PROVIDE (_end = .)
                0x200009c8                        . = (. + _Min_Heap_Size)
 *fill*         0x200007c8      0x200 
                0x20000dc8                        . = (. + _Min_Stack_Size)
 *fill*         0x200009c8      0x400 
                0x20000dc8                        . = ALIGN (0x8)

/DISCARD/
 libc.a(*)
 libm.a(*)
 libgcc.a(*)

.ARM.attributes
                0x00000000       0x30
 *(.ARM.attributes)
 .ARM.attributes
                0x00000000       0x22 /opt/stm32cubeide/plugins/com.st.stm32cube.ide.mcu.externaltools.gnu-tools-for-stm32.12.3.rel1.linux64_1.0.200.202406132123/tools/bin/../lib/gcc/arm-none-eabi/12.3.1/thumb/v7e-m+fp/hard/crti.o
 .ARM.attributes
                0x00000022       0x34 /opt/stm32cubeide/plugins/com.st.stm32cube.ide.mcu.externaltools.gnu-tools-for-stm32.12.3.rel1.linux64_1.0.200.202406132123/tools/bin/../lib/gcc/arm-none-eabi/12.3.1/thumb/v7e-m+fp/hard/crtbegin.o
 .ARM.attributes
                0x00000056       0x34 ./Core/Src/ICM_20948_INV.o
 .ARM.attributes
                0x0000008a       0x34 ./Core/Src/app_debug.o
 .ARM.attributes
                0x000000be       0x34 ./Core/Src/app_entry.o
 .ARM.attributes
                0x000000f2       0x34 ./Core/Src/hw_timerserver.o
 .ARM.attributes
                0x00000126       0x34 ./Core/Src/main.o
 .ARM.attributes
                0x0000015a       0x34 ./Core/Src/pb_helper.o
 .ARM.attributes
                0x0000018e       0x34 ./Core/Src/standby.o
 .ARM.attributes
                0x000001c2       0x34 ./Core/Src/stm32wbxx_hal_msp.o
 .ARM.attributes
                0x000001f6       0x34 ./Core/Src/stm32wbxx_it.o
 .ARM.attributes
                0x0000022a       0x34 ./Core/Src/system_stm32wbxx.o
 .ARM.attributes
                0x0000025e       0x21 ./Core/Startup/startup_stm32wb10ccux.o
 .ARM.attributes
                0x0000027f       0x34 ./Drivers/STM32WBxx_HAL_Driver/Src/stm32wbxx_hal.o
 .ARM.attributes
                0x000002b3       0x34 ./Drivers/STM32WBxx_HAL_Driver/Src/stm32wbxx_hal_cortex.o
 .ARM.attributes
                0x000002e7       0x34 ./Drivers/STM32WBxx_HAL_Driver/Src/stm32wbxx_hal_gpio.o
 .ARM.attributes
                0x0000031b       0x34 ./Drivers/STM32WBxx_HAL_Driver/Src/stm32wbxx_hal_hsem.o
 .ARM.attributes
                0x0000034f       0x34 ./Drivers/STM32WBxx_HAL_Driver/Src/stm32wbxx_hal_i2c.o
 .ARM.attributes
                0x00000383       0x34 ./Drivers/STM32WBxx_HAL_Driver/Src/stm32wbxx_hal_i2c_ex.o
 .ARM.attributes