../STM32_WPAN/App/app_ble.c:1170:13:BLE_UserEvtRx	8	static
../STM32_WPAN/App/app_ble.c:1060:13:Adv_Cancel	8	static
../STM32_WPAN/App/app_ble.c:1190:13:BLE_StatusNot	0	static
../STM32_WPAN/App/app_ble.c:959:13:Adv_Request.constprop	40	static
../STM32_WPAN/App/app_ble.c:263:6:APP_BLE_Init	120	static
../STM32_WPAN/App/app_ble.c:408:28:SVCCTL_App_Notification	8	static
../STM32_WPAN/App/app_ble.c:678:22:APP_BLE_Get_Server_Connection_Status	0	static
../STM32_WPAN/App/app_ble.c:1149:6:hci_notify_asynch_evt	0	static
../STM32_WPAN/App/app_ble.c:1156:6:hci_cmd_resp_release	0	static
../STM32_WPAN/App/app_ble.c:1163:6:hci_cmd_resp_wait	0	static
../STM32_WPAN/App/app_ble.c:1229:6:SVCCTL_ResumeUserEventFlow	0	static
